../Core/Src/UART_Hal.cpp:16:1:UartBase::UartBase(USART_TypeDef*, UART_HandleTypeDef*)	24	static
../Core/Src/UART_Hal.cpp:20:1:UartBase::~UartBase()	16	static
../Core/Src/UART_Hal.cpp:34:6:void UartBase::init()	16	static
../Core/Src/UART_Hal.cpp:52:19:HAL_StatusTypeDef UartBase::write(uint8_t*, uint16_t, uint32_t)	24	static
../Core/Src/UART_Hal.cpp:60:1:UartIT::UartIT(USART_TypeDef*, UART_HandleTypeDef*)	24	static
../Core/Src/UART_Hal.cpp:72:1:UartIT::~UartIT()	16	static
../Core/Src/UART_Hal.cpp:77:6:static void UartIT::TxCpltCallback(UART_HandleTypeDef*)	32	static
../Core/Src/UART_Hal.cpp:85:6:static void UartIT::RxEventCallback(UART_HandleTypeDef*, uint16_t)	32	static
../Core/Src/UART_Hal.cpp:93:19:virtual HAL_StatusTypeDef UartIT::write(uint8_t*, uint16_t)	24	static
../Core/Src/UART_Hal.cpp:99:10:uint16_t UartIT::read(uint8_t*, uint16_t)	24	static
../Core/Src/UART_Hal.cpp:103:19:virtual HAL_StatusTypeDef UartIT::start_read()	16	static
../Core/Src/UART_Hal.cpp:108:6:virtual void UartIT::put(uint16_t, uint16_t)	16	static
../Core/Src/UART_Hal.cpp:113:6:bool UartIT::is_tx_done()	16	static
../Core/Src/UART_Hal.cpp:121:1:UartDMA::UartDMA(USART_TypeDef*, UART_HandleTypeDef*)	24	static
../Core/Src/UART_Hal.cpp:125:1:UartDMA::~UartDMA()	16	static
../Core/Src/UART_Hal.cpp:128:19:virtual HAL_StatusTypeDef UartDMA::write(uint8_t*, uint16_t)	32	static
../Core/Src/UART_Hal.cpp:138:19:virtual HAL_StatusTypeDef UartDMA::start_read()	16	static
../Core/Src/UART_Hal.cpp:144:6:virtual void UartDMA::put(uint16_t, uint16_t)	24	static
../Core/Inc/ISR_Hal.h:38:5:ISR<T, MAX>::ISR() [with T = UartIT; unsigned int MAX = 2]	24	static
../Core/Inc/CircularBuffer.h:19:5:CircularBuffer<T, N>::CircularBuffer() [with T = unsigned char; short unsigned int N = 128]	16	static
../Core/Inc/ISR_Hal.h:50:10:bool ISR<T, MAX>::add(T*) [with T = UartIT; unsigned int MAX = 2]	24	static
../Core/Inc/ISR_Hal.h:72:10:bool ISR<T, MAX>::remove(T*) [with T = UartIT; unsigned int MAX = 2]	24	static
../Core/Inc/ISR_Hal.h:98:12:size_t ISR<T, MAX>::size() const [with T = UartIT; unsigned int MAX = 2]	16	static
../Core/Inc/ISR_Hal.h:90:8:T* ISR<T, MAX>::get(size_t) const [with T = UartIT; unsigned int MAX = 2]	16	static
../Core/Inc/CircularBuffer.h:40:14:uint16_t CircularBuffer<T, N>::pull(T*, uint16_t) [with T = unsigned char; short unsigned int N = 128]	32	static
../Core/Inc/CircularBuffer.h:24:10:void CircularBuffer<T, N>::put(const T*, uint16_t) [with T = unsigned char; short unsigned int N = 128]	32	static
../Core/Src/UART_Hal.cpp:162:1:void __static_initialization_and_destruction_0()	8	static
../Core/Src/UART_Hal.cpp:162:1:cpp)	8	static
