../Core/Src/UART_Hal.cpp:12:1:UartBase::UartBase(USART_TypeDef*, UART_HandleTypeDef*)	24	static
../Core/Src/UART_Hal.cpp:16:1:UartBase::~UartBase()	16	static
../Core/Src/UART_Hal.cpp:24:6:void UartBase::init()	16	static
../Core/Src/UART_Hal.cpp:32:19:HAL_StatusTypeDef UartBase::write(uint8_t*, uint16_t, uint32_t)	24	static
../Core/Src/UART_Hal.cpp:40:1:UartIT::UartIT(USART_TypeDef*, UART_HandleTypeDef*)	32	static
../Core/Src/UART_Hal.cpp:50:1:UartIT::~UartIT()	24	static
../Core/Src/UART_Hal.cpp:55:6:static void UartIT::TxCpltCallback(UART_HandleTypeDef*)	32	static
../Core/Src/UART_Hal.cpp:62:6:static void UartIT::RxEventCallback(UART_HandleTypeDef*, uint16_t)	32	static
../Core/Src/UART_Hal.cpp:70:19:HAL_StatusTypeDef UartIT::write(uint8_t*, uint16_t)	24	static
../Core/Src/UART_Hal.cpp:75:10:uint16_t UartIT::read(uint8_t*, uint16_t)	24	static
../Core/Src/UART_Hal.cpp:79:19:HAL_StatusTypeDef UartIT::start_read()	16	static
../Core/Src/UART_Hal.cpp:84:6:void UartIT::put(uint16_t, uint16_t)	16	static
../Core/Src/UART_Hal.cpp:89:6:bool UartIT::is_tx_done()	16	static
../Core/Inc/ISR_Hal.h:38:5:ISR<T, MAX>::ISR() [with T = UartIT; unsigned int MAX = 2]	24	static
../Core/Inc/CircularBuffer.h:17:5:CircularBuffer<T>::CircularBuffer(uint16_t) [with T = unsigned char]	16	static
../Core/Inc/ISR_Hal.h:50:10:bool ISR<T, MAX>::add(T*) [with T = UartIT; unsigned int MAX = 2]	24	static
../Core/Inc/CircularBuffer.h:23:5:CircularBuffer<T>::~CircularBuffer() [with T = unsigned char]	16	static
../Core/Inc/ISR_Hal.h:72:10:bool ISR<T, MAX>::remove(T*) [with T = UartIT; unsigned int MAX = 2]	24	static
../Core/Inc/ISR_Hal.h:98:12:size_t ISR<T, MAX>::size() const [with T = UartIT; unsigned int MAX = 2]	16	static
../Core/Inc/ISR_Hal.h:90:8:T* ISR<T, MAX>::get(size_t) const [with T = UartIT; unsigned int MAX = 2]	16	static
../Core/Inc/CircularBuffer.h:40:14:uint16_t CircularBuffer<T>::pull(T*, uint16_t) [with T = unsigned char]	32	static
../Core/Inc/CircularBuffer.h:27:10:void CircularBuffer<T>::put(T*, uint16_t) [with T = unsigned char]	32	static
../Core/Src/UART_Hal.cpp:91:1:void __static_initialization_and_destruction_0()	8	static
../Core/Src/UART_Hal.cpp:91:1:cpp)	8	static
