Archive member included to satisfy reference by file (symbol)

C:/ST/STM32CubeIDE_1.17.0/STM32CubeIDE/plugins/com.st.stm32cube.ide.mcu.externaltools.gnu-tools-for-stm32.13.3.rel1.win32_1.0.0.202411081344/tools/bin/../lib/gcc/arm-none-eabi/13.3.1/../../../../arm-none-eabi/lib/thumb/v7e-m+fp/hard\libstdc++_nano.a(del_ops.o)
                              ./Core/Src/GPIO_Hal.o (operator delete(void*, unsigned int))
C:/ST/STM32CubeIDE_1.17.0/STM32CubeIDE/plugins/com.st.stm32cube.ide.mcu.externaltools.gnu-tools-for-stm32.13.3.rel1.win32_1.0.0.202411081344/tools/bin/../lib/gcc/arm-none-eabi/13.3.1/../../../../arm-none-eabi/lib/thumb/v7e-m+fp/hard\libstdc++_nano.a(del_opv.o)
                              ./Core/Src/UART_Hal.o (operator delete[](void*))
C:/ST/STM32CubeIDE_1.17.0/STM32CubeIDE/plugins/com.st.stm32cube.ide.mcu.externaltools.gnu-tools-for-stm32.13.3.rel1.win32_1.0.0.202411081344/tools/bin/../lib/gcc/arm-none-eabi/13.3.1/../../../../arm-none-eabi/lib/thumb/v7e-m+fp/hard\libstdc++_nano.a(new_op.o)
                              ./Core/Src/UART_Hal.o (operator new(unsigned int))
C:/ST/STM32CubeIDE_1.17.0/STM32CubeIDE/plugins/com.st.stm32cube.ide.mcu.externaltools.gnu-tools-for-stm32.13.3.rel1.win32_1.0.0.202411081344/tools/bin/../lib/gcc/arm-none-eabi/13.3.1/../../../../arm-none-eabi/lib/thumb/v7e-m+fp/hard\libstdc++_nano.a(new_opv.o)
                              ./Core/Src/UART_Hal.o (operator new[](unsigned int))
C:/ST/STM32CubeIDE_1.17.0/STM32CubeIDE/plugins/com.st.stm32cube.ide.mcu.externaltools.gnu-tools-for-stm32.13.3.rel1.win32_1.0.0.202411081344/tools/bin/../lib/gcc/arm-none-eabi/13.3.1/../../../../arm-none-eabi/lib/thumb/v7e-m+fp/hard\libstdc++_nano.a(del_op.o)
                              C:/ST/STM32CubeIDE_1.17.0/STM32CubeIDE/plugins/com.st.stm32cube.ide.mcu.externaltools.gnu-tools-for-stm32.13.3.rel1.win32_1.0.0.202411081344/tools/bin/../lib/gcc/arm-none-eabi/13.3.1/../../../../arm-none-eabi/lib/thumb/v7e-m+fp/hard\libstdc++_nano.a(del_ops.o) (operator delete(void*))
C:/ST/STM32CubeIDE_1.17.0/STM32CubeIDE/plugins/com.st.stm32cube.ide.mcu.externaltools.gnu-tools-for-stm32.13.3.rel1.win32_1.0.0.202411081344/tools/bin/../lib/gcc/arm-none-eabi/13.3.1/../../../../arm-none-eabi/lib/thumb/v7e-m+fp/hard\libstdc++_nano.a(new_handler.o)
                              C:/ST/STM32CubeIDE_1.17.0/STM32CubeIDE/plugins/com.st.stm32cube.ide.mcu.externaltools.gnu-tools-for-stm32.13.3.rel1.win32_1.0.0.202411081344/tools/bin/../lib/gcc/arm-none-eabi/13.3.1/../../../../arm-none-eabi/lib/thumb/v7e-m+fp/hard\libstdc++_nano.a(new_op.o) (std::get_new_handler())
C:/ST/STM32CubeIDE_1.17.0/STM32CubeIDE/plugins/com.st.stm32cube.ide.mcu.externaltools.gnu-tools-for-stm32.13.3.rel1.win32_1.0.0.202411081344/tools/bin/../lib/gcc/arm-none-eabi/13.3.1/../../../../arm-none-eabi/lib/thumb/v7e-m+fp/hard\libc_nano.a(libc_a-abort.o)
                              C:/ST/STM32CubeIDE_1.17.0/STM32CubeIDE/plugins/com.st.stm32cube.ide.mcu.externaltools.gnu-tools-for-stm32.13.3.rel1.win32_1.0.0.202411081344/tools/bin/../lib/gcc/arm-none-eabi/13.3.1/../../../../arm-none-eabi/lib/thumb/v7e-m+fp/hard\libstdc++_nano.a(new_op.o) (abort)
C:/ST/STM32CubeIDE_1.17.0/STM32CubeIDE/plugins/com.st.stm32cube.ide.mcu.externaltools.gnu-tools-for-stm32.13.3.rel1.win32_1.0.0.202411081344/tools/bin/../lib/gcc/arm-none-eabi/13.3.1/../../../../arm-none-eabi/lib/thumb/v7e-m+fp/hard\libc_nano.a(libc_a-exit.o)
                              C:/ST/STM32CubeIDE_1.17.0/STM32CubeIDE/plugins/com.st.stm32cube.ide.mcu.externaltools.gnu-tools-for-stm32.13.3.rel1.win32_1.0.0.202411081344/tools/bin/../lib/gcc/arm-none-eabi/13.3.1/../../../../arm-none-eabi/lib/thumb/v7e-m+fp/hard/crt0.o (exit)
C:/ST/STM32CubeIDE_1.17.0/STM32CubeIDE/plugins/com.st.stm32cube.ide.mcu.externaltools.gnu-tools-for-stm32.13.3.rel1.win32_1.0.0.202411081344/tools/bin/../lib/gcc/arm-none-eabi/13.3.1/../../../../arm-none-eabi/lib/thumb/v7e-m+fp/hard\libc_nano.a(libc_a-malloc.o)
                              C:/ST/STM32CubeIDE_1.17.0/STM32CubeIDE/plugins/com.st.stm32cube.ide.mcu.externaltools.gnu-tools-for-stm32.13.3.rel1.win32_1.0.0.202411081344/tools/bin/../lib/gcc/arm-none-eabi/13.3.1/../../../../arm-none-eabi/lib/thumb/v7e-m+fp/hard\libstdc++_nano.a(new_op.o) (malloc)
C:/ST/STM32CubeIDE_1.17.0/STM32CubeIDE/plugins/com.st.stm32cube.ide.mcu.externaltools.gnu-tools-for-stm32.13.3.rel1.win32_1.0.0.202411081344/tools/bin/../lib/gcc/arm-none-eabi/13.3.1/../../../../arm-none-eabi/lib/thumb/v7e-m+fp/hard\libc_nano.a(libc_a-mallocr.o)
                              C:/ST/STM32CubeIDE_1.17.0/STM32CubeIDE/plugins/com.st.stm32cube.ide.mcu.externaltools.gnu-tools-for-stm32.13.3.rel1.win32_1.0.0.202411081344/tools/bin/../lib/gcc/arm-none-eabi/13.3.1/../../../../arm-none-eabi/lib/thumb/v7e-m+fp/hard\libc_nano.a(libc_a-malloc.o) (_malloc_r)
[...]
Memory Configuration

Name             Origin             Length             Attributes
RAM              0x20000000         0x00018000         xrw
RAM2             0x10000000         0x00008000         xrw
FLASH            0x08000000         0x00100000         xr
*default*        0x00000000         0xffffffff

Linker script and memory map

LOAD C:/ST/STM32CubeIDE_1.17.0/STM32CubeIDE/plugins/com.st.stm32cube.ide.mcu.externaltools.gnu-tools-for-stm32.13.3.rel1.win32_1.0.0.202411081344/tools/bin/../lib/gcc/arm-none-eabi/13.3.1/thumb/v7e-m+fp/hard/crti.o
LOAD C:/ST/STM32CubeIDE_1.17.0/STM32CubeIDE/plugins/com.st.stm32cube.ide.mcu.externaltools.gnu-tools-for-stm32.13.3.rel1.win32_1.0.0.202411081344/tools/bin/../lib/gcc/arm-none-eabi/13.3.1/thumb/v7e-m+fp/hard/crtbegin.o
LOAD C:/ST/STM32CubeIDE_1.17.0/STM32CubeIDE/plugins/com.st.stm32cube.ide.mcu.externaltools.gnu-tools-for-stm32.13.3.rel1.win32_1.0.0.202411081344/tools/bin/../lib/gcc/arm-none-eabi/13.3.1/../../../../arm-none-eabi/lib/thumb/v7e-m+fp/hard/crt0.o
LOAD ./Core/Src/GPIO_Hal.o
LOAD ./Core/Src/UART_Hal.o
LOAD ./Core/Src/gpio.o
LOAD ./Core/Src/main.o
LOAD ./Core/Src/stm32l4xx_hal_msp.o
LOAD ./Core/Src/stm32l4xx_it.o
LOAD ./Core/Src/syscalls.o
LOAD ./Core/Src/sysmem.o
LOAD ./Core/Src/system_stm32l4xx.o
LOAD ./Core/Src/usart.o
LOAD ./Core/Startup/startup_stm32l476rgtx.o
LOAD ./Drivers/STM32L4xx_HAL_Driver/Src/stm32l4xx_hal.o
LOAD ./Drivers/STM32L4xx_HAL_Driver/Src/stm32l4xx_hal_cortex.o
LOAD ./Drivers/STM32L4xx_HAL_Driver/Src/stm32l4xx_hal_dma.o
LOAD ./Drivers/STM32L4xx_HAL_Driver/Src/stm32l4xx_hal_dma_ex.o
LOAD ./Drivers/STM32L4xx_HAL_Driver/Src/stm32l4xx_hal_exti.o
LOAD ./Drivers/STM32L4xx_HAL_Driver/Src/stm32l4xx_hal_flash.o
LOAD ./Drivers/STM32L4xx_HAL_Driver/Src/stm32l4xx_hal_flash_ex.o
LOAD ./Drivers/STM32L4xx_HAL_Driver/Src/stm32l4xx_hal_flash_ramfunc.o
LOAD ./Drivers/STM32L4xx_HAL_Driver/Src/stm32l4xx_hal_gpio.o
LOAD ./Drivers/STM32L4xx_HAL_Driver/Src/stm32l4xx_hal_i2c.o
LOAD ./Drivers/STM32L4xx_HAL_Driver/Src/stm32l4xx_hal_i2c_ex.o
LOAD ./Drivers/STM32L4xx_HAL_Driver/Src/stm32l4xx_hal_pwr.o
LOAD ./Drivers/STM32L4xx_HAL_Driver/Src/stm32l4xx_hal_pwr_ex.o
LOAD ./Drivers/STM32L4xx_HAL_Driver/Src/stm32l4xx_hal_rcc.o
LOAD ./Drivers/STM32L4xx_HAL_Driver/Src/stm32l4xx_hal_rcc_ex.o
LOAD ./Drivers/STM32L4xx_HAL_Driver/Src/stm32l4xx_hal_uart.o
LOAD ./Drivers/STM32L4xx_HAL_Driver/Src/stm32l4xx_hal_uart_ex.o
START GROUP
LOAD C:/ST/STM32CubeIDE_1.17.0/STM32CubeIDE/plugins/com.st.stm32cube.ide.mcu.externaltools.gnu-tools-for-stm32.13.3.rel1.win32_1.0.0.202411081344/tools/bin/../lib/gcc/arm-none-eabi/13.3.1/../../../../arm-none-eabi/lib/thumb/v7e-m+fp/hard\libstdc++_nano.a
LOAD C:/ST/STM32CubeIDE_1.17.0/STM32CubeIDE/plugins/com.st.stm32cube.ide.mcu.externaltools.gnu-tools-for-stm32.13.3.rel1.win32_1.0.0.202411081344/tools/bin/../lib/gcc/arm-none-eabi/13.3.1/../../../../arm-none-eabi/lib/thumb/v7e-m+fp/hard\libsupc++_nano.a
END GROUP
LOAD C:/ST/STM32CubeIDE_1.17.0/STM32CubeIDE/plugins/com.st.stm32cube.ide.mcu.externaltools.gnu-tools-for-stm32.13.3.rel1.win32_1.0.0.202411081344/tools/bin/../lib/gcc/arm-none-eabi/13.3.1/../../../../arm-none-eabi/lib/thumb/v7e-m+fp/hard\libstdc++_nano.a
LOAD C:/ST/STM32CubeIDE_1.17.0/STM32CubeIDE/plugins/com.st.stm32cube.ide.mcu.externaltools.gnu-tools-for-stm32.13.3.rel1.win32_1.0.0.202411081344/tools/bin/../lib/gcc/arm-none-eabi/13.3.1/../../../../arm-none-eabi/lib/thumb/v7e-m+fp/hard\libm.a
LOAD C:/ST/STM32CubeIDE_1.17.0/STM32CubeIDE/plugins/com.st.stm32cube.ide.mcu.externaltools.gnu-tools-for-stm32.13.3.rel1.win32_1.0.0.202411081344/tools/bin/../lib/gcc/arm-none-eabi/13.3.1/../../../../arm-none-eabi/lib/thumb/v7e-m+fp/hard\libc_nano.a
START GROUP
LOAD C:/ST/STM32CubeIDE_1.17.0/STM32CubeIDE/plugins/com.st.stm32cube.ide.mcu.externaltools.gnu-tools-for-stm32.13.3.rel1.win32_1.0.0.202411081344/tools/bin/../lib/gcc/arm-none-eabi/13.3.1/thumb/v7e-m+fp/hard\libgcc.a
LOAD C:/ST/STM32CubeIDE_1.17.0/STM32CubeIDE/plugins/com.st.stm32cube.ide.mcu.externaltools.gnu-tools-for-stm32.13.3.rel1.win32_1.0.0.202411081344/tools/bin/../lib/gcc/arm-none-eabi/13.3.1/../../../../arm-none-eabi/lib/thumb/v7e-m+fp/hard\libc_nano.a
END GROUP
START GROUP
LOAD C:/ST/STM32CubeIDE_1.17.0/STM32CubeIDE/plugins/com.st.stm32cube.ide.mcu.externaltools.gnu-tools-for-stm32.13.3.rel1.win32_1.0.0.202411081344/tools/bin/../lib/gcc/arm-none-eabi/13.3.1/thumb/v7e-m+fp/hard\libgcc.a
LOAD C:/ST/STM32CubeIDE_1.17.0/STM32CubeIDE/plugins/com.st.stm32cube.ide.mcu.externaltools.gnu-tools-for-stm32.13.3.rel1.win32_1.0.0.202411081344/tools/bin/../lib/gcc/arm-none-eabi/13.3.1/../../../../arm-none-eabi/lib/thumb/v7e-m+fp/hard\libc_nano.a
LOAD C:/ST/STM32CubeIDE_1.17.0/STM32CubeIDE/plugins/com.st.stm32cube.ide.mcu.externaltools.gnu-tools-for-stm32.13.3.rel1.win32_1.0.0.202411081344/tools/bin/../lib/gcc/arm-none-eabi/13.3.1/../../../../arm-none-eabi/lib/thumb/v7e-m+fp/hard\libnosys.a
END GROUP
START GROUP
LOAD C:/ST/STM32CubeIDE_1.17.0/STM32CubeIDE/plugins/com.st.stm32cube.ide.mcu.externaltools.gnu-tools-for-stm32.13.3.rel1.win32_1.0.0.202411081344/tools/bin/../lib/gcc/arm-none-eabi/13.3.1/thumb/v7e-m+fp/hard\libgcc.a
LOAD C:/ST/STM32CubeIDE_1.17.0/STM32CubeIDE/plugins/com.st.stm32cube.ide.mcu.externaltools.gnu-tools-for-stm32.13.3.rel1.win32_1.0.0.202411081344/tools/bin/../lib/gcc/arm-none-eabi/13.3.1/../../../../arm-none-eabi/lib/thumb/v7e-m+fp/hard\libc_nano.a
LOAD C:/ST/STM32CubeIDE_1.17.0/STM32CubeIDE/plugins/com.st.stm32cube.ide.mcu.externaltools.gnu-tools-for-stm32.13.3.rel1.win32_1.0.0.202411081344/tools/bin/../lib/gcc/arm-none-eabi/13.3.1/../../../../arm-none-eabi/lib/thumb/v7e-m+fp/hard\libnosys.a
END GROUP
LOAD C:/ST/STM32CubeIDE_1.17.0/STM32CubeIDE/plugins/com.st.stm32cube.ide.mcu.externaltools.gnu-tools-for-stm32.13.3.rel1.win32_1.0.0.202411081344/tools/bin/../lib/gcc/arm-none-eabi/13.3.1/thumb/v7e-m+fp/hard/crtend.o
LOAD C:/ST/STM32CubeIDE_1.17.0/STM32CubeIDE/plugins/com.st.stm32cube.ide.mcu.externaltools.gnu-tools-for-stm32.13.3.rel1.win32_1.0.0.202411081344/tools/bin/../lib/gcc/arm-none-eabi/13.3.1/thumb/v7e-m+fp/hard/crtn.o
                0x20018000                        _estack = (ORIGIN (RAM) + LENGTH (RAM))
                0x00000200                        _Min_Heap_Size = 0x200
                0x00000400                        _Min_Stack_Size = 0x400

.isr_vector     0x08000000      0x188
                0x08000000                        . = ALIGN (0x4)
 *(.isr_vector)
 .isr_vector    0x08000000      0x188 ./Core/Startup/startup_stm32l476rgtx.o
                0x08000000                g_pfnVectors
                0x08000188                        . = ALIGN (0x4)

.text           0x08000188     0x4fc4
                0x08000188                        . = ALIGN (0x4)
 *(.text)
 .text          0x08000188       0x40 C:/ST/STM32CubeIDE_1.17.0/STM32CubeIDE/plugins/com.st.stm32cube.ide.mcu.externaltools.gnu-tools-for-stm32.13.3.rel1.win32_1.0.0.202411081344/tools/bin/../lib/gcc/arm-none-eabi/13.3.1/thumb/v7e-m+fp/hard/crtbegin.o
 .text          0x080001c8       0x10 C:/ST/STM32CubeIDE_1.17.0/STM32CubeIDE/plugins/com.st.stm32cube.ide.mcu.externaltools.gnu-tools-for-stm32.13.3.rel1.win32_1.0.0.202411081344/tools/bin/../lib/gcc/arm-none-eabi/13.3.1/../../../../arm-none-eabi/lib/thumb/v7e-m+fp/hard\libc_nano.a(libc_a-strlen.o)
                0x080001c8                strlen
 .text          0x080001d8       0x30 C:/ST/STM32CubeIDE_1.17.0/STM32CubeIDE/plugins/com.st.stm32cube.ide.mcu.externaltools.gnu-tools-for-stm32.13.3.rel1.win32_1.0.0.202411081344/tools/bin/../lib/gcc/arm-none-eabi/13.3.1/thumb/v7e-m+fp/hard\libgcc.a(_aeabi_uldivmod.o)
                0x080001d8                __aeabi_uldivmod
 .text          0x08000208      0x2f8 C:/ST/STM32CubeIDE_1.17.0/STM32CubeIDE/plugins/com.st.stm32cube.ide.mcu.externaltools.gnu-tools-for-stm32.13.3.rel1.win32_1.0.0.202411081344/tools/bin/../lib/gcc/arm-none-eabi/13.3.1/thumb/v7e-m+fp/hard\libgcc.a(_udivmoddi4.o)
                0x08000208                __udivmoddi4
 .text          0x08000500        0x4 C:/ST/STM32CubeIDE_1.17.0/STM32CubeIDE/plugins/com.st.stm32cube.ide.mcu.externaltools.gnu-tools-for-stm32.13.3.rel1.win32_1.0.0.202411081344/tools/bin/../lib/gcc/arm-none-eabi/13.3.1/thumb/v7e-m+fp/hard\libgcc.a(_dvmd_tls.o)
                0x08000500                __aeabi_idiv0
                0x08000500                __aeabi_ldiv0
 *(.text*)
 .text._ZN8GpioBaseD2Ev
                0x08000504       0x20 ./Core/Src/GPIO_Hal.o
                0x08000504                GpioBase::~GpioBase()
                0x08000504                GpioBase::~GpioBase()
 .text._ZN8GpioBaseD0Ev
                0x08000524       0x20 ./Core/Src/GPIO_Hal.o
                0x08000524                GpioBase::~GpioBase()
 .text._ZNK8GpioBase3pinEv
                0x08000544       0x18 ./Core/Src/GPIO_Hal.o
                0x08000544                GpioBase::pin() const
 .text._ZN6ButtonD2Ev
                0x0800055c       0x24 ./Core/Src/GPIO_Hal.o
                0x0800055c                Button::~Button()
                0x0800055c                Button::~Button()
 .text._ZN6ButtonD0Ev
                0x08000580       0x20 ./Core/Src/GPIO_Hal.o
                0x08000580                Button::~Button()
 .text._ZN8GpioBaseC2EP12GPIO_TypeDeft
                0x080005a0       0x34 ./Core/Src/GPIO_Hal.o
                0x080005a0                GpioBase::GpioBase(GPIO_TypeDef*, unsigned short)
                0x080005a0                GpioBase::GpioBase(GPIO_TypeDef*, unsigned short)
 .text._ZN8GpioBase4initEv
                0x080005d4       0x20 ./Core/Src/GPIO_Hal.o
                0x080005d4                GpioBase::init()
 .text._ZN3LedC2EP12GPIO_TypeDeft13GPIO_PinState
                0x080005f4       0x38 ./Core/Src/GPIO_Hal.o
                0x080005f4                Led::Led(GPIO_TypeDef*, unsigned short, GPIO_PinState)
                0x080005f4                Led::Led(GPIO_TypeDef*, unsigned short, GPIO_PinState)
 .text._ZNK3Led6toggleEv
                0x0800062c       0x20 ./Core/Src/GPIO_Hal.o
                0x0800062c                Led::toggle() const
 .text._ZN6ButtonC2EP12GPIO_TypeDeft
                0x0800064c       0x30 ./Core/Src/GPIO_Hal.o
                0x0800064c                Button::Button(GPIO_TypeDef*, unsigned short)
                0x0800064c                Button::Button(GPIO_TypeDef*, unsigned short)
 .text._ZN9ButtonISRC2EP12GPIO_TypeDeft
                0x0800067c       0x40 ./Core/Src/GPIO_Hal.o
                0x0800067c                ButtonISR::ButtonISR(GPIO_TypeDef*, unsigned short)
                0x0800067c                ButtonISR::ButtonISR(GPIO_TypeDef*, unsigned short)
 .text._ZN9ButtonISRD2Ev
                0x080006bc       0x30 ./Core/Src/GPIO_Hal.o
                0x080006bc                ButtonISR::~ButtonISR()
                0x080006bc                ButtonISR::~ButtonISR()
 .text._ZN9ButtonISRD0Ev
                0x080006ec       0x20 ./Core/Src/GPIO_Hal.o
                0x080006ec                ButtonISR::~ButtonISR()
 .text._ZN9ButtonISR10set_isr_cbEPFvvE
                0x0800070c       0x1c ./Core/Src/GPIO_Hal.o
                0x0800070c                ButtonISR::set_isr_cb(void (*)())
 .text._ZN9ButtonISR8call_isrEv
                0x08000728       0x20 ./Core/Src/GPIO_Hal.o
                0x08000728                ButtonISR::call_isr()
 .text._ZN9ButtonISR11trigger_pinEt
                0x08000748       0x6c ./Core/Src/GPIO_Hal.o
                0x08000748                ButtonISR::trigger_pin(unsigned short)
 .text.HAL_GPIO_EXTI_Callback
                0x080007b4       0x1a ./Core/Src/GPIO_Hal.o
                0x080007b4                HAL_GPIO_EXTI_Callback
 .text._ZN3ISRI9ButtonISRLj8EEC2Ev
                0x080007ce       0x38 ./Core/Src/GPIO_Hal.o
                0x080007ce                ISR<ButtonISR, 8u>::ISR()
                0x080007ce                ISR<ButtonISR, 8u>::ISR()
 .text._ZN3ISRI9ButtonISRLj8EE3addEPS0_
                0x08000806       0x68 ./Core/Src/GPIO_Hal.o
                0x08000806                ISR<ButtonISR, 8u>::add(ButtonISR*)
 .text._ZN3ISRI9ButtonISRLj8EE6removeEPS0_
                0x0800086e       0x76 ./Core/Src/GPIO_Hal.o
                0x0800086e                ISR<ButtonISR, 8u>::remove(ButtonISR*)
 .text._ZNK3ISRI9ButtonISRLj8EE4sizeEv
                0x080008e4       0x18 ./Core/Src/GPIO_Hal.o
                0x080008e4                ISR<ButtonISR, 8u>::size() const
 .text._ZNK3ISRI9ButtonISRLj8EE3getEj
                0x080008fc       0x2c ./Core/Src/GPIO_Hal.o
                0x080008fc                ISR<ButtonISR, 8u>::get(unsigned int) const
 .text._ZN3LedD2Ev
                0x08000928       0x24 ./Core/Src/GPIO_Hal.o
                0x08000928                Led::~Led()
                0x08000928                Led::~Led()
 .text._ZN3LedD0Ev
                0x0800094c       0x20 ./Core/Src/GPIO_Hal.o
                0x0800094c                Led::~Led()
 .text._Z41__static_initialization_and_destruction_0v
                0x0800096c       0x14 ./Core/Src/GPIO_Hal.o
 .text._GLOBAL__sub_I__ZN8GpioBase8s_initedE
                0x08000980        0xa ./Core/Src/GPIO_Hal.o
 .text._ZN8UartBaseC2EP13USART_TypeDefP20__UART_HandleTypeDef
                0x0800098a       0x28 ./Core/Src/UART_Hal.o
                0x0800098a                UartBase::UartBase(USART_TypeDef*, __UART_HandleTypeDef*)
                0x0800098a                UartBase::UartBase(USART_TypeDef*, __UART_HandleTypeDef*)
 *fill*         0x080009b2        0x2 
 .text._ZN8UartBase4initEv
                0x080009b4       0x38 ./Core/Src/UART_Hal.o
                0x080009b4                UartBase::init()
 .text._ZN6UartITC2EP13USART_TypeDefP20__UART_HandleTypeDef
                0x080009ec       0x64 ./Core/Src/UART_Hal.o
                0x080009ec                UartIT::UartIT(USART_TypeDef*, __UART_HandleTypeDef*)
                0x080009ec                UartIT::UartIT(USART_TypeDef*, __UART_HandleTypeDef*)
 .text._ZN6UartIT14TxCpltCallbackEP20__UART_HandleTypeDef
                0x08000a50       0x68 ./Core/Src/UART_Hal.o
                0x08000a50                UartIT::TxCpltCallback(__UART_HandleTypeDef*)
 .text._ZN6UartIT15RxEventCallbackEP20__UART_HandleTypeDeft
                0x08000ab8       0x70 ./Core/Src/UART_Hal.o
                0x08000ab8                UartIT::RxEventCallback(__UART_HandleTypeDef*, unsigned short)
 .text._ZN6UartIT5writeEPht
                0x08000b28       0x40 ./Core/Src/UART_Hal.o
                0x08000b28                UartIT::write(unsigned char*, unsigned short)
 .text._ZN6UartIT4readEPht
                0x08000b68       0x26 ./Core/Src/UART_Hal.o
                0x08000b68                UartIT::read(unsigned char*, unsigned short)
 .text._ZN6UartIT10start_readEv
                0x08000b8e       0x30 ./Core/Src/UART_Hal.o
                0x08000b8e                UartIT::start_read()
 .text._ZN6UartIT3putEtt
                0x08000bbe       0x34 ./Core/Src/UART_Hal.o
                0x08000bbe                UartIT::put(unsigned short, unsigned short)
 .text._ZN6UartIT10is_tx_doneEv
                0x08000bf2       0x18 ./Core/Src/UART_Hal.o
                0x08000bf2                UartIT::is_tx_done()
 .text._ZN3ISRI6UartITLj2EEC2Ev
                0x08000c0a       0x38 ./Core/Src/UART_Hal.o
                0x08000c0a                ISR<UartIT, 2u>::ISR()
                0x08000c0a                ISR<UartIT, 2u>::ISR()
 .text._ZN14CircularBufferIhEC2Et
                0x08000c42       0x50 ./Core/Src/UART_Hal.o
                0x08000c42                CircularBuffer<unsigned char>::CircularBuffer(unsigned short)
                0x08000c42                CircularBuffer<unsigned char>::CircularBuffer(unsigned short)
 .text._ZN3ISRI6UartITLj2EE3addEPS0_
                0x08000c92       0x68 ./Core/Src/UART_Hal.o
                0x08000c92                ISR<UartIT, 2u>::add(UartIT*)
 .text._ZNK3ISRI6UartITLj2EE4sizeEv
                0x08000cfa       0x18 ./Core/Src/UART_Hal.o
                0x08000cfa                ISR<UartIT, 2u>::size() const
 .text._ZNK3ISRI6UartITLj2EE3getEj
                0x08000d12       0x2c ./Core/Src/UART_Hal.o
                0x08000d12                ISR<UartIT, 2u>::get(unsigned int) const
 .text._ZN14CircularBufferIhE4pullEPht
                0x08000d3e       0x80 ./Core/Src/UART_Hal.o
                0x08000d3e                CircularBuffer<unsigned char>::pull(unsigned char*, unsigned short)
 .text._ZN14CircularBufferIhE3putEPht
                0x08000dbe       0x7e ./Core/Src/UART_Hal.o
                0x08000dbe                CircularBuffer<unsigned char>::put(unsigned char*, unsigned short)
 .text._Z41__static_initialization_and_destruction_0v
                0x08000e3c       0x14 ./Core/Src/UART_Hal.o
 .text._GLOBAL__sub_I__ZN8UartBase6isInitE
                0x08000e50        0xa ./Core/Src/UART_Hal.o
 *fill*         0x08000e5a        0x2 
 .text.MX_GPIO_Init
                0x08000e5c       0xc4 ./Core/Src/gpio.o
                0x08000e5c                MX_GPIO_Init
 .text._Z14blueB_callbackv
                0x08000f20       0x1c ./Core/Src/main.o
                0x08000f20                blueB_callback()
 .text.main     0x08000f3c      0x134 ./Core/Src/main.o
                0x08000f3c                main
 .text._Z18SystemClock_Configv
                0x08001070       0xaa ./Core/Src/main.o
                0x08001070                SystemClock_Config()
 .text.Error_Handler
                0x0800111a        0xc ./Core/Src/main.o
                0x0800111a                Error_Handler
 *fill*         0x08001126        0x2 
 .text.HAL_MspInit
                0x08001128       0x48 ./Core/Src/stm32l4xx_hal_msp.o
                0x08001128                HAL_MspInit
 .text.NMI_Handler
                0x08001170        0x8 ./Core/Src/stm32l4xx_it.o
                0x08001170                NMI_Handler
 .text.HardFault_Handler
                0x08001178        0x8 ./Core/Src/stm32l4xx_it.o
                0x08001178                HardFault_Handler
 .text.MemManage_Handler
                0x08001180        0x8 ./Core/Src/stm32l4xx_it.o
                0x08001180                MemManage_Handler
 .text.BusFault_Handler
                0x08001188        0x8 ./Core/Src/stm32l4xx_it.o
                0x08001188                BusFault_Handler
 .text.UsageFault_Handler
                0x08001190        0x8 ./Core/Src/stm32l4xx_it.o
                0x08001190                UsageFault_Handler
 .text.SVC_Handler
                0x08001198        0xe ./Core/Src/stm32l4xx_it.o
                0x08001198                SVC_Handler
 .text.DebugMon_Handler
                0x080011a6        0xe ./Core/Src/stm32l4xx_it.o
                0x080011a6                DebugMon_Handler
 .text.PendSV_Handler
                0x080011b4        0xe ./Core/Src/stm32l4xx_it.o
                0x080011b4                PendSV_Handler
 .text.SysTick_Handler
                0x080011c2        0xc ./Core/Src/stm32l4xx_it.o
                0x080011c2                SysTick_Handler
 *fill*         0x080011ce        0x2 
 .text.USART1_IRQHandler
                0x080011d0       0x14 ./Core/Src/stm32l4xx_it.o
                0x080011d0                USART1_IRQHandler
 .text.USART2_IRQHandler
                0x080011e4       0x14 ./Core/Src/stm32l4xx_it.o
                0x080011e4                USART2_IRQHandler
 .text.EXTI15_10_IRQHandler
                0x080011f8       0x10 ./Core/Src/stm32l4xx_it.o
                0x080011f8                EXTI15_10_IRQHandler
 .text._getpid  0x08001208       0x10 ./Core/Src/syscalls.o
                0x08001208                _getpid
 .text._kill    0x08001218       0x20 ./Core/Src/syscalls.o
                0x08001218                _kill
 .text._exit    0x08001238       0x16 ./Core/Src/syscalls.o
                0x08001238                _exit
 *fill*         0x0800124e        0x2 
 .text._sbrk    0x08001250       0x6c ./Core/Src/sysmem.o
                0x08001250                _sbrk
 .text.SystemInit
                0x080012bc       0x24 ./Core/Src/system_stm32l4xx.o
                0x080012bc                SystemInit
 .text.MX_USART2_UART_Init
                0x080012e0       0x60 ./Core/Src/usart.o
                0x080012e0                MX_USART2_UART_Init
 .text.HAL_UART_MspInit
                0x08001340      0x164 ./Core/Src/usart.o
                0x08001340                HAL_UART_MspInit
 .text.Reset_Handler
                0x080014a4       0x50 ./Core/Startup/startup_stm32l476rgtx.o
                0x080014a4                Reset_Handler
 .text.Default_Handler
                0x080014f4        0x2 ./Core/Startup/startup_stm32l476rgtx.o
                0x080014f4                RTC_Alarm_IRQHandler
                0x080014f4                EXTI2_IRQHandler
                0x080014f4                TIM8_TRG_COM_IRQHandler
                0x080014f4                TIM8_CC_IRQHandler
                0x080014f4                TIM1_CC_IRQHandler
                0x080014f4                TSC_IRQHandler
                0x080014f4                TAMP_STAMP_IRQHandler
                0x080014f4                EXTI3_IRQHandler
                0x080014f4                LPTIM2_IRQHandler
                0x080014f4                DFSDM1_FLT1_IRQHandler
                0x080014f4                I2C3_ER_IRQHandler
                0x080014f4                DFSDM1_FLT2_IRQHandler
                0x080014f4                EXTI0_IRQHandler
                0x080014f4                I2C2_EV_IRQHandler
                0x080014f4                CAN1_RX0_IRQHandler
                0x080014f4                FPU_IRQHandler
                0x080014f4                TIM1_UP_TIM16_IRQHandler
                0x080014f4                ADC1_2_IRQHandler
                0x080014f4                SPI1_IRQHandler
                0x080014f4                TIM6_DAC_IRQHandler
                0x080014f4                TIM8_UP_IRQHandler
                0x080014f4                DMA2_Channel2_IRQHandler
                0x080014f4                DMA1_Channel4_IRQHandler
                0x080014f4                SAI2_IRQHandler
                0x080014f4                DFSDM1_FLT3_IRQHandler
                0x080014f4                USART3_IRQHandler
                0x080014f4                DMA1_Channel7_IRQHandler
                0x080014f4                CAN1_RX1_IRQHandler
                0x080014f4                LCD_IRQHandler
                0x080014f4                UART5_IRQHandler
                0x080014f4                ADC3_IRQHandler
                0x080014f4                TIM4_IRQHandler
                0x080014f4                DMA2_Channel1_IRQHandler
                0x080014f4                QUADSPI_IRQHandler
                0x080014f4                I2C1_EV_IRQHandler
                0x080014f4                DMA1_Channel6_IRQHandler
                0x080014f4                UART4_IRQHandler
                0x080014f4                DMA2_Channel4_IRQHandler
                0x080014f4                TIM3_IRQHandler
                0x080014f4                RCC_IRQHandler
                0x080014f4                DMA1_Channel1_IRQHandler
                0x080014f4                Default_Handler
                0x080014f4                DMA2_Channel7_IRQHandler
                0x080014f4                TIM7_IRQHandler
                0x080014f4                SDMMC1_IRQHandler
                0x080014f4                TIM5_IRQHandler
                0x080014f4                I2C3_EV_IRQHandler
                0x080014f4                EXTI9_5_IRQHandler
                0x080014f4                RTC_WKUP_IRQHandler
                0x080014f4                PVD_PVM_IRQHandler
                0x080014f4                SPI2_IRQHandler
                0x080014f4                CAN1_TX_IRQHandler
                0x080014f4                DMA2_Channel5_IRQHandler
                0x080014f4                DMA1_Channel5_IRQHandler
                0x080014f4                EXTI4_IRQHandler
                0x080014f4                RNG_IRQHandler
                0x080014f4                TIM1_TRG_COM_TIM17_IRQHandler
                0x080014f4                DMA1_Channel3_IRQHandler
                0x080014f4                COMP_IRQHandler
                0x080014f4                WWDG_IRQHandler
                0x080014f4                LPUART1_IRQHandler
                0x080014f4                DMA2_Channel6_IRQHandler
                0x080014f4                TIM2_IRQHandler
                0x080014f4                EXTI1_IRQHandler
                0x080014f4                DFSDM1_FLT0_IRQHandler
                0x080014f4                I2C2_ER_IRQHandler
                0x080014f4                DMA1_Channel2_IRQHandler
                0x080014f4                TIM8_BRK_IRQHandler
                0x080014f4                CAN1_SCE_IRQHandler
                0x080014f4                FLASH_IRQHandler
                0x080014f4                OTG_FS_IRQHandler
                0x080014f4                SPI3_IRQHandler
                0x080014f4                I2C1_ER_IRQHandler
                0x080014f4                FMC_IRQHandler
                0x080014f4                SWPMI1_IRQHandler
                0x080014f4                LPTIM1_IRQHandler
                0x080014f4                SAI1_IRQHandler
                0x080014f4                DMA2_Channel3_IRQHandler
                0x080014f4                TIM1_BRK_TIM15_IRQHandler
 .text.HAL_Init
                0x080014f6       0x30 ./Drivers/STM32L4xx_HAL_Driver/Src/stm32l4xx_hal.o
                0x080014f6                HAL_Init
 *fill*         0x08001526        0x2 
 .text.HAL_InitTick
                0x08001528       0x78 ./Drivers/STM32L4xx_HAL_Driver/Src/stm32l4xx_hal.o
                0x08001528                HAL_InitTick
 .text.HAL_IncTick
                0x080015a0       0x28 ./Drivers/STM32L4xx_HAL_Driver/Src/stm32l4xx_hal.o
                0x080015a0                HAL_IncTick
 .text.HAL_GetTick
                0x080015c8       0x18 ./Drivers/STM32L4xx_HAL_Driver/Src/stm32l4xx_hal.o
                0x080015c8                HAL_GetTick
 .text.HAL_Delay
                0x080015e0       0x48 ./Drivers/STM32L4xx_HAL_Driver/Src/stm32l4xx_hal.o
                0x080015e0                HAL_Delay
 .text.__NVIC_SetPriorityGrouping
                0x08001628       0x48 ./Drivers/STM32L4xx_HAL_Driver/Src/stm32l4xx_hal_cortex.o
 .text.__NVIC_GetPriorityGrouping
                0x08001670       0x1c ./Drivers/STM32L4xx_HAL_Driver/Src/stm32l4xx_hal_cortex.o
 .text.__NVIC_EnableIRQ
                0x0800168c       0x3c ./Drivers/STM32L4xx_HAL_Driver/Src/stm32l4xx_hal_cortex.o
 .text.__NVIC_SetPriority
                0x080016c8       0x54 ./Drivers/STM32L4xx_HAL_Driver/Src/stm32l4xx_hal_cortex.o
 .text.NVIC_EncodePriority
                0x0800171c       0x66 ./Drivers/STM32L4xx_HAL_Driver/Src/stm32l4xx_hal_cortex.o
 *fill*         0x08001782        0x2 
 .text.SysTick_Config
                0x08001784       0x44 ./Drivers/STM32L4xx_HAL_Driver/Src/stm32l4xx_hal_cortex.o
 .text.HAL_NVIC_SetPriorityGrouping
                0x080017c8       0x16 ./Drivers/STM32L4xx_HAL_Driver/Src/stm32l4xx_hal_cortex.o
                0x080017c8                HAL_NVIC_SetPriorityGrouping
 .text.HAL_NVIC_SetPriority
                0x080017de       0x38 ./Drivers/STM32L4xx_HAL_Driver/Src/stm32l4xx_hal_cortex.o
                0x080017de                HAL_NVIC_SetPriority
 .text.HAL_NVIC_EnableIRQ
                0x08001816       0x1c ./Drivers/STM32L4xx_HAL_Driver/Src/stm32l4xx_hal_cortex.o
                0x08001816                HAL_NVIC_EnableIRQ
 .text.HAL_SYSTICK_Config
                0x08001832       0x18 ./Drivers/STM32L4xx_HAL_Driver/Src/stm32l4xx_hal_cortex.o
                0x08001832                HAL_SYSTICK_Config
 .text.HAL_DMA_Abort
                0x0800184a       0x7c ./Drivers/STM32L4xx_HAL_Driver/Src/stm32l4xx_hal_dma.o
                0x0800184a                HAL_DMA_Abort
 .text.HAL_DMA_Abort_IT
                0x080018c6       0x82 ./Drivers/STM32L4xx_HAL_Driver/Src/stm32l4xx_hal_dma.o
                0x080018c6                HAL_DMA_Abort_IT
 .text.HAL_GPIO_Init
                0x08001948      0x354 ./Drivers/STM32L4xx_HAL_Driver/Src/stm32l4xx_hal_gpio.o
                0x08001948                HAL_GPIO_Init
 .text.HAL_GPIO_WritePin
                0x08001c9c       0x30 ./Drivers/STM32L4xx_HAL_Driver/Src/stm32l4xx_hal_gpio.o
                0x08001c9c                HAL_GPIO_WritePin
 .text.HAL_GPIO_TogglePin
                0x08001ccc       0x34 ./Drivers/STM32L4xx_HAL_Driver/Src/stm32l4xx_hal_gpio.o
                0x08001ccc                HAL_GPIO_TogglePin
 .text.HAL_GPIO_EXTI_IRQHandler
                0x08001d00       0x30 ./Drivers/STM32L4xx_HAL_Driver/Src/stm32l4xx_hal_gpio.o
                0x08001d00                HAL_GPIO_EXTI_IRQHandler
 .text.HAL_PWREx_GetVoltageRange
                0x08001d30       0x1c ./Drivers/STM32L4xx_HAL_Driver/Src/stm32l4xx_hal_pwr_ex.o
                0x08001d30                HAL_PWREx_GetVoltageRange
 .text.HAL_PWREx_ControlVoltageScaling
                0x08001d4c       0xac ./Drivers/STM32L4xx_HAL_Driver/Src/stm32l4xx_hal_pwr_ex.o
                0x08001d4c                HAL_PWREx_ControlVoltageScaling
 .text.HAL_RCC_OscConfig
                0x08001df8      0x7b8 ./Drivers/STM32L4xx_HAL_Driver/Src/stm32l4xx_hal_rcc.o
                0x08001df8                HAL_RCC_OscConfig
 .text.HAL_RCC_ClockConfig
                0x080025b0      0x200 ./Drivers/STM32L4xx_HAL_Driver/Src/stm32l4xx_hal_rcc.o
                0x080025b0                HAL_RCC_ClockConfig
 .text.HAL_RCC_GetSysClockFreq
                0x080027b0      0x118 ./Drivers/STM32L4xx_HAL_Driver/Src/stm32l4xx_hal_rcc.o
                0x080027b0                HAL_RCC_GetSysClockFreq
 .text.HAL_RCC_GetHCLKFreq
                0x080028c8       0x18 ./Drivers/STM32L4xx_HAL_Driver/Src/stm32l4xx_hal_rcc.o
                0x080028c8                HAL_RCC_GetHCLKFreq
 .text.HAL_RCC_GetPCLK1Freq
                0x080028e0       0x2c ./Drivers/STM32L4xx_HAL_Driver/Src/stm32l4xx_hal_rcc.o
                0x080028e0                HAL_RCC_GetPCLK1Freq
 .text.HAL_RCC_GetPCLK2Freq
                0x0800290c       0x2c ./Drivers/STM32L4xx_HAL_Driver/Src/stm32l4xx_hal_rcc.o
                0x0800290c                HAL_RCC_GetPCLK2Freq
 .text.RCC_SetFlashLatencyFromMSIRange
                0x08002938       0xc0 ./Drivers/STM32L4xx_HAL_Driver/Src/stm32l4xx_hal_rcc.o
 .text.HAL_RCCEx_PeriphCLKConfig
                0x080029f8      0x5d4 ./Drivers/STM32L4xx_HAL_Driver/Src/stm32l4xx_hal_rcc_ex.o
                0x080029f8                HAL_RCCEx_PeriphCLKConfig
 .text.RCCEx_PLLSAI1_Config
                0x08002fcc      0x1e8 ./Drivers/STM32L4xx_HAL_Driver/Src/stm32l4xx_hal_rcc_ex.o
 .text.RCCEx_PLLSAI2_Config
                0x080031b4      0x1bc ./Drivers/STM32L4xx_HAL_Driver/Src/stm32l4xx_hal_rcc_ex.o
 .text.HAL_UART_Init
                0x08003370       0xbc ./Drivers/STM32L4xx_HAL_Driver/Src/stm32l4xx_hal_uart.o
                0x08003370                HAL_UART_Init
 .text.HAL_UART_Transmit_IT
                0x0800342c       0xbc ./Drivers/STM32L4xx_HAL_Driver/Src/stm32l4xx_hal_uart.o
                0x0800342c                HAL_UART_Transmit_IT
 .text.HAL_UART_IRQHandler
                0x080034e8      0x628 ./Drivers/STM32L4xx_HAL_Driver/Src/stm32l4xx_hal_uart.o
                0x080034e8                HAL_UART_IRQHandler
 .text.HAL_UART_TxCpltCallback
                0x08003b10       0x14 ./Drivers/STM32L4xx_HAL_Driver/Src/stm32l4xx_hal_uart.o
                0x08003b10                HAL_UART_TxCpltCallback
 .text.HAL_UART_TxHalfCpltCallback
                0x08003b24       0x14 ./Drivers/STM32L4xx_HAL_Driver/Src/stm32l4xx_hal_uart.o
                0x08003b24                HAL_UART_TxHalfCpltCallback
 .text.HAL_UART_RxCpltCallback
                0x08003b38       0x14 ./Drivers/STM32L4xx_HAL_Driver/Src/stm32l4xx_hal_uart.o
                0x08003b38                HAL_UART_RxCpltCallback
 .text.HAL_UART_RxHalfCpltCallback
                0x08003b4c       0x14 ./Drivers/STM32L4xx_HAL_Driver/Src/stm32l4xx_hal_uart.o
                0x08003b4c                HAL_UART_RxHalfCpltCallback
 .text.HAL_UART_ErrorCallback
                0x08003b60       0x14 ./Drivers/STM32L4xx_HAL_Driver/Src/stm32l4xx_hal_uart.o
                0x08003b60                HAL_UART_ErrorCallback
 .text.HAL_UART_AbortCpltCallback
                0x08003b74       0x14 ./Drivers/STM32L4xx_HAL_Driver/Src/stm32l4xx_hal_uart.o
                0x08003b74                HAL_UART_AbortCpltCallback
 .text.HAL_UART_AbortTransmitCpltCallback
                0x08003b88       0x14 ./Drivers/STM32L4xx_HAL_Driver/Src/stm32l4xx_hal_uart.o
                0x08003b88                HAL_UART_AbortTransmitCpltCallback
 .text.HAL_UART_AbortReceiveCpltCallback
                0x08003b9c       0x14 ./Drivers/STM32L4xx_HAL_Driver/Src/stm32l4xx_hal_uart.o
                0x08003b9c                HAL_UART_AbortReceiveCpltCallback
 .text.HAL_UARTEx_RxEventCallback
                0x08003bb0       0x18 ./Drivers/STM32L4xx_HAL_Driver/Src/stm32l4xx_hal_uart.o
                0x08003bb0                HAL_UARTEx_RxEventCallback
 .text.UART_InitCallbacksToDefault
                0x08003bc8       0x8c ./Drivers/STM32L4xx_HAL_Driver/Src/stm32l4xx_hal_uart.o
                0x08003bc8                UART_InitCallbacksToDefault
 .text.UART_SetConfig
                0x08003c54      0x570 ./Drivers/STM32L4xx_HAL_Driver/Src/stm32l4xx_hal_uart.o
                0x08003c54                UART_SetConfig
 .text.UART_AdvFeatureConfig
                0x080041c4      0x144 ./Drivers/STM32L4xx_HAL_Driver/Src/stm32l4xx_hal_uart.o
                0x080041c4                UART_AdvFeatureConfig
 .text.UART_CheckIdleState
                0x08004308      0x150 ./Drivers/STM32L4xx_HAL_Driver/Src/stm32l4xx_hal_uart.o
                0x08004308                UART_CheckIdleState
 .text.UART_WaitOnFlagUntilTimeout
                0x08004458       0xda ./Drivers/STM32L4xx_HAL_Driver/Src/stm32l4xx_hal_uart.o
                0x08004458                UART_WaitOnFlagUntilTimeout
 *fill*         0x08004532        0x2 
 .text.UART_Start_Receive_IT
                0x08004534      0x18c ./Drivers/STM32L4xx_HAL_Driver/Src/stm32l4xx_hal_uart.o
                0x08004534                UART_Start_Receive_IT
 .text.UART_EndRxTransfer
                0x080046c0       0xc8 ./Drivers/STM32L4xx_HAL_Driver/Src/stm32l4xx_hal_uart.o
 .text.UART_DMAAbortOnError
                0x08004788       0x30 ./Drivers/STM32L4xx_HAL_Driver/Src/stm32l4xx_hal_uart.o
 .text.UART_TxISR_8BIT
                0x080047b8       0xb6 ./Drivers/STM32L4xx_HAL_Driver/Src/stm32l4xx_hal_uart.o
 .text.UART_TxISR_16BIT
                0x0800486e       0xc0 ./Drivers/STM32L4xx_HAL_Driver/Src/stm32l4xx_hal_uart.o
 .text.UART_EndTransmit_IT
                0x0800492e       0x58 ./Drivers/STM32L4xx_HAL_Driver/Src/stm32l4xx_hal_uart.o
 *fill*         0x08004986        0x2 
 .text.UART_RxISR_8BIT
                0x08004988      0x1c4 ./Drivers/STM32L4xx_HAL_Driver/Src/stm32l4xx_hal_uart.o
 .text.UART_RxISR_16BIT
                0x08004b4c      0x1c4 ./Drivers/STM32L4xx_HAL_Driver/Src/stm32l4xx_hal_uart.o
 .text.HAL_UARTEx_WakeupCallback
                0x08004d10       0x14 ./Drivers/STM32L4xx_HAL_Driver/Src/stm32l4xx_hal_uart_ex.o
                0x08004d10                HAL_UARTEx_WakeupCallback
 .text.HAL_UARTEx_ReceiveToIdle_IT
                0x08004d24       0xa0 ./Drivers/STM32L4xx_HAL_Driver/Src/stm32l4xx_hal_uart_ex.o
                0x08004d24                HAL_UARTEx_ReceiveToIdle_IT
 .text._ZdlPvj  0x08004dc4        0x4 C:/ST/STM32CubeIDE_1.17.0/STM32CubeIDE/plugins/com.st.stm32cube.ide.mcu.externaltools.gnu-tools-for-stm32.13.3.rel1.win32_1.0.0.202411081344/tools/bin/../lib/gcc/arm-none-eabi/13.3.1/../../../../arm-none-eabi/lib/thumb/v7e-m+fp/hard\libstdc++_nano.a(del_ops.o)
                0x08004dc4                operator delete(void*, unsigned int)
 .text._Znwj    0x08004dc8       0x22 C:/ST/STM32CubeIDE_1.17.0/STM32CubeIDE/plugins/com.st.stm32cube.ide.mcu.externaltools.gnu-tools-for-stm32.13.3.rel1.win32_1.0.0.202411081344/tools/bin/../lib/gcc/arm-none-eabi/13.3.1/../../../../arm-none-eabi/lib/thumb/v7e-m+fp/hard\libstdc++_nano.a(new_op.o)
                0x08004dc8                operator new(unsigned int)
 .text._Znaj    0x08004dea        0x4 C:/ST/STM32CubeIDE_1.17.0/STM32CubeIDE/plugins/com.st.stm32cube.ide.mcu.externaltools.gnu-tools-for-stm32.13.3.rel1.win32_1.0.0.202411081344/tools/bin/../lib/gcc/arm-none-eabi/13.3.1/../../../../arm-none-eabi/lib/thumb/v7e-m+fp/hard\libstdc++_nano.a(new_opv.o)
                0x08004dea                operator new[](unsigned int)
 .text._ZdlPv   0x08004dee        0x4 C:/ST/STM32CubeIDE_1.17.0/STM32CubeIDE/plugins/com.st.stm32cube.ide.mcu.externaltools.gnu-tools-for-stm32.13.3.rel1.win32_1.0.0.202411081344/tools/bin/../lib/gcc/arm-none-eabi/13.3.1/../../../../arm-none-eabi/lib/thumb/v7e-m+fp/hard\libstdc++_nano.a(del_op.o)
                0x08004dee                operator delete(void*)
 *fill*         0x08004df2        0x2 
 .text._ZSt15get_new_handlerv
                0x08004df4       0x10 C:/ST/STM32CubeIDE_1.17.0/STM32CubeIDE/plugins/com.st.stm32cube.ide.mcu.externaltools.gnu-tools-for-stm32.13.3.rel1.win32_1.0.0.202411081344/tools/bin/../lib/gcc/arm-none-eabi/13.3.1/../../../../arm-none-eabi/lib/thumb/v7e-m+fp/hard\libstdc++_nano.a(new_handler.o)
                0x08004df4                std::get_new_handler()
 .text.abort    0x08004e04        0xe C:/ST/STM32CubeIDE_1.17.0/STM32CubeIDE/plugins/com.st.stm32cube.ide.mcu.externaltools.gnu-tools-for-stm32.13.3.rel1.win32_1.0.0.202411081344/tools/bin/../lib/gcc/arm-none-eabi/13.3.1/../../../../arm-none-eabi/lib/thumb/v7e-m+fp/hard\libc_nano.a(libc_a-abort.o)
                0x08004e04                abort
 *fill*         0x08004e12        0x2 
 .text.malloc   0x08004e14       0x10 C:/ST/STM32CubeIDE_1.17.0/STM32CubeIDE/plugins/com.st.stm32cube.ide.mcu.externaltools.gnu-tools-for-stm32.13.3.rel1.win32_1.0.0.202411081344/tools/bin/../lib/gcc/arm-none-eabi/13.3.1/../../../../arm-none-eabi/lib/thumb/v7e-m+fp/hard\libc_nano.a(libc_a-malloc.o)
                0x08004e14                malloc
 .text.free     0x08004e24       0x10 C:/ST/STM32CubeIDE_1.17.0/STM32CubeIDE/plugins/com.st.stm32cube.ide.mcu.externaltools.gnu-tools-for-stm32.13.3.rel1.win32_1.0.0.202411081344/tools/bin/../lib/gcc/arm-none-eabi/13.3.1/../../../../arm-none-eabi/lib/thumb/v7e-m+fp/hard\libc_nano.a(libc_a-malloc.o)
                0x08004e24                free
 .text.sbrk_aligned
                0x08004e34       0x44 C:/ST/STM32CubeIDE_1.17.0/STM32CubeIDE/plugins/com.st.stm32cube.ide.mcu.externaltools.gnu-tools-for-stm32.13.3.rel1.win32_1.0.0.202411081344/tools/bin/../lib/gcc/arm-none-eabi/13.3.1/../../../../arm-none-eabi/lib/thumb/v7e-m+fp/hard\libc_nano.a(libc_a-mallocr.o)
 .text._malloc_r
                0x08004e78      0x100 C:/ST/STM32CubeIDE_1.17.0/STM32CubeIDE/plugins/com.st.stm32cube.ide.mcu.externaltools.gnu-tools-for-stm32.13.3.rel1.win32_1.0.0.202411081344/tools/bin/../lib/gcc/arm-none-eabi/13.3.1/../../../../arm-none-eabi/lib/thumb/v7e-m+fp/hard\libc_nano.a(libc_a-mallocr.o)
                0x08004e78                _malloc_r
 .text.__malloc_lock
                0x08004f78        0xc C:/ST/STM32CubeIDE_1.17.0/STM32CubeIDE/plugins/com.st.stm32cube.ide.mcu.externaltools.gnu-tools-for-stm32.13.3.rel1.win32_1.0.0.202411081344/tools/bin/../lib/gcc/arm-none-eabi/13.3.1/../../../../arm-none-eabi/lib/thumb/v7e-m+fp/hard\libc_nano.a(libc_a-mlock.o)
                0x08004f78                __malloc_lock
 .text.__malloc_unlock
                0x08004f84        0xc C:/ST/STM32CubeIDE_1.17.0/STM32CubeIDE/plugins/com.st.stm32cube.ide.mcu.externaltools.gnu-tools-for-stm32.13.3.rel1.win32_1.0.0.202411081344/tools/bin/../lib/gcc/arm-none-eabi/13.3.1/../../../../arm-none-eabi/lib/thumb/v7e-m+fp/hard\libc_nano.a(libc_a-mlock.o)
                0x08004f84                __malloc_unlock
 .text.memset   0x08004f90       0x10 C:/ST/STM32CubeIDE_1.17.0/STM32CubeIDE/plugins/com.st.stm32cube.ide.mcu.externaltools.gnu-tools-for-stm32.13.3.rel1.win32_1.0.0.202411081344/tools/bin/../lib/gcc/arm-none-eabi/13.3.1/../../../../arm-none-eabi/lib/thumb/v7e-m+fp/hard\libc_nano.a(libc_a-memset.o)
                0x08004f90                memset
 .text._raise_r
                0x08004fa0       0x50 C:/ST/STM32CubeIDE_1.17.0/STM32CubeIDE/plugins/com.st.stm32cube.ide.mcu.externaltools.gnu-tools-for-stm32.13.3.rel1.win32_1.0.0.202411081344/tools/bin/../lib/gcc/arm-none-eabi/13.3.1/../../../../arm-none-eabi/lib/thumb/v7e-m+fp/hard\libc_nano.a(libc_a-signal.o)
                0x08004fa0                _raise_r
 .text.raise    0x08004ff0       0x10 C:/ST/STM32CubeIDE_1.17.0/STM32CubeIDE/plugins/com.st.stm32cube.ide.mcu.externaltools.gnu-tools-for-stm32.13.3.rel1.win32_1.0.0.202411081344/tools/bin/../lib/gcc/arm-none-eabi/13.3.1/../../../../arm-none-eabi/lib/thumb/v7e-m+fp/hard\libc_nano.a(libc_a-signal.o)
                0x08004ff0                raise
 .text._kill_r  0x08005000       0x24 C:/ST/STM32CubeIDE_1.17.0/STM32CubeIDE/plugins/com.st.stm32cube.ide.mcu.externaltools.gnu-tools-for-stm32.13.3.rel1.win32_1.0.0.202411081344/tools/bin/../lib/gcc/arm-none-eabi/13.3.1/../../../../arm-none-eabi/lib/thumb/v7e-m+fp/hard\libc_nano.a(libc_a-signalr.o)
                0x08005000                _kill_r
 .text._getpid_r
                0x08005024        0x4 C:/ST/STM32CubeIDE_1.17.0/STM32CubeIDE/plugins/com.st.stm32cube.ide.mcu.externaltools.gnu-tools-for-stm32.13.3.rel1.win32_1.0.0.202411081344/tools/bin/../lib/gcc/arm-none-eabi/13.3.1/../../../../arm-none-eabi/lib/thumb/v7e-m+fp/hard\libc_nano.a(libc_a-signalr.o)
                0x08005024                _getpid_r
 .text._sbrk_r  0x08005028       0x20 C:/ST/STM32CubeIDE_1.17.0/STM32CubeIDE/plugins/com.st.stm32cube.ide.mcu.externaltools.gnu-tools-for-stm32.13.3.rel1.win32_1.0.0.202411081344/tools/bin/../lib/gcc/arm-none-eabi/13.3.1/../../../../arm-none-eabi/lib/thumb/v7e-m+fp/hard\libc_nano.a(libc_a-sbrkr.o)
                0x08005028                _sbrk_r
 .text.__errno  0x08005048        0xc C:/ST/STM32CubeIDE_1.17.0/STM32CubeIDE/plugins/com.st.stm32cube.ide.mcu.externaltools.gnu-tools-for-stm32.13.3.rel1.win32_1.0.0.202411081344/tools/bin/../lib/gcc/arm-none-eabi/13.3.1/../../../../arm-none-eabi/lib/thumb/v7e-m+fp/hard\libc_nano.a(libc_a-errno.o)
                0x08005048                __errno
 .text.__libc_init_array
                0x08005054       0x48 C:/ST/STM32CubeIDE_1.17.0/STM32CubeIDE/plugins/com.st.stm32cube.ide.mcu.externaltools.gnu-tools-for-stm32.13.3.rel1.win32_1.0.0.202411081344/tools/bin/../lib/gcc/arm-none-eabi/13.3.1/../../../../arm-none-eabi/lib/thumb/v7e-m+fp/hard\libc_nano.a(libc_a-init.o)
                0x08005054                __libc_init_array
 .text.__retarget_lock_acquire_recursive
                0x0800509c        0x2 C:/ST/STM32CubeIDE_1.17.0/STM32CubeIDE/plugins/com.st.stm32cube.ide.mcu.externaltools.gnu-tools-for-stm32.13.3.rel1.win32_1.0.0.202411081344/tools/bin/../lib/gcc/arm-none-eabi/13.3.1/../../../../arm-none-eabi/lib/thumb/v7e-m+fp/hard\libc_nano.a(libc_a-lock.o)
                0x0800509c                __retarget_lock_acquire_recursive
 .text.__retarget_lock_release_recursive
                0x0800509e        0x2 C:/ST/STM32CubeIDE_1.17.0/STM32CubeIDE/plugins/com.st.stm32cube.ide.mcu.externaltools.gnu-tools-for-stm32.13.3.rel1.win32_1.0.0.202411081344/tools/bin/../lib/gcc/arm-none-eabi/13.3.1/../../../../arm-none-eabi/lib/thumb/v7e-m+fp/hard\libc_nano.a(libc_a-lock.o)
                0x0800509e                __retarget_lock_release_recursive
 .text._free_r  0x080050a0       0x94 C:/ST/STM32CubeIDE_1.17.0/STM32CubeIDE/plugins/com.st.stm32cube.ide.mcu.externaltools.gnu-tools-for-stm32.13.3.rel1.win32_1.0.0.202411081344/tools/bin/../lib/gcc/arm-none-eabi/13.3.1/../../../../arm-none-eabi/lib/thumb/v7e-m+fp/hard\libc_nano.a(libc_a-freer.o)
                0x080050a0                _free_r
 *(.glue_7)
 .glue_7        0x08005134        0x0 linker stubs
 *(.glue_7t)
 .glue_7t       0x08005134        0x0 linker stubs
 *(.eh_frame)
 .eh_frame      0x08005134        0x0 C:/ST/STM32CubeIDE_1.17.0/STM32CubeIDE/plugins/com.st.stm32cube.ide.mcu.externaltools.gnu-tools-for-stm32.13.3.rel1.win32_1.0.0.202411081344/tools/bin/../lib/gcc/arm-none-eabi/13.3.1/thumb/v7e-m+fp/hard/crtbegin.o
 *(.init)
 .init          0x08005134        0x4 C:/ST/STM32CubeIDE_1.17.0/STM32CubeIDE/plugins/com.st.stm32cube.ide.mcu.externaltools.gnu-tools-for-stm32.13.3.rel1.win32_1.0.0.202411081344/tools/bin/../lib/gcc/arm-none-eabi/13.3.1/thumb/v7e-m+fp/hard/crti.o
                0x08005134                _init
 .init          0x08005138        0x8 C:/ST/STM32CubeIDE_1.17.0/STM32CubeIDE/plugins/com.st.stm32cube.ide.mcu.externaltools.gnu-tools-for-stm32.13.3.rel1.win32_1.0.0.202411081344/tools/bin/../lib/gcc/arm-none-eabi/13.3.1/thumb/v7e-m+fp/hard/crtn.o
 *(.fini)
 .fini          0x08005140        0x4 C:/ST/STM32CubeIDE_1.17.0/STM32CubeIDE/plugins/com.st.stm32cube.ide.mcu.externaltools.gnu-tools-for-stm32.13.3.rel1.win32_1.0.0.202411081344/tools/bin/../lib/gcc/arm-none-eabi/13.3.1/thumb/v7e-m+fp/hard/crti.o
                0x08005140                _fini
 .fini          0x08005144        0x8 C:/ST/STM32CubeIDE_1.17.0/STM32CubeIDE/plugins/com.st.stm32cube.ide.mcu.externaltools.gnu-tools-for-stm32.13.3.rel1.win32_1.0.0.202411081344/tools/bin/../lib/gcc/arm-none-eabi/13.3.1/thumb/v7e-m+fp/hard/crtn.o
                0x0800514c                        . = ALIGN (0x4)
                0x0800514c                        _etext = .

.vfp11_veneer   0x0800514c        0x0
 .vfp11_veneer  0x0800514c        0x0 linker stubs

.v4_bx          0x0800514c        0x0
 .v4_bx         0x0800514c        0x0 linker stubs

.iplt           0x0800514c        0x0
 .iplt          0x0800514c        0x0 C:/ST/STM32CubeIDE_1.17.0/STM32CubeIDE/plugins/com.st.stm32cube.ide.mcu.externaltools.gnu-tools-for-stm32.13.3.rel1.win32_1.0.0.202411081344/tools/bin/../lib/gcc/arm-none-eabi/13.3.1/thumb/v7e-m+fp/hard/crtbegin.o

.rodata         0x0800514c       0x98
                0x0800514c                        . = ALIGN (0x4)
 *(.rodata)
 .rodata        0x0800514c       0x10 ./Core/Src/main.o
 *(.rodata*)
 .rodata._ZTV9ButtonISR
                0x0800515c       0x10 ./Core/Src/GPIO_Hal.o
                0x0800515c                vtable for ButtonISR
 .rodata._ZTV6Button
                0x0800516c       0x10 ./Core/Src/GPIO_Hal.o
                0x0800516c                vtable for Button
 .rodata._ZTV3Led
                0x0800517c       0x10 ./Core/Src/GPIO_Hal.o
                0x0800517c                vtable for Led
 .rodata._ZTV8GpioBase
                0x0800518c       0x10 ./Core/Src/GPIO_Hal.o
                0x0800518c                vtable for GpioBase
 .rodata.AHBPrescTable
                0x0800519c       0x10 ./Core/Src/system_stm32l4xx.o
                0x0800519c                AHBPrescTable
 .rodata.APBPrescTable
                0x080051ac        0x8 ./Core/Src/system_stm32l4xx.o
                0x080051ac                APBPrescTable
 .rodata.MSIRangeTable
                0x080051b4       0x30 ./Core/Src/system_stm32l4xx.o
                0x080051b4                MSIRangeTable
                0x080051e4                        . = ALIGN (0x4)

.ARM.extab      0x080051e4        0x0
                0x080051e4                        . = ALIGN (0x4)
 *(.ARM.extab* .gnu.linkonce.armextab.*)
                0x080051e4                        . = ALIGN (0x4)

.ARM            0x080051e4        0x8
                0x080051e4                        . = ALIGN (0x4)
                0x080051e4                        __exidx_start = .
 *(.ARM.exidx*)
 .ARM.exidx     0x080051e4        0x8 C:/ST/STM32CubeIDE_1.17.0/STM32CubeIDE/plugins/com.st.stm32cube.ide.mcu.externaltools.gnu-tools-for-stm32.13.3.rel1.win32_1.0.0.202411081344/tools/bin/../lib/gcc/arm-none-eabi/13.3.1/../../../../arm-none-eabi/lib/thumb/v7e-m+fp/hard\libc_nano.a(libc_a-strlen.o)
 .ARM.exidx     0x080051ec        0x0 C:/ST/STM32CubeIDE_1.17.0/STM32CubeIDE/plugins/com.st.stm32cube.ide.mcu.externaltools.gnu-tools-for-stm32.13.3.rel1.win32_1.0.0.202411081344/tools/bin/../lib/gcc/arm-none-eabi/13.3.1/thumb/v7e-m+fp/hard\libgcc.a(_udivmoddi4.o)
                                  0x8 (size before relaxing)
                0x080051ec                        __exidx_end = .
                0x080051ec                        . = ALIGN (0x4)

.preinit_array  0x080051ec        0x0
                0x080051ec                        . = ALIGN (0x4)
                0x080051ec                        PROVIDE (__preinit_array_start = .)
 *(.preinit_array*)
                0x080051ec                        PROVIDE (__preinit_array_end = .)
                0x080051ec                        . = ALIGN (0x4)

.init_array     0x080051ec        0xc
                0x080051ec                        . = ALIGN (0x4)
                0x080051ec                        PROVIDE (__init_array_start = .)
 *(SORT_BY_NAME(.init_array.*))
 *(.init_array*)
 .init_array    0x080051ec        0x4 C:/ST/STM32CubeIDE_1.17.0/STM32CubeIDE/plugins/com.st.stm32cube.ide.mcu.externaltools.gnu-tools-for-stm32.13.3.rel1.win32_1.0.0.202411081344/tools/bin/../lib/gcc/arm-none-eabi/13.3.1/thumb/v7e-m+fp/hard/crtbegin.o
 .init_array    0x080051f0        0x4 ./Core/Src/GPIO_Hal.o
 .init_array    0x080051f4        0x4 ./Core/Src/UART_Hal.o
                0x080051f8                        PROVIDE (__init_array_end = .)
                0x080051f8                        . = ALIGN (0x4)

.fini_array     0x080051f8        0x4
                0x080051f8                        . = ALIGN (0x4)
                [!provide]                        PROVIDE (__fini_array_start = .)
 *(SORT_BY_NAME(.fini_array.*))
 *(.fini_array*)
 .fini_array    0x080051f8        0x4 C:/ST/STM32CubeIDE_1.17.0/STM32CubeIDE/plugins/com.st.stm32cube.ide.mcu.externaltools.gnu-tools-for-stm32.13.3.rel1.win32_1.0.0.202411081344/tools/bin/../lib/gcc/arm-none-eabi/13.3.1/thumb/v7e-m+fp/hard/crtbegin.o
                [!provide]                        PROVIDE (__fini_array_end = .)
                0x080051fc                        . = ALIGN (0x4)
                0x080051fc                        _sidata = LOADADDR (.data)

.rel.dyn        0x080051fc        0x0
 .rel.iplt      0x080051fc        0x0 C:/ST/STM32CubeIDE_1.17.0/STM32CubeIDE/plugins/com.st.stm32cube.ide.mcu.externaltools.gnu-tools-for-stm32.13.3.rel1.win32_1.0.0.202411081344/tools/bin/../lib/gcc/arm-none-eabi/13.3.1/thumb/v7e-m+fp/hard/crtbegin.o

.data           0x20000000       0x5c load address 0x080051fc
                0x20000000                        . = ALIGN (0x4)
                0x20000000                        _sdata = .
 *(.data)
 *(.data*)
 .data.SystemCoreClock
                0x20000000        0x4 ./Core/Src/system_stm32l4xx.o
                0x20000000                SystemCoreClock
 .data.uwTickPrio
                0x20000004        0x4 ./Drivers/STM32L4xx_HAL_Driver/Src/stm32l4xx_hal.o
                0x20000004                uwTickPrio
 .data.uwTickFreq
                0x20000008        0x1 ./Drivers/STM32L4xx_HAL_Driver/Src/stm32l4xx_hal.o
                0x20000008                uwTickFreq
 *fill*         0x20000009        0x3 
 .data._impure_ptr
                0x2000000c        0x4 C:/ST/STM32CubeIDE_1.17.0/STM32CubeIDE/plugins/com.st.stm32cube.ide.mcu.externaltools.gnu-tools-for-stm32.13.3.rel1.win32_1.0.0.202411081344/tools/bin/../lib/gcc/arm-none-eabi/13.3.1/../../../../arm-none-eabi/lib/thumb/v7e-m+fp/hard\libc_nano.a(libc_a-impure.o)
                0x2000000c                _impure_ptr
 .data._impure_data
                0x20000010       0x4c C:/ST/STM32CubeIDE_1.17.0/STM32CubeIDE/plugins/com.st.stm32cube.ide.mcu.externaltools.gnu-tools-for-stm32.13.3.rel1.win32_1.0.0.202411081344/tools/bin/../lib/gcc/arm-none-eabi/13.3.1/../../../../arm-none-eabi/lib/thumb/v7e-m+fp/hard\libc_nano.a(libc_a-impure.o)
                0x20000010                _impure_data
 *(.RamFunc)
 *(.RamFunc*)
                0x2000005c                        . = ALIGN (0x4)
                0x2000005c                        _edata = .

.igot.plt       0x2000005c        0x0 load address 0x08005258
 .igot.plt      0x2000005c        0x0 C:/ST/STM32CubeIDE_1.17.0/STM32CubeIDE/plugins/com.st.stm32cube.ide.mcu.externaltools.gnu-tools-for-stm32.13.3.rel1.win32_1.0.0.202411081344/tools/bin/../lib/gcc/arm-none-eabi/13.3.1/thumb/v7e-m+fp/hard/crtbegin.o
                0x2000005c                        . = ALIGN (0x4)

.bss            0x2000005c      0x31c load address 0x08005258
                0x2000005c                        _sbss = .
                0x2000005c                        __bss_start__ = _sbss
 *(.bss)
 .bss           0x2000005c       0x1c C:/ST/STM32CubeIDE_1.17.0/STM32CubeIDE/plugins/com.st.stm32cube.ide.mcu.externaltools.gnu-tools-for-stm32.13.3.rel1.win32_1.0.0.202411081344/tools/bin/../lib/gcc/arm-none-eabi/13.3.1/thumb/v7e-m+fp/hard/crtbegin.o
 *(.bss*)
 .bss._ZN8GpioBase8s_initedE
                0x20000078        0x1 ./Core/Src/GPIO_Hal.o
                0x20000078                GpioBase::s_inited
 *fill*         0x20000079        0x3 
 .bss._ZN9ButtonISR8ISR_LISTE
                0x2000007c       0x24 ./Core/Src/GPIO_Hal.o
                0x2000007c                ButtonISR::ISR_LIST
 .bss._ZN8UartBase6isInitE
                0x200000a0        0x1 ./Core/Src/UART_Hal.o
                0x200000a0                UartBase::isInit
 *fill*         0x200000a1        0x3 
 .bss._ZN6UartIT8ISR_LISTE
                0x200000a4        0xc ./Core/Src/UART_Hal.o
                0x200000a4                UartIT::ISR_LIST
 .bss.blueB_latch
                0x200000b0        0x4 ./Core/Src/main.o
                0x200000b0                blueB_latch
 .bss.__sbrk_heap_end
                0x200000b4        0x4 ./Core/Src/sysmem.o
 .bss.huart1    0x200000b8       0xb8 ./Core/Src/usart.o
                0x200000b8                huart1
 .bss.huart2    0x20000170       0xb8 ./Core/Src/usart.o
                0x20000170                huart2
 .bss.uwTick    0x20000228        0x4 ./Drivers/STM32L4xx_HAL_Driver/Src/stm32l4xx_hal.o
                0x20000228                uwTick
 .bss._ZN12_GLOBAL__N_113__new_handlerE
                0x2000022c        0x4 C:/ST/STM32CubeIDE_1.17.0/STM32CubeIDE/plugins/com.st.stm32cube.ide.mcu.externaltools.gnu-tools-for-stm32.13.3.rel1.win32_1.0.0.202411081344/tools/bin/../lib/gcc/arm-none-eabi/13.3.1/../../../../arm-none-eabi/lib/thumb/v7e-m+fp/hard\libstdc++_nano.a(new_handler.o)
 .bss.__malloc_sbrk_start
                0x20000230        0x4 C:/ST/STM32CubeIDE_1.17.0/STM32CubeIDE/plugins/com.st.stm32cube.ide.mcu.externaltools.gnu-tools-for-stm32.13.3.rel1.win32_1.0.0.202411081344/tools/bin/../lib/gcc/arm-none-eabi/13.3.1/../../../../arm-none-eabi/lib/thumb/v7e-m+fp/hard\libc_nano.a(libc_a-mallocr.o)
                0x20000230                __malloc_sbrk_start
 .bss.__malloc_free_list
                0x20000234        0x4 C:/ST/STM32CubeIDE_1.17.0/STM32CubeIDE/plugins/com.st.stm32cube.ide.mcu.externaltools.gnu-tools-for-stm32.13.3.rel1.win32_1.0.0.202411081344/tools/bin/../lib/gcc/arm-none-eabi/13.3.1/../../../../arm-none-eabi/lib/thumb/v7e-m+fp/hard\libc_nano.a(libc_a-mallocr.o)
                0x20000234                __malloc_free_list
 .bss.__sf      0x20000238      0x138 C:/ST/STM32CubeIDE_1.17.0/STM32CubeIDE/plugins/com.st.stm32cube.ide.mcu.externaltools.gnu-tools-for-stm32.13.3.rel1.win32_1.0.0.202411081344/tools/bin/../lib/gcc/arm-none-eabi/13.3.1/../../../../arm-none-eabi/lib/thumb/v7e-m+fp/hard\libc_nano.a(libc_a-findfp.o)
                0x20000238                __sf
 .bss.errno     0x20000370        0x4 C:/ST/STM32CubeIDE_1.17.0/STM32CubeIDE/plugins/com.st.stm32cube.ide.mcu.externaltools.gnu-tools-for-stm32.13.3.rel1.win32_1.0.0.202411081344/tools/bin/../lib/gcc/arm-none-eabi/13.3.1/../../../../arm-none-eabi/lib/thumb/v7e-m+fp/hard\libc_nano.a(libc_a-reent.o)
                0x20000370                errno
 .bss.__lock___malloc_recursive_mutex
                0x20000374        0x1 C:/ST/STM32CubeIDE_1.17.0/STM32CubeIDE/plugins/com.st.stm32cube.ide.mcu.externaltools.gnu-tools-for-stm32.13.3.rel1.win32_1.0.0.202411081344/tools/bin/../lib/gcc/arm-none-eabi/13.3.1/../../../../arm-none-eabi/lib/thumb/v7e-m+fp/hard\libc_nano.a(libc_a-lock.o)
                0x20000374                __lock___malloc_recursive_mutex
 *(COMMON)
                0x20000378                        . = ALIGN (0x4)
 *fill*         0x20000375        0x3 
                0x20000378                        _ebss = .
                0x20000378                        __bss_end__ = _ebss

._user_heap_stack
                0x20000378      0x600 load address 0x08005258
                0x20000378                        . = ALIGN (0x8)
                [!provide]                        PROVIDE (end = .)
                0x20000378                        PROVIDE (_end = .)
                0x20000578                        . = (. + _Min_Heap_Size)
 *fill*         0x20000378      0x200 
                0x20000978                        . = (. + _Min_Stack_Size)
 *fill*         0x20000578      0x400 
                0x20000978                        . = ALIGN (0x8)

/DISCARD/
 libc.a(*)
 libm.a(*)
 libgcc.a(*)

.ARM.attributes
                0x00000000       0x30
 *(.ARM.attributes)
 .ARM.attributes
                0x00000000       0x22 C:/ST/STM32CubeIDE_1.17.0/STM32CubeIDE/plugins/com.st.stm32cube.ide.mcu.externaltools.gnu-tools-for-stm32.13.3.rel1.win32_1.0.0.202411081344/tools/bin/../lib/gcc/arm-none-eabi/13.3.1/thumb/v7e-m+fp/hard/crti.o
 .ARM.attributes
                0x00000022       0x34 C:/ST/STM32CubeIDE_1.17.0/STM32CubeIDE/plugins/com.st.stm32cube.ide.mcu.externaltools.gnu-tools-for-stm32.13.3.rel1.win32_1.0.0.202411081344/tools/bin/../lib/gcc/arm-none-eabi/13.3.1/thumb/v7e-m+fp/hard/crtbegin.o
 .ARM.attributes
                0x00000056       0x34 ./Core/Src/GPIO_Hal.o
 .ARM.attributes
                0x0000008a       0x34 ./Core/Src/UART_Hal.o
 .ARM.attributes
                0x000000be       0x34 ./Core/Src/gpio.o
 .ARM.attributes
                0x000000f2       0x34 ./Core/Src/main.o
 .ARM.attributes
                0x00000126       0x34 ./Core/Src/stm32l4xx_hal_msp.o
 .ARM.attributes
                0x0000015a       0x34 ./Core/Src/stm32l4xx_it.o
 .ARM.attributes
                0x0000018e       0x34 ./Core/Src/syscalls.o
 .ARM.attributes
                0x000001c2       0x34 ./Core/Src/sysmem.o
 .ARM.attributes
                0x000001f6       0x34 ./Core/Src/system_stm32l4xx.o
 .ARM.attributes
                0x0000022a       0x34 ./Core/Src/usart.o
 .ARM.attributes
                0x0000025e       0x21 ./Core/Startup/startup_stm32l476rgtx.o
 .ARM.attributes
                0x0000027f       0x34 ./Drivers/STM32L4xx_HAL_Driver/Src/stm32l4xx_hal.o
 .ARM.attributes
                0x000002b3       0x34 ./Drivers/STM32L4xx_HAL_Driver/Src/stm32l4xx_hal_cortex.o
 .ARM.attributes
                0x000002e7       0x34 ./Drivers/STM32L4xx_HAL_Driver/Src/stm32l4xx_hal_dma.o
 .ARM.attributes
                0x0000031b       0x34 ./Drivers/STM32L4xx_HAL_Driver/Src/stm32l4xx_hal_gpio.o
 .ARM.attributes
                0x0000034f       0x34 ./Drivers/STM32L4xx_HAL_Driver/Src/stm32l4xx_hal_pwr_ex.o
 .ARM.attributes
                0x00000383       0x34 ./Drivers/STM32L4xx_HAL_Driver/Src/stm32l4xx_hal_rcc.o
 .ARM.attributes
                0x000003b7       0x34 ./Drivers/STM32L4xx_HAL_Driver/Src/stm32l4xx_hal_rcc_ex.o
 .ARM.attributes
                0x000003eb       0x34 ./Drivers/STM32L4xx_HAL_Driver/Src/stm32l4xx_hal_uart.o
 .ARM.attributes
                0x0000041f       0x34 ./Drivers/STM32L4xx_HAL_Driver/Src/stm32l4xx_hal_uart_ex.o
 .ARM.attributes
                0x00000453       0x34 C:/ST/STM32CubeIDE_1.17.0/STM32CubeIDE/plugins/com.st.stm32cube.ide.mcu.externaltools.gnu-tools-for-stm32.13.3.rel1.win32_1.0.0.202411081344/tools/bin/../lib/gcc/arm-none-eabi/13.3.1/../../../../arm-none-eabi/lib/thumb/v7e-m+fp/hard\libstdc++_nano.a(del_ops.o)
 .ARM.attributes
                0x00000487       0x34 C:/ST/STM32CubeIDE_1.17.0/STM32CubeIDE/plugins/com.st.stm32cube.ide.mcu.externaltools.gnu-tools-for-stm32.13.3.rel1.win32_1.0.0.202411081344/tools/bin/../lib/gcc/arm-none-eabi/13.3.1/../../../../arm-none-eabi/lib/thumb/v7e-m+fp/hard\libstdc++_nano.a(new_op.o)
 .ARM.attributes
                0x000004bb       0x34 C:/ST/STM32CubeIDE_1.17.0/STM32CubeIDE/plugins/com.st.stm32cube.ide.mcu.externaltools.gnu-tools-for-stm32.13.3.rel1.win32_1.0.0.202411081344/tools/bin/../lib/gcc/arm-none-eabi/13.3.1/../../../../arm-none-eabi/lib/thumb/v7e-m+fp/hard\libstdc++_nano.a(new_opv.o)
 .ARM.attributes
                0x000004ef       0x34 C:/ST/STM32CubeIDE_1.17.0/STM32CubeIDE/plugins/com.st.stm32cube.ide.mcu.externaltools.gnu-tools-for-stm32.13.3.rel1.win32_1.0.0.202411081344/tools/bin/../lib/gcc/arm-none-eabi/13.3.1/../../../../arm-none-eabi/lib/thumb/v7e-m+fp/hard\libstdc++_nano.a(del_op.o)
 .ARM.attributes
                0x00000523       0x34 C:/ST/STM32CubeIDE_1.17.0/STM32CubeIDE/plugins/com.st.stm32cube.ide.mcu.externaltools.gnu-tools-for-stm32.13.3.rel1.win32_1.0.0.202411081344/tools/bin/../lib/gcc/arm-none-eabi/13.3.1/../../../../arm-none-eabi/lib/thumb/v7e-m+fp/hard\libstdc++_nano.a(new_handler.o)
 .ARM.attributes
                0x00000557       0x34 C:/ST/STM32CubeIDE_1.17.0/STM32CubeIDE/plugins/com.st.stm32cube.ide.mcu.externaltools.gnu-tools-for-stm32.13.3.rel1.win32_1.0.0.202411081344/tools/bin/../lib/gcc/arm-none-eabi/13.3.1/../../../../arm-none-eabi/lib/thumb/v7e-m+fp/hard\libc_nano.a(libc_a-abort.o)
 .ARM.attributes
                0x0000058b       0x34 C:/ST/STM32CubeIDE_1.17.0/STM32CubeIDE/plugins/com.st.stm32cube.ide.mcu.externaltools.gnu-tools-for-stm32.13.3.rel1.win32_1.0.0.202411081344/tools/bin/../lib/gcc/arm-none-eabi/13.3.1/../../../../arm-none-eabi/lib/thumb/v7e-m+fp/hard\libc_nano.a(libc_a-malloc.o)
 .ARM.attributes
                0x000005bf       0x34 C:/ST/STM32CubeIDE_1.17.0/STM32CubeIDE/plugins/com.st.stm32cube.ide.mcu.externaltools.gnu-tools-for-stm32.13.3.rel1.win32_1.0.0.202411081344/tools/bin/../lib/gcc/arm-none-eabi/13.3.1/../../../../arm-none-eabi/lib/thumb/v7e-m+fp/hard\libc_nano.a(libc_a-mallocr.o)
 .ARM.attributes
                0x000005f3       0x34 C:/ST/STM32CubeIDE_1.17.0/STM32CubeIDE/plugins/com.st.stm32cube.ide.mcu.externaltools.gnu-tools-for-stm32.13.3.rel1.win32_1.0.0.202411081344/tools/bin/../lib/gcc/arm-none-eabi/13.3.1/../../../../arm-none-eabi/lib/thumb/v7e-m+fp/hard\libc_nano.a(libc_a-mlock.o)
 .ARM.attributes
                0x00000627       0x34 C:/ST/STM32CubeIDE_1.17.0/STM32CubeIDE/plugins/com.st.stm32cube.ide.mcu.externaltools.gnu-tools-for-stm32.13.3.rel1.win32_1.0.0.202411081344/tools/bin/../lib/gcc/arm-none-eabi/13.3.1/../../../../arm-none-eabi/lib/thumb/v7e-m+fp/hard\libc_nano.a(libc_a-findfp.o)
 .ARM.attributes
                0x0000065b       0x34 C:/ST/STM32CubeIDE_1.17.0/STM32CubeIDE/plugins/com.st.stm32cube.ide.mcu.externaltools.gnu-tools-for-stm32.13.3.rel1.win32_1.0.0.202411081344/tools/bin/../lib/gcc/arm-none-eabi/13.3.1/../../../../arm-none-eabi/lib/thumb/v7e-m+fp/hard\libc_nano.a(libc_a-memset.o)
 .ARM.attributes
                0x0000068f       0x34 C:/ST/STM32CubeIDE_1.17.0/STM32CubeIDE/plugins/com.st.stm32cube.ide.mcu.externaltools.gnu-tools-for-stm32.13.3.rel1.win32_1.0.0.202411081344/tools/bin/../lib/gcc/arm-none-eabi/13.3.1/../../../../arm-none-eabi/lib/thumb/v7e-m+fp/hard\libc_nano.a(libc_a-signal.o)
 .ARM.attributes
                0x000006c3       0x34 C:/ST/STM32CubeIDE_1.17.0/STM32CubeIDE/plugins/com.st.stm32cube.ide.mcu.externaltools.gnu-tools-for-stm32.13.3.rel1.win32_1.0.0.202411081344/tools/bin/../lib/gcc/arm-none-eabi/13.3.1/../../../../arm-none-eabi/lib/thumb/v7e-m+fp/hard\libc_nano.a(libc_a-reent.o)
 .ARM.attributes
                0x000006f7       0x34 C:/ST/STM32CubeIDE_1.17.0/STM32CubeIDE/plugins/com.st.stm32cube.ide.mcu.externaltools.gnu-tools-for-stm32.13.3.rel1.win32_1.0.0.202411081344/tools/bin/../lib/gcc/arm-none-eabi/13.3.1/../../../../arm-none-eabi/lib/thumb/v7e-m+fp/hard\libc_nano.a(libc_a-impure.o)
 .ARM.attributes
                0x0000072b       0x34 C:/ST/STM32CubeIDE_1.17.0/STM32CubeIDE/plugins/com.st.stm32cube.ide.mcu.externaltools.gnu-tools-for-stm32.13.3.rel1.win32_1.0.0.202411081344/tools/bin/../lib/gcc/arm-none-eabi/13.3.1/../../../../arm-none-eabi/lib/thumb/v7e-m+fp/hard\libc_nano.a(libc_a-signalr.o)
 .ARM.attributes
                0x0000075f       0x34 C:/ST/STM32CubeIDE_1.17.0/STM32CubeIDE/plugins/com.st.stm32cube.ide.mcu.externaltools.gnu-tools-for-stm32.13.3.rel1.win32_1.0.0.202411081344/tools/bin/../lib/gcc/arm-none-eabi/13.3.1/../../../../arm-none-eabi/lib/thumb/v7e-m+fp/hard\libc_nano.a(libc_a-sbrkr.o)
 .ARM.attributes
                0x00000793       0x34 C:/ST/STM32CubeIDE_1.17.0/STM32CubeIDE/plugins/com.st.stm32cube.ide.mcu.externaltools.gnu-tools-for-stm32.13.3.rel1.win32_1.0.0.202411081344/tools/bin/../lib/gcc/arm-none-eabi/13.3.1/../../../../arm-none-eabi/lib/thumb/v7e-m+fp/hard\libc_nano.a(libc_a-errno.o)
 .ARM.attributes
                0x000007c7       0x34 C:/ST/STM32CubeIDE_1.17.0/STM32CubeIDE/plugins/com.st.stm32cube.ide.mcu.externaltools.gnu-tools-for-stm32.13.3.rel1.win32_1.0.0.202411081344/tools/bin/../lib/gcc/arm-none-eabi/13.3.1/../../../../arm-none-eabi/lib/thumb/v7e-m+fp/hard\libc_nano.a(libc_a-init.o)
 .ARM.attributes
                0x000007fb       0x34 C:/ST/STM32CubeIDE_1.17.0/STM32CubeIDE/plugins/com.st.stm32cube.ide.mcu.externaltools.gnu-tools-for-stm32.13.3.rel1.win32_1.0.0.202411081344/tools/bin/../lib/gcc/arm-none-eabi/13.3.1/../../../../arm-none-eabi/lib/thumb/v7e-m+fp/hard\libc_nano.a(libc_a-lock.o)
 .ARM.attributes
                0x0000082f       0x17 C:/ST/STM32CubeIDE_1.17.0/STM32CubeIDE/plugins/com.st.stm32cube.ide.mcu.externaltools.gnu-tools-for-stm32.13.3.rel1.win32_1.0.0.202411081344/tools/bin/../lib/gcc/arm-none-eabi/13.3.1/../../../../arm-none-eabi/lib/thumb/v7e-m+fp/hard\libc_nano.a(libc_a-strlen.o)
 .ARM.attributes
                0x00000846       0x34 C:/ST/STM32CubeIDE_1.17.0/STM32CubeIDE/plugins/com.st.stm32cube.ide.mcu.externaltools.gnu-tools-for-stm32.13.3.rel1.win32_1.0.0.202411081344/tools/bin/../lib/gcc/arm-none-eabi/13.3.1/../../../../arm-none-eabi/lib/thumb/v7e-m+fp/hard\libc_nano.a(libc_a-freer.o)
 .ARM.attributes
                0x0000087a       0x22 C:/ST/STM32CubeIDE_1.17.0/STM32CubeIDE/plugins/com.st.stm32cube.ide.mcu.externaltools.gnu-tools-for-stm32.13.3.rel1.win32_1.0.0.202411081344/tools/bin/../lib/gcc/arm-none-eabi/13.3.1/thumb/v7e-m+fp/hard\libgcc.a(_aeabi_uldivmod.o)
 .ARM.attributes
                0x0000089c       0x34 C:/ST/STM32CubeIDE_1.17.0/STM32CubeIDE/plugins/com.st.stm32cube.ide.mcu.externaltools.gnu-tools-for-stm32.13.3.rel1.win32_1.0.0.202411081344/tools/bin/../lib/gcc/arm-none-eabi/13.3.1/thumb/v7e-m+fp/hard\libgcc.a(_udivmoddi4.o)
 .ARM.attributes
                0x000008d0       0x22 C:/ST/STM32CubeIDE_1.17.0/STM32CubeIDE/plugins/com.st.stm32cube.ide.mcu.externaltools.gnu-tools-for-stm32.13.3.rel1.win32_1.0.0.202411081344/tools/bin/../lib/gcc/arm-none-eabi/13.3.1/thumb/v7e-m+fp/hard\libgcc.a(_dvmd_tls.o)
 .ARM.attributes
                0x000008f2       0x22 C:/ST/STM32CubeIDE_1.17.0/STM32CubeIDE/plugins/com.st.stm32cube.ide.mcu.externaltools.gnu-tools-for-stm32.13.3.rel1.win32_1.0.0.202411081344/tools/bin/../lib/gcc/arm-none-eabi/13.3.1/thumb/v7e-m+fp/hard/crtn.o
OUTPUT(stm32l476Cpp.elf elf32-littlearm)
LOAD linker stubs
LOAD C:/ST/STM32CubeIDE_1.17.0/STM32CubeIDE/plugins/com.st.stm32cube.ide.mcu.externaltools.gnu-tools-for-stm32.13.3.rel1.win32_1.0.0.202411081344/tools/bin/../lib/gcc/arm-none-eabi/13.3.1/../../../../arm-none-eabi/lib/thumb/v7e-m+fp/hard\libc.a
LOAD C:/ST/STM32CubeIDE_1.17.0/STM32CubeIDE/plugins/com.st.stm32cube.ide.mcu.externaltools.gnu-tools-for-stm32.13.3.rel1.win32_1.0.0.202411081344/tools/bin/../lib/gcc/arm-none-eabi/13.3.1/../../../../arm-none-eabi/lib/thumb/v7e-m+fp/hard\libm.a
LOAD C:/ST/STM32CubeIDE_1.17.0/STM32CubeIDE/plugins/com.st.stm32cube.ide.mcu.externaltools.gnu-tools-for-stm32.13.3.rel1.win32_1.0.0.202411081344/tools/bin/../lib/gcc/arm-none-eabi/13.3.1/thumb/v7e-m+fp/hard\libgcc.a

.debug_info     0x00000000     0xfc4c
 .debug_info    0x00000000      0xf42 ./Core/Src/GPIO_Hal.o
 .debug_info    0x00000f42     0x1404 ./Core/Src/UART_Hal.o
 .debug_info    0x00002346      0x6be ./Core/Src/gpio.o
 .debug_info    0x00002a04     0x118b ./Core/Src/main.o
 .debug_info    0x00003b8f      0x2b9 ./Core/Src/stm32l4xx_hal_msp.o
 .debug_info    0x00003e48      0x825 ./Core/Src/stm32l4xx_it.o
 .debug_info    0x0000466d      0x6a3 ./Core/Src/syscalls.o
 .debug_info    0x00004d10      0x168 ./Core/Src/sysmem.o
 .debug_info    0x00004e78      0x5b1 ./Core/Src/system_stm32l4xx.o
 .debug_info    0x00005429     0x10b1 ./Core/Src/usart.o
 .debug_info    0x000064da       0x30 ./Core/Startup/startup_stm32l476rgtx.o
 .debug_info    0x0000650a      0xaeb ./Drivers/STM32L4xx_HAL_Driver/Src/stm32l4xx_hal.o
 .debug_info    0x00006ff5      0xd81 ./Drivers/STM32L4xx_HAL_Driver/Src/stm32l4xx_hal_cortex.o
 .debug_info    0x00007d76      0x6f4 ./Drivers/STM32L4xx_HAL_Driver/Src/stm32l4xx_hal_dma.o
 .debug_info    0x0000846a      0x757 ./Drivers/STM32L4xx_HAL_Driver/Src/stm32l4xx_hal_gpio.o
 .debug_info    0x00008bc1      0x99e ./Drivers/STM32L4xx_HAL_Driver/Src/stm32l4xx_hal_pwr_ex.o
 .debug_info    0x0000955f      0xc14 ./Drivers/STM32L4xx_HAL_Driver/Src/stm32l4xx_hal_rcc.o
 .debug_info    0x0000a173      0xe11 ./Drivers/STM32L4xx_HAL_Driver/Src/stm32l4xx_hal_rcc_ex.o
 .debug_info    0x0000af84     0x3dfa ./Drivers/STM32L4xx_HAL_Driver/Src/stm32l4xx_hal_uart.o
 .debug_info    0x0000ed7e      0xece ./Drivers/STM32L4xx_HAL_Driver/Src/stm32l4xx_hal_uart_ex.o

.debug_abbrev   0x00000000     0x2d85
 .debug_abbrev  0x00000000      0x4ed ./Core/Src/GPIO_Hal.o
 .debug_abbrev  0x000004ed      0x48c ./Core/Src/UART_Hal.o
 .debug_abbrev  0x00000979      0x15b ./Core/Src/gpio.o
 .debug_abbrev  0x00000ad4      0x4af ./Core/Src/main.o
 .debug_abbrev  0x00000f83       0xc6 ./Core/Src/stm32l4xx_hal_msp.o
 .debug_abbrev  0x00001049      0x174 ./Core/Src/stm32l4xx_it.o
 .debug_abbrev  0x000011bd      0x1b6 ./Core/Src/syscalls.o
 .debug_abbrev  0x00001373       0xbc ./Core/Src/sysmem.o
 .debug_abbrev  0x0000142f      0x11a ./Core/Src/system_stm32l4xx.o
 .debug_abbrev  0x00001549      0x201 ./Core/Src/usart.o
 .debug_abbrev  0x0000174a       0x24 ./Core/Startup/startup_stm32l476rgtx.o
 .debug_abbrev  0x0000176e      0x242 ./Drivers/STM32L4xx_HAL_Driver/Src/stm32l4xx_hal.o
 .debug_abbrev  0x000019b0      0x31c ./Drivers/STM32L4xx_HAL_Driver/Src/stm32l4xx_hal_cortex.o
 .debug_abbrev  0x00001ccc      0x1e4 ./Drivers/STM32L4xx_HAL_Driver/Src/stm32l4xx_hal_dma.o
 .debug_abbrev  0x00001eb0      0x1cb ./Drivers/STM32L4xx_HAL_Driver/Src/stm32l4xx_hal_gpio.o
 .debug_abbrev  0x0000207b      0x1f9 ./Drivers/STM32L4xx_HAL_Driver/Src/stm32l4xx_hal_pwr_ex.o
 .debug_abbrev  0x00002274      0x2cb ./Drivers/STM32L4xx_HAL_Driver/Src/stm32l4xx_hal_rcc.o
 .debug_abbrev  0x0000253f      0x2a6 ./Drivers/STM32L4xx_HAL_Driver/Src/stm32l4xx_hal_rcc_ex.o
 .debug_abbrev  0x000027e5      0x2e2 ./Drivers/STM32L4xx_HAL_Driver/Src/stm32l4xx_hal_uart.o
 .debug_abbrev  0x00002ac7      0x2be ./Drivers/STM32L4xx_HAL_Driver/Src/stm32l4xx_hal_uart_ex.o

.debug_aranges  0x00000000      0xce0
 .debug_aranges
                0x00000000      0x118 ./Core/Src/GPIO_Hal.o
 .debug_aranges
                0x00000118       0xd8 ./Core/Src/UART_Hal.o
 .debug_aranges
                0x000001f0       0x20 ./Core/Src/gpio.o
 .debug_aranges
                0x00000210       0x38 ./Core/Src/main.o
 .debug_aranges
                0x00000248       0x20 ./Core/Src/stm32l4xx_hal_msp.o
 .debug_aranges
                0x00000268       0x78 ./Core/Src/stm32l4xx_it.o
 .debug_aranges
                0x000002e0       0xa8 ./Core/Src/syscalls.o
 .debug_aranges
                0x00000388       0x20 ./Core/Src/sysmem.o
 .debug_aranges
                0x000003a8       0x28 ./Core/Src/system_stm32l4xx.o
 .debug_aranges
                0x000003d0       0x38 ./Core/Src/usart.o
 .debug_aranges
                0x00000408       0x28 ./Core/Startup/startup_stm32l476rgtx.o
 .debug_aranges
                0x00000430      0x130 ./Drivers/STM32L4xx_HAL_Driver/Src/stm32l4xx_hal.o
 .debug_aranges
                0x00000560      0x128 ./Drivers/STM32L4xx_HAL_Driver/Src/stm32l4xx_hal_cortex.o
 .debug_aranges
                0x00000688       0x80 ./Drivers/STM32L4xx_HAL_Driver/Src/stm32l4xx_hal_dma.o
 .debug_aranges
                0x00000708       0x58 ./Drivers/STM32L4xx_HAL_Driver/Src/stm32l4xx_hal_gpio.o
 .debug_aranges
                0x00000760      0x160 ./Drivers/STM32L4xx_HAL_Driver/Src/stm32l4xx_hal_pwr_ex.o
 .debug_aranges
                0x000008c0       0x90 ./Drivers/STM32L4xx_HAL_Driver/Src/stm32l4xx_hal_rcc.o
 .debug_aranges
                0x00000950       0xc0 ./Drivers/STM32L4xx_HAL_Driver/Src/stm32l4xx_hal_rcc_ex.o
 .debug_aranges
                0x00000a10      0x250 ./Drivers/STM32L4xx_HAL_Driver/Src/stm32l4xx_hal_uart.o
 .debug_aranges
                0x00000c60       0x80 ./Drivers/STM32L4xx_HAL_Driver/Src/stm32l4xx_hal_uart_ex.o

.debug_rnglists
                0x00000000      0x9b8
 .debug_rnglists
                0x00000000       0xcd ./Core/Src/GPIO_Hal.o
 .debug_rnglists
                0x000000cd       0x9e ./Core/Src/UART_Hal.o
 .debug_rnglists
                0x0000016b       0x14 ./Core/Src/gpio.o
 .debug_rnglists
                0x0000017f       0x27 ./Core/Src/main.o
 .debug_rnglists
                0x000001a6       0x13 ./Core/Src/stm32l4xx_hal_msp.o
 .debug_rnglists
                0x000001b9       0x55 ./Core/Src/stm32l4xx_it.o
 .debug_rnglists
                0x0000020e       0x79 ./Core/Src/syscalls.o
 .debug_rnglists
                0x00000287       0x13 ./Core/Src/sysmem.o
 .debug_rnglists
                0x0000029a       0x1a ./Core/Src/system_stm32l4xx.o
 .debug_rnglists
                0x000002b4       0x26 ./Core/Src/usart.o
 .debug_rnglists
                0x000002da       0x19 ./Core/Startup/startup_stm32l476rgtx.o
 .debug_rnglists
                0x000002f3       0xdf ./Drivers/STM32L4xx_HAL_Driver/Src/stm32l4xx_hal.o
 .debug_rnglists
                0x000003d2       0xda ./Drivers/STM32L4xx_HAL_Driver/Src/stm32l4xx_hal_cortex.o
 .debug_rnglists
                0x000004ac       0x64 ./Drivers/STM32L4xx_HAL_Driver/Src/stm32l4xx_hal_dma.o
 .debug_rnglists
                0x00000510       0x3f ./Drivers/STM32L4xx_HAL_Driver/Src/stm32l4xx_hal_gpio.o
 .debug_rnglists
                0x0000054f      0x109 ./Drivers/STM32L4xx_HAL_Driver/Src/stm32l4xx_hal_pwr_ex.o
 .debug_rnglists
                0x00000658       0x6d ./Drivers/STM32L4xx_HAL_Driver/Src/stm32l4xx_hal_rcc.o
 .debug_rnglists
                0x000006c5       0x95 ./Drivers/STM32L4xx_HAL_Driver/Src/stm32l4xx_hal_rcc_ex.o
 .debug_rnglists
                0x0000075a      0x1fe ./Drivers/STM32L4xx_HAL_Driver/Src/stm32l4xx_hal_uart.o
 .debug_rnglists
                0x00000958       0x60 ./Drivers/STM32L4xx_HAL_Driver/Src/stm32l4xx_hal_uart_ex.o

.debug_macro    0x00000000    0x294b7
 .debug_macro   0x00000000      0x1e8 ./Core/Src/GPIO_Hal.o
 .debug_macro   0x000001e8      0xc22 ./Core/Src/GPIO_Hal.o
 .debug_macro   0x00000e0a      0x1a1 ./Core/Src/GPIO_Hal.o
 .debug_macro   0x00000fab       0x2e ./Core/Src/GPIO_Hal.o
 .debug_macro   0x00000fd9       0x28 ./Core/Src/GPIO_Hal.o
 .debug_macro   0x00001001       0x1c ./Core/Src/GPIO_Hal.o
 .debug_macro   0x0000101d       0x22 ./Core/Src/GPIO_Hal.o
 .debug_macro   0x0000103f       0x8e ./Core/Src/GPIO_Hal.o
 .debug_macro   0x000010cd       0x51 ./Core/Src/GPIO_Hal.o
 .debug_macro   0x0000111e      0x103 ./Core/Src/GPIO_Hal.o
 .debug_macro   0x00001221       0x6a ./Core/Src/GPIO_Hal.o
 .debug_macro   0x0000128b      0x1df ./Core/Src/GPIO_Hal.o
 .debug_macro   0x0000146a       0x1c ./Core/Src/GPIO_Hal.o
 .debug_macro   0x00001486       0x22 ./Core/Src/GPIO_Hal.o
 .debug_macro   0x000014a8       0xfb ./Core/Src/GPIO_Hal.o
 .debug_macro   0x000015a3     0x1011 ./Core/Src/GPIO_Hal.o
 .debug_macro   0x000025b4      0x11f ./Core/Src/GPIO_Hal.o
 .debug_macro   0x000026d3    0x1a17a ./Core/Src/GPIO_Hal.o
 .debug_macro   0x0001c84d       0x6d ./Core/Src/GPIO_Hal.o
 .debug_macro   0x0001c8ba     0x38fb ./Core/Src/GPIO_Hal.o
 .debug_macro   0x000201b5      0x197 ./Core/Src/GPIO_Hal.o
 .debug_macro   0x0002034c       0x5c ./Core/Src/GPIO_Hal.o
 .debug_macro   0x000203a8     0x159e ./Core/Src/GPIO_Hal.o
 .debug_macro   0x00021946      0x5a5 ./Core/Src/GPIO_Hal.o
 .debug_macro   0x00021eeb      0x1b9 ./Core/Src/GPIO_Hal.o
 .debug_macro   0x000220a4      0x18b ./Core/Src/GPIO_Hal.o
 .debug_macro   0x0002222f      0x26b ./Core/Src/GPIO_Hal.o
 .debug_macro   0x0002249a      0x23d ./Core/Src/GPIO_Hal.o
 .debug_macro   0x000226d7      0x241 ./Core/Src/GPIO_Hal.o
 .debug_macro   0x00022918      0x37c ./Core/Src/GPIO_Hal.o
 .debug_macro   0x00022c94       0xd6 ./Core/Src/GPIO_Hal.o
 .debug_macro   0x00022d6a      0x122 ./Core/Src/GPIO_Hal.o
 .debug_macro   0x00022e8c      0x3ef ./Core/Src/GPIO_Hal.o
 .debug_macro   0x0002327b      0x5d6 ./Core/Src/GPIO_Hal.o
 .debug_macro   0x00023851       0x44 ./Core/Src/GPIO_Hal.o
 .debug_macro   0x00023895      0x330 ./Core/Src/GPIO_Hal.o
 .debug_macro   0x00023bc5       0x10 ./Core/Src/GPIO_Hal.o
 .debug_macro   0x00023bd5      0x2bf ./Core/Src/UART_Hal.o
 .debug_macro   0x00023e94       0x61 ./Core/Src/UART_Hal.o
 .debug_macro   0x00023ef5       0x2a ./Core/Src/UART_Hal.o
 .debug_macro   0x00023f1f       0x43 ./Core/Src/UART_Hal.o
 .debug_macro   0x00023f62       0x34 ./Core/Src/UART_Hal.o
 .debug_macro   0x00023f96      0x38c ./Core/Src/UART_Hal.o
 .debug_macro   0x00024322       0x16 ./Core/Src/UART_Hal.o
 .debug_macro   0x00024338       0x4a ./Core/Src/UART_Hal.o
 .debug_macro   0x00024382       0x34 ./Core/Src/UART_Hal.o
 .debug_macro   0x000243b6       0x10 ./Core/Src/UART_Hal.o
 .debug_macro   0x000243c6       0x58 ./Core/Src/UART_Hal.o
 .debug_macro   0x0002441e       0x8e ./Core/Src/UART_Hal.o
 .debug_macro   0x000244ac       0x16 ./Core/Src/UART_Hal.o
 .debug_macro   0x000244c2      0x185 ./Core/Src/UART_Hal.o
 .debug_macro   0x00024647       0x10 ./Core/Src/UART_Hal.o
 .debug_macro   0x00024657       0x3c ./Core/Src/UART_Hal.o
 .debug_macro   0x00024693       0x20 ./Core/Src/UART_Hal.o
 .debug_macro   0x000246b3       0x16 ./Core/Src/UART_Hal.o
 .debug_macro   0x000246c9      0x1c5 ./Core/Src/gpio.o
 .debug_macro   0x0002488e      0xad8 ./Core/Src/gpio.o
 .debug_macro   0x00025366     0x1011 ./Core/Src/gpio.o
 .debug_macro   0x00026377      0x190 ./Core/Src/gpio.o
 .debug_macro   0x00026507      0x2e1 ./Core/Src/main.o
 .debug_macro   0x000267e8      0x1bb ./Core/Src/stm32l4xx_hal_msp.o
 .debug_macro   0x000269a3      0x1c5 ./Core/Src/stm32l4xx_it.o
 .debug_macro   0x00026b68      0x274 ./Core/Src/syscalls.o
 .debug_macro   0x00026ddc       0x5b ./Core/Src/syscalls.o
 .debug_macro   0x00026e37       0x94 ./Core/Src/syscalls.o
 .debug_macro   0x00026ecb       0x34 ./Core/Src/syscalls.o
 .debug_macro   0x00026eff       0x57 ./Core/Src/syscalls.o
 .debug_macro   0x00026f56      0x370 ./Core/Src/syscalls.o
 .debug_macro   0x000272c6       0x4a ./Core/Src/syscalls.o
 .debug_macro   0x00027310       0x1c ./Core/Src/syscalls.o
 .debug_macro   0x0002732c       0x10 ./Core/Src/syscalls.o
 .debug_macro   0x0002733c       0x3c ./Core/Src/syscalls.o
 .debug_macro   0x00027378       0x10 ./Core/Src/syscalls.o
 .debug_macro   0x00027388       0x10 ./Core/Src/syscalls.o
 .debug_macro   0x00027398       0x10 ./Core/Src/syscalls.o
 .debug_macro   0x000273a8       0x1c ./Core/Src/syscalls.o
 .debug_macro   0x000273c4       0x52 ./Core/Src/syscalls.o
 .debug_macro   0x00027416       0x22 ./Core/Src/syscalls.o
 .debug_macro   0x00027438       0x10 ./Core/Src/syscalls.o
 .debug_macro   0x00027448       0x52 ./Core/Src/syscalls.o
 .debug_macro   0x0002749a       0xcf ./Core/Src/syscalls.o
 .debug_macro   0x00027569       0x1c ./Core/Src/syscalls.o
 .debug_macro   0x00027585       0x3d ./Core/Src/syscalls.o
 .debug_macro   0x000275c2       0x35 ./Core/Src/syscalls.o
 .debug_macro   0x000275f7      0x12c ./Core/Src/syscalls.o
 .debug_macro   0x00027723       0x16 ./Core/Src/syscalls.o
 .debug_macro   0x00027739       0x16 ./Core/Src/syscalls.o
 .debug_macro   0x0002774f       0x29 ./Core/Src/syscalls.o
 .debug_macro   0x00027778       0x10 ./Core/Src/syscalls.o
 .debug_macro   0x00027788      0x242 ./Core/Src/syscalls.o
 .debug_macro   0x000279ca       0x1c ./Core/Src/syscalls.o
 .debug_macro   0x000279e6       0x10 ./Core/Src/syscalls.o
 .debug_macro   0x000279f6       0x10 ./Core/Src/syscalls.o
 .debug_macro   0x00027a06       0x16 ./Core/Src/syscalls.o
 .debug_macro   0x00027a1c      0x146 ./Core/Src/syscalls.o
 .debug_macro   0x00027b62      0x18a ./Core/Src/syscalls.o
 .debug_macro   0x00027cec       0x16 ./Core/Src/syscalls.o
 .debug_macro   0x00027d02       0xce ./Core/Src/syscalls.o
 .debug_macro   0x00027dd0      0x112 ./Core/Src/sysmem.o
 .debug_macro   0x00027ee2      0x23c ./Core/Src/sysmem.o
 .debug_macro   0x0002811e      0x1ac ./Core/Src/system_stm32l4xx.o
 .debug_macro   0x000282ca      0x1c5 ./Core/Src/usart.o
 .debug_macro   0x0002848f      0x1fa ./Drivers/STM32L4xx_HAL_Driver/Src/stm32l4xx_hal.o
 .debug_macro   0x00028689      0x1ac ./Drivers/STM32L4xx_HAL_Driver/Src/stm32l4xx_hal_cortex.o
 .debug_macro   0x00028835      0x1ac ./Drivers/STM32L4xx_HAL_Driver/Src/stm32l4xx_hal_dma.o
 .debug_macro   0x000289e1      0x1b3 ./Drivers/STM32L4xx_HAL_Driver/Src/stm32l4xx_hal_gpio.o
 .debug_macro   0x00028b94      0x1d0 ./Drivers/STM32L4xx_HAL_Driver/Src/stm32l4xx_hal_pwr_ex.o
 .debug_macro   0x00028d64      0x1ee ./Drivers/STM32L4xx_HAL_Driver/Src/stm32l4xx_hal_rcc.o
 .debug_macro   0x00028f52      0x1e2 ./Drivers/STM32L4xx_HAL_Driver/Src/stm32l4xx_hal_rcc_ex.o
 .debug_macro   0x00029134      0x1d7 ./Drivers/STM32L4xx_HAL_Driver/Src/stm32l4xx_hal_uart.o
 .debug_macro   0x0002930b      0x1ac ./Drivers/STM32L4xx_HAL_Driver/Src/stm32l4xx_hal_uart_ex.o

.debug_line     0x00000000     0xf60c
 .debug_line    0x00000000      0xb91 ./Core/Src/GPIO_Hal.o
 .debug_line    0x00000b91      0xd8a ./Core/Src/UART_Hal.o
 .debug_line    0x0000191b      0x731 ./Core/Src/gpio.o
 .debug_line    0x0000204c      0x9bf ./Core/Src/main.o
 .debug_line    0x00002a0b      0x716 ./Core/Src/stm32l4xx_hal_msp.o
 .debug_line    0x00003121      0x80d ./Core/Src/stm32l4xx_it.o
 .debug_line    0x0000392e      0x8ac ./Core/Src/syscalls.o
 .debug_line    0x000041da      0x588 ./Core/Src/sysmem.o
 .debug_line    0x00004762      0x7b4 ./Core/Src/system_stm32l4xx.o
 .debug_line    0x00004f16      0x82b ./Core/Src/usart.o
 .debug_line    0x00005741       0x7a ./Core/Startup/startup_stm32l476rgtx.o
 .debug_line    0x000057bb      0xb1c ./Drivers/STM32L4xx_HAL_Driver/Src/stm32l4xx_hal.o
 .debug_line    0x000062d7      0xcb7 ./Drivers/STM32L4xx_HAL_Driver/Src/stm32l4xx_hal_cortex.o
 .debug_line    0x00006f8e      0xcf6 ./Drivers/STM32L4xx_HAL_Driver/Src/stm32l4xx_hal_dma.o
 .debug_line    0x00007c84      0xb70 ./Drivers/STM32L4xx_HAL_Driver/Src/stm32l4xx_hal_gpio.o
 .debug_line    0x000087f4      0xcfe ./Drivers/STM32L4xx_HAL_Driver/Src/stm32l4xx_hal_pwr_ex.o
 .debug_line    0x000094f2     0x1071 ./Drivers/STM32L4xx_HAL_Driver/Src/stm32l4xx_hal_rcc.o
 .debug_line    0x0000a563     0x153e ./Drivers/STM32L4xx_HAL_Driver/Src/stm32l4xx_hal_rcc_ex.o
 .debug_line    0x0000baa1     0x2fab ./Drivers/STM32L4xx_HAL_Driver/Src/stm32l4xx_hal_uart.o
 .debug_line    0x0000ea4c      0xbc0 ./Drivers/STM32L4xx_HAL_Driver/Src/stm32l4xx_hal_uart_ex.o

.debug_str      0x00000000    0xeb263
 .debug_str     0x00000000    0xeb263 ./Core/Src/GPIO_Hal.o
                              0xe1c22 (size before relaxing)
 .debug_str     0x000eb263    0xe5425 ./Core/Src/UART_Hal.o
 .debug_str     0x000eb263    0xe1454 ./Core/Src/gpio.o
 .debug_str     0x000eb263    0xe54ee ./Core/Src/main.o
 .debug_str     0x000eb263    0xe0e71 ./Core/Src/stm32l4xx_hal_msp.o
 .debug_str     0x000eb263    0xe1360 ./Core/Src/stm32l4xx_it.o
 .debug_str     0x000eb263     0x99e1 ./Core/Src/syscalls.o
 .debug_str     0x000eb263     0x777f ./Core/Src/sysmem.o
 .debug_str     0x000eb263    0xe0eff ./Core/Src/system_stm32l4xx.o
 .debug_str     0x000eb263    0xe1c85 ./Core/Src/usart.o
 .debug_str     0x000eb263       0x81 ./Core/Startup/startup_stm32l476rgtx.o
 .debug_str     0x000eb263    0xe1a92 ./Drivers/STM32L4xx_HAL_Driver/Src/stm32l4xx_hal.o
 .debug_str     0x000eb263    0xe1778 ./Drivers/STM32L4xx_HAL_Driver/Src/stm32l4xx_hal_cortex.o
 .debug_str     0x000eb263    0xe1169 ./Drivers/STM32L4xx_HAL_Driver/Src/stm32l4xx_hal_dma.o
 .debug_str     0x000eb263    0xe1078 ./Drivers/STM32L4xx_HAL_Driver/Src/stm32l4xx_hal_gpio.o
 .debug_str     0x000eb263    0xe145a ./Drivers/STM32L4xx_HAL_Driver/Src/stm32l4xx_hal_pwr_ex.o
 .debug_str     0x000eb263    0xe1545 ./Drivers/STM32L4xx_HAL_Driver/Src/stm32l4xx_hal_rcc.o
 .debug_str     0x000eb263    0xe16be ./Drivers/STM32L4xx_HAL_Driver/Src/stm32l4xx_hal_rcc_ex.o
 .debug_str     0x000eb263    0xe1f69 ./Drivers/STM32L4xx_HAL_Driver/Src/stm32l4xx_hal_uart.o
 .debug_str     0x000eb263    0xe1577 ./Drivers/STM32L4xx_HAL_Driver/Src/stm32l4xx_hal_uart_ex.o

.comment        0x00000000       0x43
 .comment       0x00000000       0x43 ./Core/Src/GPIO_Hal.o
                                 0x44 (size before relaxing)
 .comment       0x00000043       0x44 ./Core/Src/UART_Hal.o
 .comment       0x00000043       0x44 ./Core/Src/gpio.o
 .comment       0x00000043       0x44 ./Core/Src/main.o
 .comment       0x00000043       0x44 ./Core/Src/stm32l4xx_hal_msp.o
 .comment       0x00000043       0x44 ./Core/Src/stm32l4xx_it.o
 .comment       0x00000043       0x44 ./Core/Src/syscalls.o
 .comment       0x00000043       0x44 ./Core/Src/sysmem.o
 .comment       0x00000043       0x44 ./Core/Src/system_stm32l4xx.o
 .comment       0x00000043       0x44 ./Core/Src/usart.o
 .comment       0x00000043       0x44 ./Drivers/STM32L4xx_HAL_Driver/Src/stm32l4xx_hal.o
 .comment       0x00000043       0x44 ./Drivers/STM32L4xx_HAL_Driver/Src/stm32l4xx_hal_cortex.o
 .comment       0x00000043       0x44 ./Drivers/STM32L4xx_HAL_Driver/Src/stm32l4xx_hal_dma.o
 .comment       0x00000043       0x44 ./Drivers/STM32L4xx_HAL_Driver/Src/stm32l4xx_hal_gpio.o
 .comment       0x00000043       0x44 ./Drivers/STM32L4xx_HAL_Driver/Src/stm32l4xx_hal_pwr_ex.o
 .comment       0x00000043       0x44 ./Drivers/STM32L4xx_HAL_Driver/Src/stm32l4xx_hal_rcc.o
 .comment       0x00000043       0x44 ./Drivers/STM32L4xx_HAL_Driver/Src/stm32l4xx_hal_rcc_ex.o
 .comment       0x00000043       0x44 ./Drivers/STM32L4xx_HAL_Driver/Src/stm32l4xx_hal_uart.o
 .comment       0x00000043       0x44 ./Drivers/STM32L4xx_HAL_Driver/Src/stm32l4xx_hal_uart_ex.o

.debug_frame    0x00000000     0x3868
 .debug_frame   0x00000000      0x49c ./Core/Src/GPIO_Hal.o
 .debug_frame   0x0000049c      0x390 ./Core/Src/UART_Hal.o
 .debug_frame   0x0000082c       0x34 ./Core/Src/gpio.o
 .debug_frame   0x00000860       0x8c ./Core/Src/main.o
 .debug_frame   0x000008ec       0x38 ./Core/Src/stm32l4xx_hal_msp.o
 .debug_frame   0x00000924      0x158 ./Core/Src/stm32l4xx_it.o
 .debug_frame   0x00000a7c      0x2ac ./Core/Src/syscalls.o
 .debug_frame   0x00000d28       0x34 ./Core/Src/sysmem.o
 .debug_frame   0x00000d5c       0x58 ./Core/Src/system_stm32l4xx.o
 .debug_frame   0x00000db4       0x94 ./Core/Src/usart.o
 .debug_frame   0x00000e48      0x498 ./Drivers/STM32L4xx_HAL_Driver/Src/stm32l4xx_hal.o
 .debug_frame   0x000012e0      0x4e8 ./Drivers/STM32L4xx_HAL_Driver/Src/stm32l4xx_hal_cortex.o
 .debug_frame   0x000017c8      0x204 ./Drivers/STM32L4xx_HAL_Driver/Src/stm32l4xx_hal_dma.o
 .debug_frame   0x000019cc      0x14c ./Drivers/STM32L4xx_HAL_Driver/Src/stm32l4xx_hal_gpio.o
 .debug_frame   0x00001b18      0x584 ./Drivers/STM32L4xx_HAL_Driver/Src/stm32l4xx_hal_pwr_ex.o
 .debug_frame   0x0000209c      0x21c ./Drivers/STM32L4xx_HAL_Driver/Src/stm32l4xx_hal_rcc.o
 .debug_frame   0x000022b8      0x2fc ./Drivers/STM32L4xx_HAL_Driver/Src/stm32l4xx_hal_rcc_ex.o
 .debug_frame   0x000025b4      0xabc ./Drivers/STM32L4xx_HAL_Driver/Src/stm32l4xx_hal_uart.o
 .debug_frame   0x00003070      0x204 ./Drivers/STM32L4xx_HAL_Driver/Src/stm32l4xx_hal_uart_ex.o
 .debug_frame   0x00003274       0x20 C:/ST/STM32CubeIDE_1.17.0/STM32CubeIDE/plugins/com.st.stm32cube.ide.mcu.externaltools.gnu-tools-for-stm32.13.3.rel1.win32_1.0.0.202411081344/tools/bin/../lib/gcc/arm-none-eabi/13.3.1/../../../../arm-none-eabi/lib/thumb/v7e-m+fp/hard\libstdc++_nano.a(del_ops.o)
 .debug_frame   0x00003294       0x28 C:/ST/STM32CubeIDE_1.17.0/STM32CubeIDE/plugins/com.st.stm32cube.ide.mcu.externaltools.gnu-tools-for-stm32.13.3.rel1.win32_1.0.0.202411081344/tools/bin/../lib/gcc/arm-none-eabi/13.3.1/../../../../arm-none-eabi/lib/thumb/v7e-m+fp/hard\libstdc++_nano.a(new_op.o)
 .debug_frame   0x000032bc       0x20 C:/ST/STM32CubeIDE_1.17.0/STM32CubeIDE/plugins/com.st.stm32cube.ide.mcu.externaltools.gnu-tools-for-stm32.13.3.rel1.win32_1.0.0.202411081344/tools/bin/../lib/gcc/arm-none-eabi/13.3.1/../../../../arm-none-eabi/lib/thumb/v7e-m+fp/hard\libstdc++_nano.a(new_opv.o)
 .debug_frame   0x000032dc       0x20 C:/ST/STM32CubeIDE_1.17.0/STM32CubeIDE/plugins/com.st.stm32cube.ide.mcu.externaltools.gnu-tools-for-stm32.13.3.rel1.win32_1.0.0.202411081344/tools/bin/../lib/gcc/arm-none-eabi/13.3.1/../../../../arm-none-eabi/lib/thumb/v7e-m+fp/hard\libstdc++_nano.a(del_op.o)
 .debug_frame   0x000032fc       0x30 C:/ST/STM32CubeIDE_1.17.0/STM32CubeIDE/plugins/com.st.stm32cube.ide.mcu.externaltools.gnu-tools-for-stm32.13.3.rel1.win32_1.0.0.202411081344/tools/bin/../lib/gcc/arm-none-eabi/13.3.1/../../../../arm-none-eabi/lib/thumb/v7e-m+fp/hard\libstdc++_nano.a(new_handler.o)
 .debug_frame   0x0000332c       0x28 C:/ST/STM32CubeIDE_1.17.0/STM32CubeIDE/plugins/com.st.stm32cube.ide.mcu.externaltools.gnu-tools-for-stm32.13.3.rel1.win32_1.0.0.202411081344/tools/bin/../lib/gcc/arm-none-eabi/13.3.1/../../../../arm-none-eabi/lib/thumb/v7e-m+fp/hard\libc_nano.a(libc_a-abort.o)
 .debug_frame   0x00003354       0x30 C:/ST/STM32CubeIDE_1.17.0/STM32CubeIDE/plugins/com.st.stm32cube.ide.mcu.externaltools.gnu-tools-for-stm32.13.3.rel1.win32_1.0.0.202411081344/tools/bin/../lib/gcc/arm-none-eabi/13.3.1/../../../../arm-none-eabi/lib/thumb/v7e-m+fp/hard\libc_nano.a(libc_a-malloc.o)
 .debug_frame   0x00003384       0x50 C:/ST/STM32CubeIDE_1.17.0/STM32CubeIDE/plugins/com.st.stm32cube.ide.mcu.externaltools.gnu-tools-for-stm32.13.3.rel1.win32_1.0.0.202411081344/tools/bin/../lib/gcc/arm-none-eabi/13.3.1/../../../../arm-none-eabi/lib/thumb/v7e-m+fp/hard\libc_nano.a(libc_a-mallocr.o)
 .debug_frame   0x000033d4       0x30 C:/ST/STM32CubeIDE_1.17.0/STM32CubeIDE/plugins/com.st.stm32cube.ide.mcu.externaltools.gnu-tools-for-stm32.13.3.rel1.win32_1.0.0.202411081344/tools/bin/../lib/gcc/arm-none-eabi/13.3.1/../../../../arm-none-eabi/lib/thumb/v7e-m+fp/hard\libc_nano.a(libc_a-mlock.o)
 .debug_frame   0x00003404      0x144 C:/ST/STM32CubeIDE_1.17.0/STM32CubeIDE/plugins/com.st.stm32cube.ide.mcu.externaltools.gnu-tools-for-stm32.13.3.rel1.win32_1.0.0.202411081344/tools/bin/../lib/gcc/arm-none-eabi/13.3.1/../../../../arm-none-eabi/lib/thumb/v7e-m+fp/hard\libc_nano.a(libc_a-findfp.o)
 .debug_frame   0x00003548       0x20 C:/ST/STM32CubeIDE_1.17.0/STM32CubeIDE/plugins/com.st.stm32cube.ide.mcu.externaltools.gnu-tools-for-stm32.13.3.rel1.win32_1.0.0.202411081344/tools/bin/../lib/gcc/arm-none-eabi/13.3.1/../../../../arm-none-eabi/lib/thumb/v7e-m+fp/hard\libc_nano.a(libc_a-memset.o)
 .debug_frame   0x00003568       0xcc C:/ST/STM32CubeIDE_1.17.0/STM32CubeIDE/plugins/com.st.stm32cube.ide.mcu.externaltools.gnu-tools-for-stm32.13.3.rel1.win32_1.0.0.202411081344/tools/bin/../lib/gcc/arm-none-eabi/13.3.1/../../../../arm-none-eabi/lib/thumb/v7e-m+fp/hard\libc_nano.a(libc_a-signal.o)
 .debug_frame   0x00003634       0x38 C:/ST/STM32CubeIDE_1.17.0/STM32CubeIDE/plugins/com.st.stm32cube.ide.mcu.externaltools.gnu-tools-for-stm32.13.3.rel1.win32_1.0.0.202411081344/tools/bin/../lib/gcc/arm-none-eabi/13.3.1/../../../../arm-none-eabi/lib/thumb/v7e-m+fp/hard\libc_nano.a(libc_a-reent.o)
 .debug_frame   0x0000366c       0x3c C:/ST/STM32CubeIDE_1.17.0/STM32CubeIDE/plugins/com.st.stm32cube.ide.mcu.externaltools.gnu-tools-for-stm32.13.3.rel1.win32_1.0.0.202411081344/tools/bin/../lib/gcc/arm-none-eabi/13.3.1/../../../../arm-none-eabi/lib/thumb/v7e-m+fp/hard\libc_nano.a(libc_a-signalr.o)
 .debug_frame   0x000036a8       0x2c C:/ST/STM32CubeIDE_1.17.0/STM32CubeIDE/plugins/com.st.stm32cube.ide.mcu.externaltools.gnu-tools-for-stm32.13.3.rel1.win32_1.0.0.202411081344/tools/bin/../lib/gcc/arm-none-eabi/13.3.1/../../../../arm-none-eabi/lib/thumb/v7e-m+fp/hard\libc_nano.a(libc_a-sbrkr.o)
 .debug_frame   0x000036d4       0x20 C:/ST/STM32CubeIDE_1.17.0/STM32CubeIDE/plugins/com.st.stm32cube.ide.mcu.externaltools.gnu-tools-for-stm32.13.3.rel1.win32_1.0.0.202411081344/tools/bin/../lib/gcc/arm-none-eabi/13.3.1/../../../../arm-none-eabi/lib/thumb/v7e-m+fp/hard\libc_nano.a(libc_a-errno.o)
 .debug_frame   0x000036f4       0x2c C:/ST/STM32CubeIDE_1.17.0/STM32CubeIDE/plugins/com.st.stm32cube.ide.mcu.externaltools.gnu-tools-for-stm32.13.3.rel1.win32_1.0.0.202411081344/tools/bin/../lib/gcc/arm-none-eabi/13.3.1/../../../../arm-none-eabi/lib/thumb/v7e-m+fp/hard\libc_nano.a(libc_a-init.o)
 .debug_frame   0x00003720       0xb0 C:/ST/STM32CubeIDE_1.17.0/STM32CubeIDE/plugins/com.st.stm32cube.ide.mcu.externaltools.gnu-tools-for-stm32.13.3.rel1.win32_1.0.0.202411081344/tools/bin/../lib/gcc/arm-none-eabi/13.3.1/../../../../arm-none-eabi/lib/thumb/v7e-m+fp/hard\libc_nano.a(libc_a-lock.o)
 .debug_frame   0x000037d0       0x38 C:/ST/STM32CubeIDE_1.17.0/STM32CubeIDE/plugins/com.st.stm32cube.ide.mcu.externaltools.gnu-tools-for-stm32.13.3.rel1.win32_1.0.0.202411081344/tools/bin/../lib/gcc/arm-none-eabi/13.3.1/../../../../arm-none-eabi/lib/thumb/v7e-m+fp/hard\libc_nano.a(libc_a-freer.o)