Archive member included to satisfy reference by file (symbol)

C:/ST/STM32CubeIDE_1.17.0/STM32CubeIDE/plugins/com.st.stm32cube.ide.mcu.externaltools.gnu-tools-for-stm32.13.3.rel1.win32_1.0.0.202411081344/tools/bin/../lib/gcc/arm-none-eabi/13.3.1/../../../../arm-none-eabi/lib/thumb/v7e-m+fp/hard\libstdc++_nano.a(del_ops.o)
                              ./Core/Src/GPIO_Hal.o (operator delete(void*, unsigned int))
C:/ST/STM32CubeIDE_1.17.0/STM32CubeIDE/plugins/com.st.stm32cube.ide.mcu.externaltools.gnu-tools-for-stm32.13.3.rel1.win32_1.0.0.202411081344/tools/bin/../lib/gcc/arm-none-eabi/13.3.1/../../../../arm-none-eabi/lib/thumb/v7e-m+fp/hard\libstdc++_nano.a(del_op.o)
                              C:/ST/STM32CubeIDE_1.17.0/STM32CubeIDE/plugins/com.st.stm32cube.ide.mcu.externaltools.gnu-tools-for-stm32.13.3.rel1.win32_1.0.0.202411081344/tools/bin/../lib/gcc/arm-none-eabi/13.3.1/../../../../arm-none-eabi/lib/thumb/v7e-m+fp/hard\libstdc++_nano.a(del_ops.o) (operator delete(void*))
C:/ST/STM32CubeIDE_1.17.0/STM32CubeIDE/plugins/com.st.stm32cube.ide.mcu.externaltools.gnu-tools-for-stm32.13.3.rel1.win32_1.0.0.202411081344/tools/bin/../lib/gcc/arm-none-eabi/13.3.1/../../../../arm-none-eabi/lib/thumb/v7e-m+fp/hard\libc_nano.a(libc_a-exit.o)
                              C:/ST/STM32CubeIDE_1.17.0/STM32CubeIDE/plugins/com.st.stm32cube.ide.mcu.externaltools.gnu-tools-for-stm32.13.3.rel1.win32_1.0.0.202411081344/tools/bin/../lib/gcc/arm-none-eabi/13.3.1/../../../../arm-none-eabi/lib/thumb/v7e-m+fp/hard/crt0.o (exit)
C:/ST/STM32CubeIDE_1.17.0/STM32CubeIDE/plugins/com.st.stm32cube.ide.mcu.externaltools.gnu-tools-for-stm32.13.3.rel1.win32_1.0.0.202411081344/tools/bin/../lib/gcc/arm-none-eabi/13.3.1/../../../../arm-none-eabi/lib/thumb/v7e-m+fp/hard\libc_nano.a(libc_a-malloc.o)
                              C:/ST/STM32CubeIDE_1.17.0/STM32CubeIDE/plugins/com.st.stm32cube.ide.mcu.externaltools.gnu-tools-for-stm32.13.3.rel1.win32_1.0.0.202411081344/tools/bin/../lib/gcc/arm-none-eabi/13.3.1/../../../../arm-none-eabi/lib/thumb/v7e-m+fp/hard\libstdc++_nano.a(del_op.o) (free)
C:/ST/STM32CubeIDE_1.17.0/STM32CubeIDE/plugins/com.st.stm32cube.ide.mcu.externaltools.gnu-tools-for-stm32.13.3.rel1.win32_1.0.0.202411081344/tools/bin/../lib/gcc/arm-none-eabi/13.3.1/../../../../arm-none-eabi/lib/thumb/v7e-m+fp/hard\libc_nano.a(libc_a-mallocr.o)
                              C:/ST/STM32CubeIDE_1.17.0/STM32CubeIDE/plugins/com.st.stm32cube.ide.mcu.externaltools.gnu-tools-for-stm32.13.3.rel1.win32_1.0.0.202411081344/tools/bin/../lib/gcc/arm-none-eabi/13.3.1/../../../../arm-none-eabi/lib/thumb/v7e-m+fp/hard\libc_nano.a(libc_a-malloc.o) (_malloc_r)
C:/ST/STM32CubeIDE_1.17.0/STM32CubeIDE/plugins/com.st.stm32cube.ide.mcu.externaltools.gnu-tools-for-stm32.13.3.rel1.win32_1.0.0.202411081344/tools/bin/../lib/gcc/arm-none-eabi/13.3.1/../../../../arm-none-eabi/lib/thumb/v7e-m+fp/hard\libc_nano.a(libc_a-mlock.o)
                              C:/ST/STM32CubeIDE_1.17.0/STM32CubeIDE/plugins/com.st.stm32cube.ide.mcu.externaltools.gnu-tools-for-stm32.13.3.rel1.win32_1.0.0.202411081344/tools/bin/../lib/gcc/arm-none-eabi/13.3.1/../../../../arm-none-eabi/lib/thumb/v7e-m+fp/hard\libc_nano.a(libc_a-mallocr.o) (__malloc_lock)
C:/ST/STM32CubeIDE_1.17.0/STM32CubeIDE/plugins/com.st.stm32cube.ide.mcu.externaltools.gnu-tools-for-stm32.13.3.rel1.win32_1.0.0.202411081344/tools/bin/../lib/gcc/arm-none-eabi/13.3.1/../../../../arm-none-eabi/lib/thumb/v7e-m+fp/hard\libc_nano.a(libc_a-findfp.o)
                              C:/ST/STM32CubeIDE_1.17.0/STM32CubeIDE/plugins/com.st.stm32cube.ide.mcu.externaltools.gnu-tools-for-stm32.13.3.rel1.win32_1.0.0.202411081344/tools/bin/../lib/gcc/arm-none-eabi/13.3.1/../../../../arm-none-eabi/lib/thumb/v7e-m+fp/hard\libc_nano.a(libc_a-exit.o) (__stdio_exit_handler)
C:/ST/STM32CubeIDE_1.17.0/STM32CubeIDE/plugins/com.st.stm32cube.ide.mcu.externaltools.gnu-tools-for-stm32.13.3.rel1.win32_1.0.0.202411081344/tools/bin/../lib/gcc/arm-none-eabi/13.3.1/../../../../arm-none-eabi/lib/thumb/v7e-m+fp/hard\libc_nano.a(libc_a-fwalk.o)
                              C:/ST/STM32CubeIDE_1.17.0/STM32CubeIDE/plugins/com.st.stm32cube.ide.mcu.externaltools.gnu-tools-for-stm32.13.3.rel1.win32_1.0.0.202411081344/tools/bin/../lib/gcc/arm-none-eabi/13.3.1/../../../../arm-none-eabi/lib/thumb/v7e-m+fp/hard\libc_nano.a(libc_a-findfp.o) (_fwalk_sglue)
C:/ST/STM32CubeIDE_1.17.0/STM32CubeIDE/plugins/com.st.stm32cube.ide.mcu.externaltools.gnu-tools-for-stm32.13.3.rel1.win32_1.0.0.202411081344/tools/bin/../lib/gcc/arm-none-eabi/13.3.1/../../../../arm-none-eabi/lib/thumb/v7e-m+fp/hard\libc_nano.a(libc_a-stdio.o)
                              C:/ST/STM32CubeIDE_1.17.0/STM32CubeIDE/plugins/com.st.stm32cube.ide.mcu.externaltools.gnu-tools-for-stm32.13.3.rel1.win32_1.0.0.202411081344/tools/bin/../lib/gcc/arm-none-eabi/13.3.1/../../../../arm-none-eabi/lib/thumb/v7e-m+fp/hard\libc_nano.a(libc_a-findfp.o) (__sread)
[...]
Memory Configuration

Name             Origin             Length             Attributes
RAM              0x20000000         0x00018000         xrw
RAM2             0x10000000         0x00008000         xrw
FLASH            0x08000000         0x00100000         xr
*default*        0x00000000         0xffffffff

Linker script and memory map

LOAD C:/ST/STM32CubeIDE_1.17.0/STM32CubeIDE/plugins/com.st.stm32cube.ide.mcu.externaltools.gnu-tools-for-stm32.13.3.rel1.win32_1.0.0.202411081344/tools/bin/../lib/gcc/arm-none-eabi/13.3.1/thumb/v7e-m+fp/hard/crti.o
LOAD C:/ST/STM32CubeIDE_1.17.0/STM32CubeIDE/plugins/com.st.stm32cube.ide.mcu.externaltools.gnu-tools-for-stm32.13.3.rel1.win32_1.0.0.202411081344/tools/bin/../lib/gcc/arm-none-eabi/13.3.1/thumb/v7e-m+fp/hard/crtbegin.o
LOAD C:/ST/STM32CubeIDE_1.17.0/STM32CubeIDE/plugins/com.st.stm32cube.ide.mcu.externaltools.gnu-tools-for-stm32.13.3.rel1.win32_1.0.0.202411081344/tools/bin/../lib/gcc/arm-none-eabi/13.3.1/../../../../arm-none-eabi/lib/thumb/v7e-m+fp/hard/crt0.o
LOAD ./Core/Src/GPIO_Hal.o
LOAD ./Core/Src/UART_Hal.o
LOAD ./Core/Src/dma.o
LOAD ./Core/Src/dma_Hal.o
LOAD ./Core/Src/gpio.o
LOAD ./Core/Src/main.o
LOAD ./Core/Src/stm32l4xx_hal_msp.o
LOAD ./Core/Src/stm32l4xx_it.o
LOAD ./Core/Src/syscalls.o
LOAD ./Core/Src/sysmem.o
LOAD ./Core/Src/system_stm32l4xx.o
LOAD ./Core/Src/tim.o
LOAD ./Core/Src/tim_Hal.o
LOAD ./Core/Src/usart.o
LOAD ./Core/Startup/startup_stm32l476rgtx.o
LOAD ./Drivers/STM32L4xx_HAL_Driver/Src/stm32l4xx_hal.o
LOAD ./Drivers/STM32L4xx_HAL_Driver/Src/stm32l4xx_hal_cortex.o
LOAD ./Drivers/STM32L4xx_HAL_Driver/Src/stm32l4xx_hal_dma.o
LOAD ./Drivers/STM32L4xx_HAL_Driver/Src/stm32l4xx_hal_dma_ex.o
LOAD ./Drivers/STM32L4xx_HAL_Driver/Src/stm32l4xx_hal_exti.o
LOAD ./Drivers/STM32L4xx_HAL_Driver/Src/stm32l4xx_hal_flash.o
LOAD ./Drivers/STM32L4xx_HAL_Driver/Src/stm32l4xx_hal_flash_ex.o
LOAD ./Drivers/STM32L4xx_HAL_Driver/Src/stm32l4xx_hal_flash_ramfunc.o
LOAD ./Drivers/STM32L4xx_HAL_Driver/Src/stm32l4xx_hal_gpio.o
LOAD ./Drivers/STM32L4xx_HAL_Driver/Src/stm32l4xx_hal_i2c.o
LOAD ./Drivers/STM32L4xx_HAL_Driver/Src/stm32l4xx_hal_i2c_ex.o
LOAD ./Drivers/STM32L4xx_HAL_Driver/Src/stm32l4xx_hal_pwr.o
LOAD ./Drivers/STM32L4xx_HAL_Driver/Src/stm32l4xx_hal_pwr_ex.o
LOAD ./Drivers/STM32L4xx_HAL_Driver/Src/stm32l4xx_hal_rcc.o
LOAD ./Drivers/STM32L4xx_HAL_Driver/Src/stm32l4xx_hal_rcc_ex.o
LOAD ./Drivers/STM32L4xx_HAL_Driver/Src/stm32l4xx_hal_tim.o
LOAD ./Drivers/STM32L4xx_HAL_Driver/Src/stm32l4xx_hal_tim_ex.o
LOAD ./Drivers/STM32L4xx_HAL_Driver/Src/stm32l4xx_hal_uart.o
LOAD ./Drivers/STM32L4xx_HAL_Driver/Src/stm32l4xx_hal_uart_ex.o
START GROUP
LOAD C:/ST/STM32CubeIDE_1.17.0/STM32CubeIDE/plugins/com.st.stm32cube.ide.mcu.externaltools.gnu-tools-for-stm32.13.3.rel1.win32_1.0.0.202411081344/tools/bin/../lib/gcc/arm-none-eabi/13.3.1/../../../../arm-none-eabi/lib/thumb/v7e-m+fp/hard\libstdc++_nano.a
LOAD C:/ST/STM32CubeIDE_1.17.0/STM32CubeIDE/plugins/com.st.stm32cube.ide.mcu.externaltools.gnu-tools-for-stm32.13.3.rel1.win32_1.0.0.202411081344/tools/bin/../lib/gcc/arm-none-eabi/13.3.1/../../../../arm-none-eabi/lib/thumb/v7e-m+fp/hard\libsupc++_nano.a
END GROUP
LOAD C:/ST/STM32CubeIDE_1.17.0/STM32CubeIDE/plugins/com.st.stm32cube.ide.mcu.externaltools.gnu-tools-for-stm32.13.3.rel1.win32_1.0.0.202411081344/tools/bin/../lib/gcc/arm-none-eabi/13.3.1/../../../../arm-none-eabi/lib/thumb/v7e-m+fp/hard\libstdc++_nano.a
LOAD C:/ST/STM32CubeIDE_1.17.0/STM32CubeIDE/plugins/com.st.stm32cube.ide.mcu.externaltools.gnu-tools-for-stm32.13.3.rel1.win32_1.0.0.202411081344/tools/bin/../lib/gcc/arm-none-eabi/13.3.1/../../../../arm-none-eabi/lib/thumb/v7e-m+fp/hard\libm.a
LOAD C:/ST/STM32CubeIDE_1.17.0/STM32CubeIDE/plugins/com.st.stm32cube.ide.mcu.externaltools.gnu-tools-for-stm32.13.3.rel1.win32_1.0.0.202411081344/tools/bin/../lib/gcc/arm-none-eabi/13.3.1/../../../../arm-none-eabi/lib/thumb/v7e-m+fp/hard\libc_nano.a
START GROUP
LOAD C:/ST/STM32CubeIDE_1.17.0/STM32CubeIDE/plugins/com.st.stm32cube.ide.mcu.externaltools.gnu-tools-for-stm32.13.3.rel1.win32_1.0.0.202411081344/tools/bin/../lib/gcc/arm-none-eabi/13.3.1/thumb/v7e-m+fp/hard\libgcc.a
LOAD C:/ST/STM32CubeIDE_1.17.0/STM32CubeIDE/plugins/com.st.stm32cube.ide.mcu.externaltools.gnu-tools-for-stm32.13.3.rel1.win32_1.0.0.202411081344/tools/bin/../lib/gcc/arm-none-eabi/13.3.1/../../../../arm-none-eabi/lib/thumb/v7e-m+fp/hard\libc_nano.a
END GROUP
START GROUP
LOAD C:/ST/STM32CubeIDE_1.17.0/STM32CubeIDE/plugins/com.st.stm32cube.ide.mcu.externaltools.gnu-tools-for-stm32.13.3.rel1.win32_1.0.0.202411081344/tools/bin/../lib/gcc/arm-none-eabi/13.3.1/thumb/v7e-m+fp/hard\libgcc.a
LOAD C:/ST/STM32CubeIDE_1.17.0/STM32CubeIDE/plugins/com.st.stm32cube.ide.mcu.externaltools.gnu-tools-for-stm32.13.3.rel1.win32_1.0.0.202411081344/tools/bin/../lib/gcc/arm-none-eabi/13.3.1/../../../../arm-none-eabi/lib/thumb/v7e-m+fp/hard\libc_nano.a
LOAD C:/ST/STM32CubeIDE_1.17.0/STM32CubeIDE/plugins/com.st.stm32cube.ide.mcu.externaltools.gnu-tools-for-stm32.13.3.rel1.win32_1.0.0.202411081344/tools/bin/../lib/gcc/arm-none-eabi/13.3.1/../../../../arm-none-eabi/lib/thumb/v7e-m+fp/hard\libnosys.a
END GROUP
START GROUP
LOAD C:/ST/STM32CubeIDE_1.17.0/STM32CubeIDE/plugins/com.st.stm32cube.ide.mcu.externaltools.gnu-tools-for-stm32.13.3.rel1.win32_1.0.0.202411081344/tools/bin/../lib/gcc/arm-none-eabi/13.3.1/thumb/v7e-m+fp/hard\libgcc.a
LOAD C:/ST/STM32CubeIDE_1.17.0/STM32CubeIDE/plugins/com.st.stm32cube.ide.mcu.externaltools.gnu-tools-for-stm32.13.3.rel1.win32_1.0.0.202411081344/tools/bin/../lib/gcc/arm-none-eabi/13.3.1/../../../../arm-none-eabi/lib/thumb/v7e-m+fp/hard\libc_nano.a
LOAD C:/ST/STM32CubeIDE_1.17.0/STM32CubeIDE/plugins/com.st.stm32cube.ide.mcu.externaltools.gnu-tools-for-stm32.13.3.rel1.win32_1.0.0.202411081344/tools/bin/../lib/gcc/arm-none-eabi/13.3.1/../../../../arm-none-eabi/lib/thumb/v7e-m+fp/hard\libnosys.a
END GROUP
LOAD C:/ST/STM32CubeIDE_1.17.0/STM32CubeIDE/plugins/com.st.stm32cube.ide.mcu.externaltools.gnu-tools-for-stm32.13.3.rel1.win32_1.0.0.202411081344/tools/bin/../lib/gcc/arm-none-eabi/13.3.1/thumb/v7e-m+fp/hard/crtend.o
LOAD C:/ST/STM32CubeIDE_1.17.0/STM32CubeIDE/plugins/com.st.stm32cube.ide.mcu.externaltools.gnu-tools-for-stm32.13.3.rel1.win32_1.0.0.202411081344/tools/bin/../lib/gcc/arm-none-eabi/13.3.1/thumb/v7e-m+fp/hard/crtn.o
                0x20018000                        _estack = (ORIGIN (RAM) + LENGTH (RAM))
                0x00000200                        _Min_Heap_Size = 0x200
                0x00000400                        _Min_Stack_Size = 0x400

.isr_vector     0x08000000      0x188
                0x08000000                        . = ALIGN (0x4)
 *(.isr_vector)
 .isr_vector    0x08000000      0x188 ./Core/Startup/startup_stm32l476rgtx.o
                0x08000000                g_pfnVectors
                0x08000188                        . = ALIGN (0x4)

.text           0x08000188     0x627c
                0x08000188                        . = ALIGN (0x4)
 *(.text)
 .text          0x08000188       0x40 C:/ST/STM32CubeIDE_1.17.0/STM32CubeIDE/plugins/com.st.stm32cube.ide.mcu.externaltools.gnu-tools-for-stm32.13.3.rel1.win32_1.0.0.202411081344/tools/bin/../lib/gcc/arm-none-eabi/13.3.1/thumb/v7e-m+fp/hard/crtbegin.o
 .text          0x080001c8       0x10 C:/ST/STM32CubeIDE_1.17.0/STM32CubeIDE/plugins/com.st.stm32cube.ide.mcu.externaltools.gnu-tools-for-stm32.13.3.rel1.win32_1.0.0.202411081344/tools/bin/../lib/gcc/arm-none-eabi/13.3.1/../../../../arm-none-eabi/lib/thumb/v7e-m+fp/hard\libc_nano.a(libc_a-strlen.o)
                0x080001c8                strlen
 .text          0x080001d8       0x30 C:/ST/STM32CubeIDE_1.17.0/STM32CubeIDE/plugins/com.st.stm32cube.ide.mcu.externaltools.gnu-tools-for-stm32.13.3.rel1.win32_1.0.0.202411081344/tools/bin/../lib/gcc/arm-none-eabi/13.3.1/thumb/v7e-m+fp/hard\libgcc.a(_aeabi_uldivmod.o)
                0x080001d8                __aeabi_uldivmod
 .text          0x08000208      0x2f8 C:/ST/STM32CubeIDE_1.17.0/STM32CubeIDE/plugins/com.st.stm32cube.ide.mcu.externaltools.gnu-tools-for-stm32.13.3.rel1.win32_1.0.0.202411081344/tools/bin/../lib/gcc/arm-none-eabi/13.3.1/thumb/v7e-m+fp/hard\libgcc.a(_udivmoddi4.o)
                0x08000208                __udivmoddi4
 .text          0x08000500        0x4 C:/ST/STM32CubeIDE_1.17.0/STM32CubeIDE/plugins/com.st.stm32cube.ide.mcu.externaltools.gnu-tools-for-stm32.13.3.rel1.win32_1.0.0.202411081344/tools/bin/../lib/gcc/arm-none-eabi/13.3.1/thumb/v7e-m+fp/hard\libgcc.a(_dvmd_tls.o)
                0x08000500                __aeabi_idiv0
                0x08000500                __aeabi_ldiv0
 *(.text*)
 .text._ZN8GpioBaseD2Ev
                0x08000504       0x20 ./Core/Src/GPIO_Hal.o
                0x08000504                GpioBase::~GpioBase()
                0x08000504                GpioBase::~GpioBase()
 .text._ZN8GpioBaseD0Ev
                0x08000524       0x20 ./Core/Src/GPIO_Hal.o
                0x08000524                GpioBase::~GpioBase()
 .text._ZNK8GpioBase3pinEv
                0x08000544       0x18 ./Core/Src/GPIO_Hal.o
                0x08000544                GpioBase::pin() const
 .text._ZN6ButtonD2Ev
                0x0800055c       0x24 ./Core/Src/GPIO_Hal.o
                0x0800055c                Button::~Button()
                0x0800055c                Button::~Button()
 .text._ZN6ButtonD0Ev
                0x08000580       0x20 ./Core/Src/GPIO_Hal.o
                0x08000580                Button::~Button()
 .text._ZN8GpioBaseC2EP12GPIO_TypeDeft
                0x080005a0       0x34 ./Core/Src/GPIO_Hal.o
                0x080005a0                GpioBase::GpioBase(GPIO_TypeDef*, unsigned short)
                0x080005a0                GpioBase::GpioBase(GPIO_TypeDef*, unsigned short)
 .text._ZN8GpioBase4initEv
                0x080005d4       0x20 ./Core/Src/GPIO_Hal.o
                0x080005d4                GpioBase::init()
 .text._ZN3LedC2EP12GPIO_TypeDeft13GPIO_PinState
                0x080005f4       0x38 ./Core/Src/GPIO_Hal.o
                0x080005f4                Led::Led(GPIO_TypeDef*, unsigned short, GPIO_PinState)
                0x080005f4                Led::Led(GPIO_TypeDef*, unsigned short, GPIO_PinState)
 .text._ZNK3Led6toggleEv
                0x0800062c       0x20 ./Core/Src/GPIO_Hal.o
                0x0800062c                Led::toggle() const
 .text._ZN6ButtonC2EP12GPIO_TypeDeft
                0x0800064c       0x30 ./Core/Src/GPIO_Hal.o
                0x0800064c                Button::Button(GPIO_TypeDef*, unsigned short)
                0x0800064c                Button::Button(GPIO_TypeDef*, unsigned short)
 .text._ZN9ButtonISRC2EP12GPIO_TypeDeft
                0x0800067c       0x40 ./Core/Src/GPIO_Hal.o
                0x0800067c                ButtonISR::ButtonISR(GPIO_TypeDef*, unsigned short)
                0x0800067c                ButtonISR::ButtonISR(GPIO_TypeDef*, unsigned short)
 .text._ZN9ButtonISRD2Ev
                0x080006bc       0x30 ./Core/Src/GPIO_Hal.o
                0x080006bc                ButtonISR::~ButtonISR()
                0x080006bc                ButtonISR::~ButtonISR()
 .text._ZN9ButtonISRD0Ev
                0x080006ec       0x20 ./Core/Src/GPIO_Hal.o
                0x080006ec                ButtonISR::~ButtonISR()
 .text._ZN9ButtonISR10set_isr_cbEPFvvE
                0x0800070c       0x1c ./Core/Src/GPIO_Hal.o
                0x0800070c                ButtonISR::set_isr_cb(void (*)())
 .text._ZN9ButtonISR8call_isrEv
                0x08000728       0x20 ./Core/Src/GPIO_Hal.o
                0x08000728                ButtonISR::call_isr()
 .text._ZN9ButtonISR11trigger_pinEt
                0x08000748       0x6c ./Core/Src/GPIO_Hal.o
                0x08000748                ButtonISR::trigger_pin(unsigned short)
 .text.HAL_GPIO_EXTI_Callback
                0x080007b4       0x1a ./Core/Src/GPIO_Hal.o
                0x080007b4                HAL_GPIO_EXTI_Callback
 .text._ZN3ISRI9ButtonISRLj8EEC2Ev
                0x080007ce       0x38 ./Core/Src/GPIO_Hal.o
                0x080007ce                ISR<ButtonISR, 8u>::ISR()
                0x080007ce                ISR<ButtonISR, 8u>::ISR()
 .text._ZN3ISRI9ButtonISRLj8EE3addEPS0_
                0x08000806       0x68 ./Core/Src/GPIO_Hal.o
                0x08000806                ISR<ButtonISR, 8u>::add(ButtonISR*)
 .text._ZN3ISRI9ButtonISRLj8EE6removeEPS0_
                0x0800086e       0x76 ./Core/Src/GPIO_Hal.o
                0x0800086e                ISR<ButtonISR, 8u>::remove(ButtonISR*)
 .text._ZNK3ISRI9ButtonISRLj8EE4sizeEv
                0x080008e4       0x18 ./Core/Src/GPIO_Hal.o
                0x080008e4                ISR<ButtonISR, 8u>::size() const
 .text._ZNK3ISRI9ButtonISRLj8EE3getEj
                0x080008fc       0x2c ./Core/Src/GPIO_Hal.o
                0x080008fc                ISR<ButtonISR, 8u>::get(unsigned int) const
 .text._ZN3LedD2Ev
                0x08000928       0x24 ./Core/Src/GPIO_Hal.o
                0x08000928                Led::~Led()
                0x08000928                Led::~Led()
 .text._ZN3LedD0Ev
                0x0800094c       0x20 ./Core/Src/GPIO_Hal.o
                0x0800094c                Led::~Led()
 .text._Z41__static_initialization_and_destruction_0v
                0x0800096c       0x14 ./Core/Src/GPIO_Hal.o
 .text._GLOBAL__sub_I__ZN8GpioBase8s_initedE
                0x08000980        0xa ./Core/Src/GPIO_Hal.o
 .text._ZN8UartBaseC2EP13USART_TypeDefP20__UART_HandleTypeDef
                0x0800098a       0x28 ./Core/Src/UART_Hal.o
                0x0800098a                UartBase::UartBase(USART_TypeDef*, __UART_HandleTypeDef*)
                0x0800098a                UartBase::UartBase(USART_TypeDef*, __UART_HandleTypeDef*)
 *fill*         0x080009b2        0x2 
 .text._ZN8UartBase4initEv
                0x080009b4       0x38 ./Core/Src/UART_Hal.o
                0x080009b4                UartBase::init()
 .text._ZN6UartITC2EP13USART_TypeDefP20__UART_HandleTypeDef
                0x080009ec       0x64 ./Core/Src/UART_Hal.o
                0x080009ec                UartIT::UartIT(USART_TypeDef*, __UART_HandleTypeDef*)
                0x080009ec                UartIT::UartIT(USART_TypeDef*, __UART_HandleTypeDef*)
 .text._ZN6UartIT14TxCpltCallbackEP20__UART_HandleTypeDef
                0x08000a50       0x68 ./Core/Src/UART_Hal.o
                0x08000a50                UartIT::TxCpltCallback(__UART_HandleTypeDef*)
 .text._ZN6UartIT15RxEventCallbackEP20__UART_HandleTypeDeft
                0x08000ab8       0x78 ./Core/Src/UART_Hal.o
                0x08000ab8                UartIT::RxEventCallback(__UART_HandleTypeDef*, unsigned short)
 .text._ZN6UartIT5writeEPht
                0x08000b30       0x40 ./Core/Src/UART_Hal.o
                0x08000b30                UartIT::write(unsigned char*, unsigned short)
 .text._ZN6UartIT4readEPht
                0x08000b70       0x26 ./Core/Src/UART_Hal.o
                0x08000b70                UartIT::read(unsigned char*, unsigned short)
 .text._ZN6UartIT10start_readEv
                0x08000b96       0x30 ./Core/Src/UART_Hal.o
                0x08000b96                UartIT::start_read()
 .text._ZN6UartIT3putEtt
                0x08000bc6       0x3c ./Core/Src/UART_Hal.o
                0x08000bc6                UartIT::put(unsigned short, unsigned short)
 .text._ZN6UartIT10is_tx_doneEv
                0x08000c02       0x18 ./Core/Src/UART_Hal.o
                0x08000c02                UartIT::is_tx_done()
 .text._ZN3ISRI6UartITLj2EEC2Ev
                0x08000c1a       0x38 ./Core/Src/UART_Hal.o
                0x08000c1a                ISR<UartIT, 2u>::ISR()
                0x08000c1a                ISR<UartIT, 2u>::ISR()
 .text._ZN14CircularBufferIhLt128EEC2Ev
                0x08000c52       0x36 ./Core/Src/UART_Hal.o
                0x08000c52                CircularBuffer<unsigned char, (unsigned short)128>::CircularBuffer()
                0x08000c52                CircularBuffer<unsigned char, (unsigned short)128>::CircularBuffer()
 .text._ZN3ISRI6UartITLj2EE3addEPS0_
                0x08000c88       0x68 ./Core/Src/UART_Hal.o
                0x08000c88                ISR<UartIT, 2u>::add(UartIT*)
 .text._ZNK3ISRI6UartITLj2EE4sizeEv
                0x08000cf0       0x18 ./Core/Src/UART_Hal.o
                0x08000cf0                ISR<UartIT, 2u>::size() const
 .text._ZNK3ISRI6UartITLj2EE3getEj
                0x08000d08       0x2c ./Core/Src/UART_Hal.o
                0x08000d08                ISR<UartIT, 2u>::get(unsigned int) const
 .text._ZN14CircularBufferIhLt128EE4pullEPht
                0x08000d34       0x88 ./Core/Src/UART_Hal.o
                0x08000d34                CircularBuffer<unsigned char, (unsigned short)128>::pull(unsigned char*, unsigned short)
 .text._ZN14CircularBufferIhLt128EE3putEPKht
                0x08000dbc       0x9e ./Core/Src/UART_Hal.o
                0x08000dbc                CircularBuffer<unsigned char, (unsigned short)128>::put(unsigned char const*, unsigned short)
 *fill*         0x08000e5a        0x2 
 .text._Z41__static_initialization_and_destruction_0v
                0x08000e5c       0x14 ./Core/Src/UART_Hal.o
 .text._GLOBAL__sub_I__ZN8UartBase6isInitE
                0x08000e70        0xa ./Core/Src/UART_Hal.o
 *fill*         0x08000e7a        0x2 
 .text.MX_GPIO_Init
                0x08000e7c       0xc4 ./Core/Src/gpio.o
                0x08000e7c                MX_GPIO_Init
 .text._Z14blueB_callbackv
                0x08000f40       0x1c ./Core/Src/main.o
                0x08000f40                blueB_callback()
 .text.main     0x08000f5c      0x20c ./Core/Src/main.o
                0x08000f5c                main
 .text._Z18SystemClock_Configv
                0x08001168       0xaa ./Core/Src/main.o
                0x08001168                SystemClock_Config()
 .text.Error_Handler
                0x08001212        0xc ./Core/Src/main.o
                0x08001212                Error_Handler
 *fill*         0x0800121e        0x2 
 .text.HAL_MspInit
                0x08001220       0x48 ./Core/Src/stm32l4xx_hal_msp.o
                0x08001220                HAL_MspInit
 .text.NMI_Handler
                0x08001268        0x8 ./Core/Src/stm32l4xx_it.o
                0x08001268                NMI_Handler
 .text.HardFault_Handler
                0x08001270        0x8 ./Core/Src/stm32l4xx_it.o
                0x08001270                HardFault_Handler
 .text.MemManage_Handler
                0x08001278        0x8 ./Core/Src/stm32l4xx_it.o
                0x08001278                MemManage_Handler
 .text.BusFault_Handler
                0x08001280        0x8 ./Core/Src/stm32l4xx_it.o
                0x08001280                BusFault_Handler
 .text.UsageFault_Handler
                0x08001288        0x8 ./Core/Src/stm32l4xx_it.o
                0x08001288                UsageFault_Handler
 .text.SVC_Handler
                0x08001290        0xe ./Core/Src/stm32l4xx_it.o
                0x08001290                SVC_Handler
 .text.DebugMon_Handler
                0x0800129e        0xe ./Core/Src/stm32l4xx_it.o
                0x0800129e                DebugMon_Handler
 .text.PendSV_Handler
                0x080012ac        0xe ./Core/Src/stm32l4xx_it.o
                0x080012ac                PendSV_Handler
 .text.SysTick_Handler
                0x080012ba        0xc ./Core/Src/stm32l4xx_it.o
                0x080012ba                SysTick_Handler
 *fill*         0x080012c6        0x2 
 .text.DMA1_Channel4_IRQHandler
                0x080012c8       0x14 ./Core/Src/stm32l4xx_it.o
                0x080012c8                DMA1_Channel4_IRQHandler
 .text.DMA1_Channel5_IRQHandler
                0x080012dc       0x14 ./Core/Src/stm32l4xx_it.o
                0x080012dc                DMA1_Channel5_IRQHandler
 .text.TIM2_IRQHandler
                0x080012f0       0x14 ./Core/Src/stm32l4xx_it.o
                0x080012f0                TIM2_IRQHandler
 .text.USART1_IRQHandler
                0x08001304       0x14 ./Core/Src/stm32l4xx_it.o
                0x08001304                USART1_IRQHandler
 .text.USART2_IRQHandler
                0x08001318       0x14 ./Core/Src/stm32l4xx_it.o
                0x08001318                USART2_IRQHandler
 .text.EXTI15_10_IRQHandler
                0x0800132c       0x10 ./Core/Src/stm32l4xx_it.o
                0x0800132c                EXTI15_10_IRQHandler
 .text.SystemInit
                0x0800133c       0x24 ./Core/Src/system_stm32l4xx.o
                0x0800133c                SystemInit
 .text.MX_TIM2_Init
                0x08001360       0xa0 ./Core/Src/tim.o
                0x08001360                MX_TIM2_Init
 .text.MX_TIM3_Init
                0x08001400       0xa0 ./Core/Src/tim.o
                0x08001400                MX_TIM3_Init
 .text.HAL_TIM_Base_MspInit
                0x080014a0       0x70 ./Core/Src/tim.o
                0x080014a0                HAL_TIM_Base_MspInit
 .text._ZN5TimIt21PeriodElapsedCallbackEP19__TIM_HandleTypeDef
                0x08001510       0x14 ./Core/Src/tim_Hal.o
                0x08001510                TimIt::PeriodElapsedCallback(__TIM_HandleTypeDef*)
 .text._ZN7TimBaseC2EP11TIM_TypeDefP19__TIM_HandleTypeDef
                0x08001524       0x34 ./Core/Src/tim_Hal.o
                0x08001524                TimBase::TimBase(TIM_TypeDef*, __TIM_HandleTypeDef*)
                0x08001524                TimBase::TimBase(TIM_TypeDef*, __TIM_HandleTypeDef*)
 .text._ZN7TimBase4initEv
                0x08001558       0x58 ./Core/Src/tim_Hal.o
                0x08001558                TimBase::init()
 .text._ZN7TimBase5startEv
                0x080015b0       0x1c ./Core/Src/tim_Hal.o
                0x080015b0                TimBase::start()
 .text._ZN7TimBase4stopEv
                0x080015cc       0x1c ./Core/Src/tim_Hal.o
                0x080015cc                TimBase::stop()
 .text._ZN7TimBase4readEv
                0x080015e8       0x1c ./Core/Src/tim_Hal.o
                0x080015e8                TimBase::read()
 .text._ZN7TimBase5resetEv
                0x08001604       0x1e ./Core/Src/tim_Hal.o
                0x08001604                TimBase::reset()
 *fill*         0x08001622        0x2 
 .text._ZN5TimItC2EP11TIM_TypeDefP19__TIM_HandleTypeDef
                0x08001624       0x54 ./Core/Src/tim_Hal.o
                0x08001624                TimIt::TimIt(TIM_TypeDef*, __TIM_HandleTypeDef*)
                0x08001624                TimIt::TimIt(TIM_TypeDef*, __TIM_HandleTypeDef*)
 .text._ZN5TimIt5startEv
                0x08001678       0x1c ./Core/Src/tim_Hal.o
                0x08001678                TimIt::start()
 .text._ZN5TimIt4stopEv
                0x08001694       0x1c ./Core/Src/tim_Hal.o
                0x08001694                TimIt::stop()
 .text._ZN5TimIt4readEv
                0x080016b0       0x2a ./Core/Src/tim_Hal.o
                0x080016b0                TimIt::read()
 .text._ZN5TimIt5resetEv
                0x080016da       0x22 ./Core/Src/tim_Hal.o
                0x080016da                TimIt::reset()
 .text._ZN5TimIt8delay_MsEyy
                0x080016fc       0x36 ./Core/Src/tim_Hal.o
                0x080016fc                TimIt::delay_Ms(unsigned long long, unsigned long long)
 .text._ZN3ISRI5TimItLj4EEC2Ev
                0x08001732       0x38 ./Core/Src/tim_Hal.o
                0x08001732                ISR<TimIt, 4u>::ISR()
                0x08001732                ISR<TimIt, 4u>::ISR()
 .text._ZN3ISRI5TimItLj4EE3addEPS0_
                0x0800176a       0x68 ./Core/Src/tim_Hal.o
                0x0800176a                ISR<TimIt, 4u>::add(TimIt*)
 *fill*         0x080017d2        0x2 
 .text._Z41__static_initialization_and_destruction_0v
                0x080017d4       0x14 ./Core/Src/tim_Hal.o
 .text._GLOBAL__sub_I__ZN7TimBase8_is_initE
                0x080017e8        0xa ./Core/Src/tim_Hal.o
 *fill*         0x080017f2        0x2 
 .text.MX_USART2_UART_Init
                0x080017f4       0x60 ./Core/Src/usart.o
                0x080017f4                MX_USART2_UART_Init
 .text.HAL_UART_MspInit
                0x08001854      0x218 ./Core/Src/usart.o
                0x08001854                HAL_UART_MspInit
 .text.Reset_Handler
                0x08001a6c       0x50 ./Core/Startup/startup_stm32l476rgtx.o
                0x08001a6c                Reset_Handler
 .text.Default_Handler
                0x08001abc        0x2 ./Core/Startup/startup_stm32l476rgtx.o
                0x08001abc                RTC_Alarm_IRQHandler
                0x08001abc                EXTI2_IRQHandler
                0x08001abc                TIM8_TRG_COM_IRQHandler
                0x08001abc                TIM8_CC_IRQHandler
                0x08001abc                TIM1_CC_IRQHandler
                0x08001abc                TSC_IRQHandler
                0x08001abc                TAMP_STAMP_IRQHandler
                0x08001abc                EXTI3_IRQHandler
                0x08001abc                LPTIM2_IRQHandler
                0x08001abc                DFSDM1_FLT1_IRQHandler
                0x08001abc                I2C3_ER_IRQHandler
                0x08001abc                DFSDM1_FLT2_IRQHandler
                0x08001abc                EXTI0_IRQHandler
                0x08001abc                I2C2_EV_IRQHandler
                0x08001abc                CAN1_RX0_IRQHandler
                0x08001abc                FPU_IRQHandler
                0x08001abc                TIM1_UP_TIM16_IRQHandler
                0x08001abc                ADC1_2_IRQHandler
                0x08001abc                SPI1_IRQHandler
                0x08001abc                TIM6_DAC_IRQHandler
                0x08001abc                TIM8_UP_IRQHandler
                0x08001abc                DMA2_Channel2_IRQHandler
                0x08001abc                SAI2_IRQHandler
                0x08001abc                DFSDM1_FLT3_IRQHandler
                0x08001abc                USART3_IRQHandler
                0x08001abc                DMA1_Channel7_IRQHandler
                0x08001abc                CAN1_RX1_IRQHandler
                0x08001abc                LCD_IRQHandler
                0x08001abc                UART5_IRQHandler
                0x08001abc                ADC3_IRQHandler
                0x08001abc                TIM4_IRQHandler
                0x08001abc                DMA2_Channel1_IRQHandler
                0x08001abc                QUADSPI_IRQHandler
                0x08001abc                I2C1_EV_IRQHandler
                0x08001abc                DMA1_Channel6_IRQHandler
                0x08001abc                UART4_IRQHandler
                0x08001abc                DMA2_Channel4_IRQHandler
                0x08001abc                TIM3_IRQHandler
                0x08001abc                RCC_IRQHandler
                0x08001abc                DMA1_Channel1_IRQHandler
                0x08001abc                Default_Handler
                0x08001abc                DMA2_Channel7_IRQHandler
                0x08001abc                TIM7_IRQHandler
                0x08001abc                SDMMC1_IRQHandler
                0x08001abc                TIM5_IRQHandler
                0x08001abc                I2C3_EV_IRQHandler
                0x08001abc                EXTI9_5_IRQHandler
                0x08001abc                RTC_WKUP_IRQHandler
                0x08001abc                PVD_PVM_IRQHandler
                0x08001abc                SPI2_IRQHandler
                0x08001abc                CAN1_TX_IRQHandler
                0x08001abc                DMA2_Channel5_IRQHandler
                0x08001abc                EXTI4_IRQHandler
                0x08001abc                RNG_IRQHandler
                0x08001abc                TIM1_TRG_COM_TIM17_IRQHandler
                0x08001abc                DMA1_Channel3_IRQHandler
                0x08001abc                COMP_IRQHandler
                0x08001abc                WWDG_IRQHandler
                0x08001abc                LPUART1_IRQHandler
                0x08001abc                DMA2_Channel6_IRQHandler
                0x08001abc                EXTI1_IRQHandler
                0x08001abc                DFSDM1_FLT0_IRQHandler
                0x08001abc                I2C2_ER_IRQHandler
                0x08001abc                DMA1_Channel2_IRQHandler
                0x08001abc                TIM8_BRK_IRQHandler
                0x08001abc                CAN1_SCE_IRQHandler
                0x08001abc                FLASH_IRQHandler
                0x08001abc                OTG_FS_IRQHandler
                0x08001abc                SPI3_IRQHandler
                0x08001abc                I2C1_ER_IRQHandler
                0x08001abc                FMC_IRQHandler
                0x08001abc                SWPMI1_IRQHandler
                0x08001abc                LPTIM1_IRQHandler
                0x08001abc                SAI1_IRQHandler
                0x08001abc                DMA2_Channel3_IRQHandler
                0x08001abc                TIM1_BRK_TIM15_IRQHandler
 .text.HAL_Init
                0x08001abe       0x30 ./Drivers/STM32L4xx_HAL_Driver/Src/stm32l4xx_hal.o
                0x08001abe                HAL_Init
 *fill*         0x08001aee        0x2 
 .text.HAL_InitTick
                0x08001af0       0x78 ./Drivers/STM32L4xx_HAL_Driver/Src/stm32l4xx_hal.o
                0x08001af0                HAL_InitTick
 .text.HAL_IncTick
                0x08001b68       0x28 ./Drivers/STM32L4xx_HAL_Driver/Src/stm32l4xx_hal.o
                0x08001b68                HAL_IncTick
 .text.HAL_GetTick
                0x08001b90       0x18 ./Drivers/STM32L4xx_HAL_Driver/Src/stm32l4xx_hal.o
                0x08001b90                HAL_GetTick
 .text.HAL_Delay
                0x08001ba8       0x48 ./Drivers/STM32L4xx_HAL_Driver/Src/stm32l4xx_hal.o
                0x08001ba8                HAL_Delay
 .text.__NVIC_SetPriorityGrouping
                0x08001bf0       0x48 ./Drivers/STM32L4xx_HAL_Driver/Src/stm32l4xx_hal_cortex.o
 .text.__NVIC_GetPriorityGrouping
                0x08001c38       0x1c ./Drivers/STM32L4xx_HAL_Driver/Src/stm32l4xx_hal_cortex.o
 .text.__NVIC_EnableIRQ
                0x08001c54       0x3c ./Drivers/STM32L4xx_HAL_Driver/Src/stm32l4xx_hal_cortex.o
 .text.__NVIC_SetPriority
                0x08001c90       0x54 ./Drivers/STM32L4xx_HAL_Driver/Src/stm32l4xx_hal_cortex.o
 .text.NVIC_EncodePriority
                0x08001ce4       0x66 ./Drivers/STM32L4xx_HAL_Driver/Src/stm32l4xx_hal_cortex.o
 *fill*         0x08001d4a        0x2 
 .text.SysTick_Config
                0x08001d4c       0x44 ./Drivers/STM32L4xx_HAL_Driver/Src/stm32l4xx_hal_cortex.o
 .text.HAL_NVIC_SetPriorityGrouping
                0x08001d90       0x16 ./Drivers/STM32L4xx_HAL_Driver/Src/stm32l4xx_hal_cortex.o
                0x08001d90                HAL_NVIC_SetPriorityGrouping
 .text.HAL_NVIC_SetPriority
                0x08001da6       0x38 ./Drivers/STM32L4xx_HAL_Driver/Src/stm32l4xx_hal_cortex.o
                0x08001da6                HAL_NVIC_SetPriority
 .text.HAL_NVIC_EnableIRQ
                0x08001dde       0x1c ./Drivers/STM32L4xx_HAL_Driver/Src/stm32l4xx_hal_cortex.o
                0x08001dde                HAL_NVIC_EnableIRQ
 .text.HAL_SYSTICK_Config
                0x08001dfa       0x18 ./Drivers/STM32L4xx_HAL_Driver/Src/stm32l4xx_hal_cortex.o
                0x08001dfa                HAL_SYSTICK_Config
 *fill*         0x08001e12        0x2 
 .text.HAL_DMA_Init
                0x08001e14      0x170 ./Drivers/STM32L4xx_HAL_Driver/Src/stm32l4xx_hal_dma.o
                0x08001e14                HAL_DMA_Init
 .text.HAL_DMA_Abort
                0x08001f84       0x7c ./Drivers/STM32L4xx_HAL_Driver/Src/stm32l4xx_hal_dma.o
                0x08001f84                HAL_DMA_Abort
 .text.HAL_DMA_Abort_IT
                0x08002000       0x82 ./Drivers/STM32L4xx_HAL_Driver/Src/stm32l4xx_hal_dma.o
                0x08002000                HAL_DMA_Abort_IT
 .text.HAL_DMA_IRQHandler
                0x08002082      0x15e ./Drivers/STM32L4xx_HAL_Driver/Src/stm32l4xx_hal_dma.o
                0x08002082                HAL_DMA_IRQHandler
 .text.HAL_GPIO_Init
                0x080021e0      0x354 ./Drivers/STM32L4xx_HAL_Driver/Src/stm32l4xx_hal_gpio.o
                0x080021e0                HAL_GPIO_Init
 .text.HAL_GPIO_WritePin
                0x08002534       0x30 ./Drivers/STM32L4xx_HAL_Driver/Src/stm32l4xx_hal_gpio.o
                0x08002534                HAL_GPIO_WritePin
 .text.HAL_GPIO_TogglePin
                0x08002564       0x34 ./Drivers/STM32L4xx_HAL_Driver/Src/stm32l4xx_hal_gpio.o
                0x08002564                HAL_GPIO_TogglePin
 .text.HAL_GPIO_EXTI_IRQHandler
                0x08002598       0x30 ./Drivers/STM32L4xx_HAL_Driver/Src/stm32l4xx_hal_gpio.o
                0x08002598                HAL_GPIO_EXTI_IRQHandler
 .text.HAL_PWREx_GetVoltageRange
                0x080025c8       0x1c ./Drivers/STM32L4xx_HAL_Driver/Src/stm32l4xx_hal_pwr_ex.o
                0x080025c8                HAL_PWREx_GetVoltageRange
 .text.HAL_PWREx_ControlVoltageScaling
                0x080025e4       0xac ./Drivers/STM32L4xx_HAL_Driver/Src/stm32l4xx_hal_pwr_ex.o
                0x080025e4                HAL_PWREx_ControlVoltageScaling
 .text.HAL_RCC_OscConfig
                0x08002690      0x7b8 ./Drivers/STM32L4xx_HAL_Driver/Src/stm32l4xx_hal_rcc.o
                0x08002690                HAL_RCC_OscConfig
 .text.HAL_RCC_ClockConfig
                0x08002e48      0x200 ./Drivers/STM32L4xx_HAL_Driver/Src/stm32l4xx_hal_rcc.o
                0x08002e48                HAL_RCC_ClockConfig
 .text.HAL_RCC_GetSysClockFreq
                0x08003048      0x118 ./Drivers/STM32L4xx_HAL_Driver/Src/stm32l4xx_hal_rcc.o
                0x08003048                HAL_RCC_GetSysClockFreq
 .text.HAL_RCC_GetHCLKFreq
                0x08003160       0x18 ./Drivers/STM32L4xx_HAL_Driver/Src/stm32l4xx_hal_rcc.o
                0x08003160                HAL_RCC_GetHCLKFreq
 .text.HAL_RCC_GetPCLK1Freq
                0x08003178       0x2c ./Drivers/STM32L4xx_HAL_Driver/Src/stm32l4xx_hal_rcc.o
                0x08003178                HAL_RCC_GetPCLK1Freq
 .text.HAL_RCC_GetPCLK2Freq
                0x080031a4       0x2c ./Drivers/STM32L4xx_HAL_Driver/Src/stm32l4xx_hal_rcc.o
                0x080031a4                HAL_RCC_GetPCLK2Freq
 .text.RCC_SetFlashLatencyFromMSIRange
                0x080031d0       0xc0 ./Drivers/STM32L4xx_HAL_Driver/Src/stm32l4xx_hal_rcc.o
 .text.HAL_RCCEx_PeriphCLKConfig
                0x08003290      0x5d4 ./Drivers/STM32L4xx_HAL_Driver/Src/stm32l4xx_hal_rcc_ex.o
                0x08003290                HAL_RCCEx_PeriphCLKConfig
 .text.RCCEx_PLLSAI1_Config
                0x08003864      0x1e8 ./Drivers/STM32L4xx_HAL_Driver/Src/stm32l4xx_hal_rcc_ex.o
 .text.RCCEx_PLLSAI2_Config
                0x08003a4c      0x1bc ./Drivers/STM32L4xx_HAL_Driver/Src/stm32l4xx_hal_rcc_ex.o
 .text.HAL_TIM_Base_Init
                0x08003c08       0xc8 ./Drivers/STM32L4xx_HAL_Driver/Src/stm32l4xx_hal_tim.o
                0x08003c08                HAL_TIM_Base_Init
 .text.HAL_TIM_Base_Start
                0x08003cd0       0xd0 ./Drivers/STM32L4xx_HAL_Driver/Src/stm32l4xx_hal_tim.o
                0x08003cd0                HAL_TIM_Base_Start
 .text.HAL_TIM_Base_Stop
                0x08003da0       0x4e ./Drivers/STM32L4xx_HAL_Driver/Src/stm32l4xx_hal_tim.o
                0x08003da0                HAL_TIM_Base_Stop
 *fill*         0x08003dee        0x2 
 .text.HAL_TIM_Base_Start_IT
                0x08003df0       0xe0 ./Drivers/STM32L4xx_HAL_Driver/Src/stm32l4xx_hal_tim.o
                0x08003df0                HAL_TIM_Base_Start_IT
 .text.HAL_TIM_Base_Stop_IT
                0x08003ed0       0x5e ./Drivers/STM32L4xx_HAL_Driver/Src/stm32l4xx_hal_tim.o
                0x08003ed0                HAL_TIM_Base_Stop_IT
 .text.HAL_TIM_IRQHandler
                0x08003f2e      0x252 ./Drivers/STM32L4xx_HAL_Driver/Src/stm32l4xx_hal_tim.o
                0x08003f2e                HAL_TIM_IRQHandler
 .text.HAL_TIM_ConfigClockSource
                0x08004180      0x192 ./Drivers/STM32L4xx_HAL_Driver/Src/stm32l4xx_hal_tim.o
                0x08004180                HAL_TIM_ConfigClockSource
 .text.HAL_TIM_PeriodElapsedCallback
                0x08004312       0x14 ./Drivers/STM32L4xx_HAL_Driver/Src/stm32l4xx_hal_tim.o
                0x08004312                HAL_TIM_PeriodElapsedCallback
 .text.HAL_TIM_PeriodElapsedHalfCpltCallback
                0x08004326       0x14 ./Drivers/STM32L4xx_HAL_Driver/Src/stm32l4xx_hal_tim.o
                0x08004326                HAL_TIM_PeriodElapsedHalfCpltCallback
 .text.HAL_TIM_OC_DelayElapsedCallback
                0x0800433a       0x14 ./Drivers/STM32L4xx_HAL_Driver/Src/stm32l4xx_hal_tim.o
                0x0800433a                HAL_TIM_OC_DelayElapsedCallback
 .text.HAL_TIM_IC_CaptureCallback
                0x0800434e       0x14 ./Drivers/STM32L4xx_HAL_Driver/Src/stm32l4xx_hal_tim.o
                0x0800434e                HAL_TIM_IC_CaptureCallback
 .text.HAL_TIM_IC_CaptureHalfCpltCallback
                0x08004362       0x14 ./Drivers/STM32L4xx_HAL_Driver/Src/stm32l4xx_hal_tim.o
                0x08004362                HAL_TIM_IC_CaptureHalfCpltCallback
 .text.HAL_TIM_PWM_PulseFinishedCallback
                0x08004376       0x14 ./Drivers/STM32L4xx_HAL_Driver/Src/stm32l4xx_hal_tim.o
                0x08004376                HAL_TIM_PWM_PulseFinishedCallback
 .text.HAL_TIM_PWM_PulseFinishedHalfCpltCallback
                0x0800438a       0x14 ./Drivers/STM32L4xx_HAL_Driver/Src/stm32l4xx_hal_tim.o
                0x0800438a                HAL_TIM_PWM_PulseFinishedHalfCpltCallback
 .text.HAL_TIM_TriggerCallback
                0x0800439e       0x14 ./Drivers/STM32L4xx_HAL_Driver/Src/stm32l4xx_hal_tim.o
                0x0800439e                HAL_TIM_TriggerCallback
 .text.HAL_TIM_TriggerHalfCpltCallback
                0x080043b2       0x14 ./Drivers/STM32L4xx_HAL_Driver/Src/stm32l4xx_hal_tim.o
                0x080043b2                HAL_TIM_TriggerHalfCpltCallback
 .text.HAL_TIM_ErrorCallback
                0x080043c6       0x14 ./Drivers/STM32L4xx_HAL_Driver/Src/stm32l4xx_hal_tim.o
                0x080043c6                HAL_TIM_ErrorCallback
 *fill*         0x080043da        0x2 
 .text.TIM_Base_SetConfig
                0x080043dc      0x14c ./Drivers/STM32L4xx_HAL_Driver/Src/stm32l4xx_hal_tim.o
                0x080043dc                TIM_Base_SetConfig
 .text.TIM_TI1_ConfigInputStage
                0x08004528       0x5e ./Drivers/STM32L4xx_HAL_Driver/Src/stm32l4xx_hal_tim.o
 .text.TIM_TI2_ConfigInputStage
                0x08004586       0x60 ./Drivers/STM32L4xx_HAL_Driver/Src/stm32l4xx_hal_tim.o
 .text.TIM_ITRx_SetConfig
                0x080045e6       0x36 ./Drivers/STM32L4xx_HAL_Driver/Src/stm32l4xx_hal_tim.o
 .text.TIM_ETR_SetConfig
                0x0800461c       0x40 ./Drivers/STM32L4xx_HAL_Driver/Src/stm32l4xx_hal_tim.o
                0x0800461c                TIM_ETR_SetConfig
 .text.TIM_ResetCallback
                0x0800465c       0xbc ./Drivers/STM32L4xx_HAL_Driver/Src/stm32l4xx_hal_tim.o
                0x0800465c                TIM_ResetCallback
 .text.HAL_TIMEx_MasterConfigSynchronization
                0x08004718      0x110 ./Drivers/STM32L4xx_HAL_Driver/Src/stm32l4xx_hal_tim_ex.o
                0x08004718                HAL_TIMEx_MasterConfigSynchronization
 .text.HAL_TIMEx_CommutCallback
                0x08004828       0x14 ./Drivers/STM32L4xx_HAL_Driver/Src/stm32l4xx_hal_tim_ex.o
                0x08004828                HAL_TIMEx_CommutCallback
 .text.HAL_TIMEx_CommutHalfCpltCallback
                0x0800483c       0x14 ./Drivers/STM32L4xx_HAL_Driver/Src/stm32l4xx_hal_tim_ex.o
                0x0800483c                HAL_TIMEx_CommutHalfCpltCallback
 .text.HAL_TIMEx_BreakCallback
                0x08004850       0x14 ./Drivers/STM32L4xx_HAL_Driver/Src/stm32l4xx_hal_tim_ex.o
                0x08004850                HAL_TIMEx_BreakCallback
 .text.HAL_TIMEx_Break2Callback
                0x08004864       0x14 ./Drivers/STM32L4xx_HAL_Driver/Src/stm32l4xx_hal_tim_ex.o
                0x08004864                HAL_TIMEx_Break2Callback
 .text.HAL_UART_Init
                0x08004878       0xbc ./Drivers/STM32L4xx_HAL_Driver/Src/stm32l4xx_hal_uart.o
                0x08004878                HAL_UART_Init
 .text.HAL_UART_Transmit_IT
                0x08004934       0xbc ./Drivers/STM32L4xx_HAL_Driver/Src/stm32l4xx_hal_uart.o
                0x08004934                HAL_UART_Transmit_IT
 .text.HAL_UART_IRQHandler
                0x080049f0      0x628 ./Drivers/STM32L4xx_HAL_Driver/Src/stm32l4xx_hal_uart.o
                0x080049f0                HAL_UART_IRQHandler
 .text.HAL_UART_TxCpltCallback
                0x08005018       0x14 ./Drivers/STM32L4xx_HAL_Driver/Src/stm32l4xx_hal_uart.o
                0x08005018                HAL_UART_TxCpltCallback
 .text.HAL_UART_TxHalfCpltCallback
                0x0800502c       0x14 ./Drivers/STM32L4xx_HAL_Driver/Src/stm32l4xx_hal_uart.o
                0x0800502c                HAL_UART_TxHalfCpltCallback
 .text.HAL_UART_RxCpltCallback
                0x08005040       0x14 ./Drivers/STM32L4xx_HAL_Driver/Src/stm32l4xx_hal_uart.o
                0x08005040                HAL_UART_RxCpltCallback
 .text.HAL_UART_RxHalfCpltCallback
                0x08005054       0x14 ./Drivers/STM32L4xx_HAL_Driver/Src/stm32l4xx_hal_uart.o
                0x08005054                HAL_UART_RxHalfCpltCallback
 .text.HAL_UART_ErrorCallback
                0x08005068       0x14 ./Drivers/STM32L4xx_HAL_Driver/Src/stm32l4xx_hal_uart.o
                0x08005068                HAL_UART_ErrorCallback
 .text.HAL_UART_AbortCpltCallback
                0x0800507c       0x14 ./Drivers/STM32L4xx_HAL_Driver/Src/stm32l4xx_hal_uart.o
                0x0800507c                HAL_UART_AbortCpltCallback
 .text.HAL_UART_AbortTransmitCpltCallback
                0x08005090       0x14 ./Drivers/STM32L4xx_HAL_Driver/Src/stm32l4xx_hal_uart.o
                0x08005090                HAL_UART_AbortTransmitCpltCallback
 .text.HAL_UART_AbortReceiveCpltCallback
                0x080050a4       0x14 ./Drivers/STM32L4xx_HAL_Driver/Src/stm32l4xx_hal_uart.o
                0x080050a4                HAL_UART_AbortReceiveCpltCallback
 .text.HAL_UARTEx_RxEventCallback
                0x080050b8       0x18 ./Drivers/STM32L4xx_HAL_Driver/Src/stm32l4xx_hal_uart.o
                0x080050b8                HAL_UARTEx_RxEventCallback
 .text.UART_InitCallbacksToDefault
                0x080050d0       0x8c ./Drivers/STM32L4xx_HAL_Driver/Src/stm32l4xx_hal_uart.o
                0x080050d0                UART_InitCallbacksToDefault
 .text.UART_SetConfig
                0x0800515c      0x570 ./Drivers/STM32L4xx_HAL_Driver/Src/stm32l4xx_hal_uart.o
                0x0800515c                UART_SetConfig
 .text.UART_AdvFeatureConfig
                0x080056cc      0x144 ./Drivers/STM32L4xx_HAL_Driver/Src/stm32l4xx_hal_uart.o
                0x080056cc                UART_AdvFeatureConfig
 .text.UART_CheckIdleState
                0x08005810      0x150 ./Drivers/STM32L4xx_HAL_Driver/Src/stm32l4xx_hal_uart.o
                0x08005810                UART_CheckIdleState
 .text.UART_WaitOnFlagUntilTimeout
                0x08005960       0xda ./Drivers/STM32L4xx_HAL_Driver/Src/stm32l4xx_hal_uart.o
                0x08005960                UART_WaitOnFlagUntilTimeout
 *fill*         0x08005a3a        0x2 
 .text.UART_Start_Receive_IT
                0x08005a3c      0x18c ./Drivers/STM32L4xx_HAL_Driver/Src/stm32l4xx_hal_uart.o
                0x08005a3c                UART_Start_Receive_IT
 .text.UART_EndRxTransfer
                0x08005bc8       0xc8 ./Drivers/STM32L4xx_HAL_Driver/Src/stm32l4xx_hal_uart.o
 .text.UART_DMAAbortOnError
                0x08005c90       0x30 ./Drivers/STM32L4xx_HAL_Driver/Src/stm32l4xx_hal_uart.o
 .text.UART_TxISR_8BIT
                0x08005cc0       0xb6 ./Drivers/STM32L4xx_HAL_Driver/Src/stm32l4xx_hal_uart.o
 .text.UART_TxISR_16BIT
                0x08005d76       0xc0 ./Drivers/STM32L4xx_HAL_Driver/Src/stm32l4xx_hal_uart.o
 .text.UART_EndTransmit_IT
                0x08005e36       0x58 ./Drivers/STM32L4xx_HAL_Driver/Src/stm32l4xx_hal_uart.o
 *fill*         0x08005e8e        0x2 
 .text.UART_RxISR_8BIT
                0x08005e90      0x1c4 ./Drivers/STM32L4xx_HAL_Driver/Src/stm32l4xx_hal_uart.o
 .text.UART_RxISR_16BIT
                0x08006054      0x1c4 ./Drivers/STM32L4xx_HAL_Driver/Src/stm32l4xx_hal_uart.o
 .text.HAL_UARTEx_WakeupCallback
                0x08006218       0x14 ./Drivers/STM32L4xx_HAL_Driver/Src/stm32l4xx_hal_uart_ex.o
                0x08006218                HAL_UARTEx_WakeupCallback
 .text.HAL_UARTEx_ReceiveToIdle_IT
                0x0800622c       0xa0 ./Drivers/STM32L4xx_HAL_Driver/Src/stm32l4xx_hal_uart_ex.o
                0x0800622c                HAL_UARTEx_ReceiveToIdle_IT
 .text._ZdlPvj  0x080062cc        0x4 C:/ST/STM32CubeIDE_1.17.0/STM32CubeIDE/plugins/com.st.stm32cube.ide.mcu.externaltools.gnu-tools-for-stm32.13.3.rel1.win32_1.0.0.202411081344/tools/bin/../lib/gcc/arm-none-eabi/13.3.1/../../../../arm-none-eabi/lib/thumb/v7e-m+fp/hard\libstdc++_nano.a(del_ops.o)
                0x080062cc                operator delete(void*, unsigned int)
 .text._ZdlPv   0x080062d0        0x4 C:/ST/STM32CubeIDE_1.17.0/STM32CubeIDE/plugins/com.st.stm32cube.ide.mcu.externaltools.gnu-tools-for-stm32.13.3.rel1.win32_1.0.0.202411081344/tools/bin/../lib/gcc/arm-none-eabi/13.3.1/../../../../arm-none-eabi/lib/thumb/v7e-m+fp/hard\libstdc++_nano.a(del_op.o)
                0x080062d0                operator delete(void*)
 .text.free     0x080062d4       0x10 C:/ST/STM32CubeIDE_1.17.0/STM32CubeIDE/plugins/com.st.stm32cube.ide.mcu.externaltools.gnu-tools-for-stm32.13.3.rel1.win32_1.0.0.202411081344/tools/bin/../lib/gcc/arm-none-eabi/13.3.1/../../../../arm-none-eabi/lib/thumb/v7e-m+fp/hard\libc_nano.a(libc_a-malloc.o)
                0x080062d4                free
 .text.__malloc_lock
                0x080062e4        0xc C:/ST/STM32CubeIDE_1.17.0/STM32CubeIDE/plugins/com.st.stm32cube.ide.mcu.externaltools.gnu-tools-for-stm32.13.3.rel1.win32_1.0.0.202411081344/tools/bin/../lib/gcc/arm-none-eabi/13.3.1/../../../../arm-none-eabi/lib/thumb/v7e-m+fp/hard\libc_nano.a(libc_a-mlock.o)
                0x080062e4                __malloc_lock
 .text.__malloc_unlock
                0x080062f0        0xc C:/ST/STM32CubeIDE_1.17.0/STM32CubeIDE/plugins/com.st.stm32cube.ide.mcu.externaltools.gnu-tools-for-stm32.13.3.rel1.win32_1.0.0.202411081344/tools/bin/../lib/gcc/arm-none-eabi/13.3.1/../../../../arm-none-eabi/lib/thumb/v7e-m+fp/hard\libc_nano.a(libc_a-mlock.o)
                0x080062f0                __malloc_unlock
 .text.memset   0x080062fc       0x10 C:/ST/STM32CubeIDE_1.17.0/STM32CubeIDE/plugins/com.st.stm32cube.ide.mcu.externaltools.gnu-tools-for-stm32.13.3.rel1.win32_1.0.0.202411081344/tools/bin/../lib/gcc/arm-none-eabi/13.3.1/../../../../arm-none-eabi/lib/thumb/v7e-m+fp/hard\libc_nano.a(libc_a-memset.o)
                0x080062fc                memset
 .text.__libc_init_array
                0x0800630c       0x48 C:/ST/STM32CubeIDE_1.17.0/STM32CubeIDE/plugins/com.st.stm32cube.ide.mcu.externaltools.gnu-tools-for-stm32.13.3.rel1.win32_1.0.0.202411081344/tools/bin/../lib/gcc/arm-none-eabi/13.3.1/../../../../arm-none-eabi/lib/thumb/v7e-m+fp/hard\libc_nano.a(libc_a-init.o)
                0x0800630c                __libc_init_array
 .text.__retarget_lock_acquire_recursive
                0x08006354        0x2 C:/ST/STM32CubeIDE_1.17.0/STM32CubeIDE/plugins/com.st.stm32cube.ide.mcu.externaltools.gnu-tools-for-stm32.13.3.rel1.win32_1.0.0.202411081344/tools/bin/../lib/gcc/arm-none-eabi/13.3.1/../../../../arm-none-eabi/lib/thumb/v7e-m+fp/hard\libc_nano.a(libc_a-lock.o)
                0x08006354                __retarget_lock_acquire_recursive
 .text.__retarget_lock_release_recursive
                0x08006356        0x2 C:/ST/STM32CubeIDE_1.17.0/STM32CubeIDE/plugins/com.st.stm32cube.ide.mcu.externaltools.gnu-tools-for-stm32.13.3.rel1.win32_1.0.0.202411081344/tools/bin/../lib/gcc/arm-none-eabi/13.3.1/../../../../arm-none-eabi/lib/thumb/v7e-m+fp/hard\libc_nano.a(libc_a-lock.o)
                0x08006356                __retarget_lock_release_recursive
 .text._free_r  0x08006358       0x94 C:/ST/STM32CubeIDE_1.17.0/STM32CubeIDE/plugins/com.st.stm32cube.ide.mcu.externaltools.gnu-tools-for-stm32.13.3.rel1.win32_1.0.0.202411081344/tools/bin/../lib/gcc/arm-none-eabi/13.3.1/../../../../arm-none-eabi/lib/thumb/v7e-m+fp/hard\libc_nano.a(libc_a-freer.o)
                0x08006358                _free_r
 *(.glue_7)
 .glue_7        0x080063ec        0x0 linker stubs
 *(.glue_7t)
 .glue_7t       0x080063ec        0x0 linker stubs
 *(.eh_frame)
 .eh_frame      0x080063ec        0x0 C:/ST/STM32CubeIDE_1.17.0/STM32CubeIDE/plugins/com.st.stm32cube.ide.mcu.externaltools.gnu-tools-for-stm32.13.3.rel1.win32_1.0.0.202411081344/tools/bin/../lib/gcc/arm-none-eabi/13.3.1/thumb/v7e-m+fp/hard/crtbegin.o
 *(.init)
 .init          0x080063ec        0x4 C:/ST/STM32CubeIDE_1.17.0/STM32CubeIDE/plugins/com.st.stm32cube.ide.mcu.externaltools.gnu-tools-for-stm32.13.3.rel1.win32_1.0.0.202411081344/tools/bin/../lib/gcc/arm-none-eabi/13.3.1/thumb/v7e-m+fp/hard/crti.o
                0x080063ec                _init
 .init          0x080063f0        0x8 C:/ST/STM32CubeIDE_1.17.0/STM32CubeIDE/plugins/com.st.stm32cube.ide.mcu.externaltools.gnu-tools-for-stm32.13.3.rel1.win32_1.0.0.202411081344/tools/bin/../lib/gcc/arm-none-eabi/13.3.1/thumb/v7e-m+fp/hard/crtn.o
 *(.fini)
 .fini          0x080063f8        0x4 C:/ST/STM32CubeIDE_1.17.0/STM32CubeIDE/plugins/com.st.stm32cube.ide.mcu.externaltools.gnu-tools-for-stm32.13.3.rel1.win32_1.0.0.202411081344/tools/bin/../lib/gcc/arm-none-eabi/13.3.1/thumb/v7e-m+fp/hard/crti.o
                0x080063f8                _fini
 .fini          0x080063fc        0x8 C:/ST/STM32CubeIDE_1.17.0/STM32CubeIDE/plugins/com.st.stm32cube.ide.mcu.externaltools.gnu-tools-for-stm32.13.3.rel1.win32_1.0.0.202411081344/tools/bin/../lib/gcc/arm-none-eabi/13.3.1/thumb/v7e-m+fp/hard/crtn.o
                0x08006404                        . = ALIGN (0x4)
                0x08006404                        _etext = .

.vfp11_veneer   0x08006404        0x0
 .vfp11_veneer  0x08006404        0x0 linker stubs

.v4_bx          0x08006404        0x0
 .v4_bx         0x08006404        0x0 linker stubs

.iplt           0x08006404        0x0
 .iplt          0x08006404        0x0 C:/ST/STM32CubeIDE_1.17.0/STM32CubeIDE/plugins/com.st.stm32cube.ide.mcu.externaltools.gnu-tools-for-stm32.13.3.rel1.win32_1.0.0.202411081344/tools/bin/../lib/gcc/arm-none-eabi/13.3.1/thumb/v7e-m+fp/hard/crtbegin.o

.rodata         0x08006404       0xd4
                0x08006404                        . = ALIGN (0x4)
 *(.rodata)
 .rodata        0x08006404       0x10 ./Core/Src/main.o
 *(.rodata*)
 .rodata._ZTV9ButtonISR
                0x08006414       0x10 ./Core/Src/GPIO_Hal.o
                0x08006414                vtable for ButtonISR
 .rodata._ZTV6Button
                0x08006424       0x10 ./Core/Src/GPIO_Hal.o
                0x08006424                vtable for Button
 .rodata._ZTV3Led
                0x08006434       0x10 ./Core/Src/GPIO_Hal.o
                0x08006434                vtable for Led
 .rodata._ZTV8GpioBase
                0x08006444       0x10 ./Core/Src/GPIO_Hal.o
                0x08006444                vtable for GpioBase
 .rodata._ZTV6UartIT
                0x08006454       0x14 ./Core/Src/UART_Hal.o
                0x08006454                vtable for UartIT
 .rodata.AHBPrescTable
                0x08006468       0x10 ./Core/Src/system_stm32l4xx.o
                0x08006468                AHBPrescTable
 .rodata.APBPrescTable
                0x08006478        0x8 ./Core/Src/system_stm32l4xx.o
                0x08006478                APBPrescTable
 .rodata.MSIRangeTable
                0x08006480       0x30 ./Core/Src/system_stm32l4xx.o
                0x08006480                MSIRangeTable
 .rodata._ZTV5TimIt
                0x080064b0       0x14 ./Core/Src/tim_Hal.o
                0x080064b0                vtable for TimIt
 .rodata._ZTV7TimBase
                0x080064c4       0x14 ./Core/Src/tim_Hal.o
                0x080064c4                vtable for TimBase
                0x080064d8                        . = ALIGN (0x4)

.ARM.extab      0x080064d8        0x0
                0x080064d8                        . = ALIGN (0x4)
 *(.ARM.extab* .gnu.linkonce.armextab.*)
                0x080064d8                        . = ALIGN (0x4)

.ARM            0x080064d8        0x8
                0x080064d8                        . = ALIGN (0x4)
                0x080064d8                        __exidx_start = .
 *(.ARM.exidx*)
 .ARM.exidx     0x080064d8        0x8 C:/ST/STM32CubeIDE_1.17.0/STM32CubeIDE/plugins/com.st.stm32cube.ide.mcu.externaltools.gnu-tools-for-stm32.13.3.rel1.win32_1.0.0.202411081344/tools/bin/../lib/gcc/arm-none-eabi/13.3.1/../../../../arm-none-eabi/lib/thumb/v7e-m+fp/hard\libc_nano.a(libc_a-strlen.o)
 .ARM.exidx     0x080064e0        0x0 C:/ST/STM32CubeIDE_1.17.0/STM32CubeIDE/plugins/com.st.stm32cube.ide.mcu.externaltools.gnu-tools-for-stm32.13.3.rel1.win32_1.0.0.202411081344/tools/bin/../lib/gcc/arm-none-eabi/13.3.1/thumb/v7e-m+fp/hard\libgcc.a(_udivmoddi4.o)
                                  0x8 (size before relaxing)
                0x080064e0                        __exidx_end = .
                0x080064e0                        . = ALIGN (0x4)

.preinit_array  0x080064e0        0x0
                0x080064e0                        . = ALIGN (0x4)
                0x080064e0                        PROVIDE (__preinit_array_start = .)
 *(.preinit_array*)
                0x080064e0                        PROVIDE (__preinit_array_end = .)
                0x080064e0                        . = ALIGN (0x4)

.init_array     0x080064e0       0x10
                0x080064e0                        . = ALIGN (0x4)
                0x080064e0                        PROVIDE (__init_array_start = .)
 *(SORT_BY_NAME(.init_array.*))
 *(.init_array*)
 .init_array    0x080064e0        0x4 C:/ST/STM32CubeIDE_1.17.0/STM32CubeIDE/plugins/com.st.stm32cube.ide.mcu.externaltools.gnu-tools-for-stm32.13.3.rel1.win32_1.0.0.202411081344/tools/bin/../lib/gcc/arm-none-eabi/13.3.1/thumb/v7e-m+fp/hard/crtbegin.o
 .init_array    0x080064e4        0x4 ./Core/Src/GPIO_Hal.o
 .init_array    0x080064e8        0x4 ./Core/Src/UART_Hal.o
 .init_array    0x080064ec        0x4 ./Core/Src/tim_Hal.o
                0x080064f0                        PROVIDE (__init_array_end = .)
                0x080064f0                        . = ALIGN (0x4)

.fini_array     0x080064f0        0x4
                0x080064f0                        . = ALIGN (0x4)
                [!provide]                        PROVIDE (__fini_array_start = .)
 *(SORT_BY_NAME(.fini_array.*))
 *(.fini_array*)
 .fini_array    0x080064f0        0x4 C:/ST/STM32CubeIDE_1.17.0/STM32CubeIDE/plugins/com.st.stm32cube.ide.mcu.externaltools.gnu-tools-for-stm32.13.3.rel1.win32_1.0.0.202411081344/tools/bin/../lib/gcc/arm-none-eabi/13.3.1/thumb/v7e-m+fp/hard/crtbegin.o
                [!provide]                        PROVIDE (__fini_array_end = .)
                0x080064f4                        . = ALIGN (0x4)
                0x080064f4                        _sidata = LOADADDR (.data)

.rel.dyn        0x080064f4        0x0
 .rel.iplt      0x080064f4        0x0 C:/ST/STM32CubeIDE_1.17.0/STM32CubeIDE/plugins/com.st.stm32cube.ide.mcu.externaltools.gnu-tools-for-stm32.13.3.rel1.win32_1.0.0.202411081344/tools/bin/../lib/gcc/arm-none-eabi/13.3.1/thumb/v7e-m+fp/hard/crtbegin.o

.data           0x20000000       0x5c load address 0x080064f4
                0x20000000                        . = ALIGN (0x4)
                0x20000000                        _sdata = .
 *(.data)
 *(.data*)
 .data.SystemCoreClock
                0x20000000        0x4 ./Core/Src/system_stm32l4xx.o
                0x20000000                SystemCoreClock
 .data.uwTickPrio
                0x20000004        0x4 ./Drivers/STM32L4xx_HAL_Driver/Src/stm32l4xx_hal.o
                0x20000004                uwTickPrio
 .data.uwTickFreq
                0x20000008        0x1 ./Drivers/STM32L4xx_HAL_Driver/Src/stm32l4xx_hal.o
                0x20000008                uwTickFreq
 *fill*         0x20000009        0x3 
 .data._impure_ptr
                0x2000000c        0x4 C:/ST/STM32CubeIDE_1.17.0/STM32CubeIDE/plugins/com.st.stm32cube.ide.mcu.externaltools.gnu-tools-for-stm32.13.3.rel1.win32_1.0.0.202411081344/tools/bin/../lib/gcc/arm-none-eabi/13.3.1/../../../../arm-none-eabi/lib/thumb/v7e-m+fp/hard\libc_nano.a(libc_a-impure.o)
                0x2000000c                _impure_ptr
 .data._impure_data
                0x20000010       0x4c C:/ST/STM32CubeIDE_1.17.0/STM32CubeIDE/plugins/com.st.stm32cube.ide.mcu.externaltools.gnu-tools-for-stm32.13.3.rel1.win32_1.0.0.202411081344/tools/bin/../lib/gcc/arm-none-eabi/13.3.1/../../../../arm-none-eabi/lib/thumb/v7e-m+fp/hard\libc_nano.a(libc_a-impure.o)
                0x20000010                _impure_data
 *(.RamFunc)
 *(.RamFunc*)
                0x2000005c                        . = ALIGN (0x4)
                0x2000005c                        _edata = .

.igot.plt       0x2000005c        0x0 load address 0x08006550
 .igot.plt      0x2000005c        0x0 C:/ST/STM32CubeIDE_1.17.0/STM32CubeIDE/plugins/com.st.stm32cube.ide.mcu.externaltools.gnu-tools-for-stm32.13.3.rel1.win32_1.0.0.202411081344/tools/bin/../lib/gcc/arm-none-eabi/13.3.1/thumb/v7e-m+fp/hard/crtbegin.o
                0x2000005c                        . = ALIGN (0x4)

.bss            0x2000005c      0x52c load address 0x08006550
                0x2000005c                        _sbss = .
                0x2000005c                        __bss_start__ = _sbss
 *(.bss)
 .bss           0x2000005c       0x1c C:/ST/STM32CubeIDE_1.17.0/STM32CubeIDE/plugins/com.st.stm32cube.ide.mcu.externaltools.gnu-tools-for-stm32.13.3.rel1.win32_1.0.0.202411081344/tools/bin/../lib/gcc/arm-none-eabi/13.3.1/thumb/v7e-m+fp/hard/crtbegin.o
 *(.bss*)
 .bss._ZN8GpioBase8s_initedE
                0x20000078        0x1 ./Core/Src/GPIO_Hal.o
                0x20000078                GpioBase::s_inited
 *fill*         0x20000079        0x3 
 .bss._ZN9ButtonISR8ISR_LISTE
                0x2000007c       0x24 ./Core/Src/GPIO_Hal.o
                0x2000007c                ButtonISR::ISR_LIST
 .bss._ZN8UartBase6isInitE
                0x200000a0        0x1 ./Core/Src/UART_Hal.o
                0x200000a0                UartBase::isInit
 *fill*         0x200000a1        0x3 
 .bss._ZN6UartIT8ISR_LISTE
                0x200000a4        0xc ./Core/Src/UART_Hal.o
                0x200000a4                UartIT::ISR_LIST
 .bss.blueB_latch
                0x200000b0        0x4 ./Core/Src/main.o
                0x200000b0                blueB_latch
 .bss.htim2     0x200000b4       0xbc ./Core/Src/tim.o
                0x200000b4                htim2
 .bss.htim3     0x20000170       0xbc ./Core/Src/tim.o
                0x20000170                htim3
 .bss._ZN7TimBase8_is_initE
                0x2000022c        0x4 ./Core/Src/tim_Hal.o
                0x2000022c                TimBase::_is_init
 .bss._ZN5TimIt8ISR_LISTE
                0x20000230       0x14 ./Core/Src/tim_Hal.o
                0x20000230                TimIt::ISR_LIST
 .bss.huart1    0x20000244       0xb8 ./Core/Src/usart.o
                0x20000244                huart1
 .bss.huart2    0x200002fc       0xb8 ./Core/Src/usart.o
                0x200002fc                huart2
 .bss.hdma_usart1_rx
                0x200003b4       0x48 ./Core/Src/usart.o
                0x200003b4                hdma_usart1_rx
 .bss.hdma_usart1_tx
                0x200003fc       0x48 ./Core/Src/usart.o
                0x200003fc                hdma_usart1_tx
 .bss.uwTick    0x20000444        0x4 ./Drivers/STM32L4xx_HAL_Driver/Src/stm32l4xx_hal.o
                0x20000444                uwTick
 .bss.__malloc_free_list
                0x20000448        0x4 C:/ST/STM32CubeIDE_1.17.0/STM32CubeIDE/plugins/com.st.stm32cube.ide.mcu.externaltools.gnu-tools-for-stm32.13.3.rel1.win32_1.0.0.202411081344/tools/bin/../lib/gcc/arm-none-eabi/13.3.1/../../../../arm-none-eabi/lib/thumb/v7e-m+fp/hard\libc_nano.a(libc_a-mallocr.o)
                0x20000448                __malloc_free_list
 .bss.__sf      0x2000044c      0x138 C:/ST/STM32CubeIDE_1.17.0/STM32CubeIDE/plugins/com.st.stm32cube.ide.mcu.externaltools.gnu-tools-for-stm32.13.3.rel1.win32_1.0.0.202411081344/tools/bin/../lib/gcc/arm-none-eabi/13.3.1/../../../../arm-none-eabi/lib/thumb/v7e-m+fp/hard\libc_nano.a(libc_a-findfp.o)
                0x2000044c                __sf
 .bss.__lock___malloc_recursive_mutex
                0x20000584        0x1 C:/ST/STM32CubeIDE_1.17.0/STM32CubeIDE/plugins/com.st.stm32cube.ide.mcu.externaltools.gnu-tools-for-stm32.13.3.rel1.win32_1.0.0.202411081344/tools/bin/../lib/gcc/arm-none-eabi/13.3.1/../../../../arm-none-eabi/lib/thumb/v7e-m+fp/hard\libc_nano.a(libc_a-lock.o)
                0x20000584                __lock___malloc_recursive_mutex
 *(COMMON)
                0x20000588                        . = ALIGN (0x4)
 *fill*         0x20000585        0x3 
                0x20000588                        _ebss = .
                0x20000588                        __bss_end__ = _ebss

._user_heap_stack
                0x20000588      0x600 load address 0x08006550
                0x20000588                        . = ALIGN (0x8)
                [!provide]                        PROVIDE (end = .)
                0x20000588                        PROVIDE (_end = .)
                0x20000788                        . = (. + _Min_Heap_Size)
 *fill*         0x20000588      0x200 
                0x20000b88                        . = (. + _Min_Stack_Size)
 *fill*         0x20000788      0x400 
                0x20000b88                        . = ALIGN (0x8)

/DISCARD/
 libc.a(*)
 libm.a(*)
 libgcc.a(*)

.ARM.attributes
                0x00000000       0x30
 *(.ARM.attributes)
 .ARM.attributes
                0x00000000       0x22 C:/ST/STM32CubeIDE_1.17.0/STM32CubeIDE/plugins/com.st.stm32cube.ide.mcu.externaltools.gnu-tools-for-stm32.13.3.rel1.win32_1.0.0.202411081344/tools/bin/../lib/gcc/arm-none-eabi/13.3.1/thumb/v7e-m+fp/hard/crti.o
 .ARM.attributes
                0x00000022       0x34 C:/ST/STM32CubeIDE_1.17.0/STM32CubeIDE/plugins/com.st.stm32cube.ide.mcu.externaltools.gnu-tools-for-stm32.13.3.rel1.win32_1.0.0.202411081344/tools/bin/../lib/gcc/arm-none-eabi/13.3.1/thumb/v7e-m+fp/hard/crtbegin.o
 .ARM.attributes
                0x00000056       0x34 ./Core/Src/GPIO_Hal.o
 .ARM.attributes
                0x0000008a       0x34 ./Core/Src/UART_Hal.o
 .ARM.attributes
                0x000000be       0x34 ./Core/Src/gpio.o
 .ARM.attributes
                0x000000f2       0x34 ./Core/Src/main.o
 .ARM.attributes
                0x00000126       0x34 ./Core/Src/stm32l4xx_hal_msp.o
 .ARM.attributes
                0x0000015a       0x34 ./Core/Src/stm32l4xx_it.o
 .ARM.attributes
                0x0000018e       0x34 ./Core/Src/system_stm32l4xx.o
 .ARM.attributes
                0x000001c2       0x34 ./Core/Src/tim.o
 .ARM.attributes
                0x000001f6       0x34 ./Core/Src/tim_Hal.o
 .ARM.attributes
                0x0000022a       0x34 ./Core/Src/usart.o
 .ARM.attributes
                0x0000025e       0x21 ./Core/Startup/startup_stm32l476rgtx.o
 .ARM.attributes
                0x0000027f       0x34 ./Drivers/STM32L4xx_HAL_Driver/Src/stm32l4xx_hal.o
 .ARM.attributes
                0x000002b3       0x34 ./Drivers/STM32L4xx_HAL_Driver/Src/stm32l4xx_hal_cortex.o
 .ARM.attributes
                0x000002e7       0x34 ./Drivers/STM32L4xx_HAL_Driver/Src/stm32l4xx_hal_dma.o
 .ARM.attributes
                0x0000031b       0x34 ./Drivers/STM32L4xx_HAL_Driver/Src/stm32l4xx_hal_gpio.o
 .ARM.attributes
                0x0000034f       0x34 ./Drivers/STM32L4xx_HAL_Driver/Src/stm32l4xx_hal_pwr_ex.o
 .ARM.attributes
                0x00000383       0x34 ./Drivers/STM32L4xx_HAL_Driver/Src/stm32l4xx_hal_rcc.o
 .ARM.attributes
                0x000003b7       0x34 ./Drivers/STM32L4xx_HAL_Driver/Src/stm32l4xx_hal_rcc_ex.o
 .ARM.attributes
                0x000003eb       0x34 ./Drivers/STM32L4xx_HAL_Driver/Src/stm32l4xx_hal_tim.o
 .ARM.attributes
                0x0000041f       0x34 ./Drivers/STM32L4xx_HAL_Driver/Src/stm32l4xx_hal_tim_ex.o
 .ARM.attributes
                0x00000453       0x34 ./Drivers/STM32L4xx_HAL_Driver/Src/stm32l4xx_hal_uart.o
 .ARM.attributes
                0x00000487       0x34 ./Drivers/STM32L4xx_HAL_Driver/Src/stm32l4xx_hal_uart_ex.o
 .ARM.attributes
                0x000004bb       0x34 C:/ST/STM32CubeIDE_1.17.0/STM32CubeIDE/plugins/com.st.stm32cube.ide.mcu.externaltools.gnu-tools-for-stm32.13.3.rel1.win32_1.0.0.202411081344/tools/bin/../lib/gcc/arm-none-eabi/13.3.1/../../../../arm-none-eabi/lib/thumb/v7e-m+fp/hard\libstdc++_nano.a(del_ops.o)
 .ARM.attributes
                0x000004ef       0x34 C:/ST/STM32CubeIDE_1.17.0/STM32CubeIDE/plugins/com.st.stm32cube.ide.mcu.externaltools.gnu-tools-for-stm32.13.3.rel1.win32_1.0.0.202411081344/tools/bin/../lib/gcc/arm-none-eabi/13.3.1/../../../../arm-none-eabi/lib/thumb/v7e-m+fp/hard\libstdc++_nano.a(del_op.o)
 .ARM.attributes
                0x00000523       0x34 C:/ST/STM32CubeIDE_1.17.0/STM32CubeIDE/plugins/com.st.stm32cube.ide.mcu.externaltools.gnu-tools-for-stm32.13.3.rel1.win32_1.0.0.202411081344/tools/bin/../lib/gcc/arm-none-eabi/13.3.1/../../../../arm-none-eabi/lib/thumb/v7e-m+fp/hard\libc_nano.a(libc_a-malloc.o)
 .ARM.attributes
                0x00000557       0x34 C:/ST/STM32CubeIDE_1.17.0/STM32CubeIDE/plugins/com.st.stm32cube.ide.mcu.externaltools.gnu-tools-for-stm32.13.3.rel1.win32_1.0.0.202411081344/tools/bin/../lib/gcc/arm-none-eabi/13.3.1/../../../../arm-none-eabi/lib/thumb/v7e-m+fp/hard\libc_nano.a(libc_a-mallocr.o)
 .ARM.attributes
                0x0000058b       0x34 C:/ST/STM32CubeIDE_1.17.0/STM32CubeIDE/plugins/com.st.stm32cube.ide.mcu.externaltools.gnu-tools-for-stm32.13.3.rel1.win32_1.0.0.202411081344/tools/bin/../lib/gcc/arm-none-eabi/13.3.1/../../../../arm-none-eabi/lib/thumb/v7e-m+fp/hard\libc_nano.a(libc_a-mlock.o)
 .ARM.attributes
                0x000005bf       0x34 C:/ST/STM32CubeIDE_1.17.0/STM32CubeIDE/plugins/com.st.stm32cube.ide.mcu.externaltools.gnu-tools-for-stm32.13.3.rel1.win32_1.0.0.202411081344/tools/bin/../lib/gcc/arm-none-eabi/13.3.1/../../../../arm-none-eabi/lib/thumb/v7e-m+fp/hard\libc_nano.a(libc_a-findfp.o)
 .ARM.attributes
                0x000005f3       0x34 C:/ST/STM32CubeIDE_1.17.0/STM32CubeIDE/plugins/com.st.stm32cube.ide.mcu.externaltools.gnu-tools-for-stm32.13.3.rel1.win32_1.0.0.202411081344/tools/bin/../lib/gcc/arm-none-eabi/13.3.1/../../../../arm-none-eabi/lib/thumb/v7e-m+fp/hard\libc_nano.a(libc_a-memset.o)
 .ARM.attributes
                0x00000627       0x34 C:/ST/STM32CubeIDE_1.17.0/STM32CubeIDE/plugins/com.st.stm32cube.ide.mcu.externaltools.gnu-tools-for-stm32.13.3.rel1.win32_1.0.0.202411081344/tools/bin/../lib/gcc/arm-none-eabi/13.3.1/../../../../arm-none-eabi/lib/thumb/v7e-m+fp/hard\libc_nano.a(libc_a-impure.o)
 .ARM.attributes
                0x0000065b       0x34 C:/ST/STM32CubeIDE_1.17.0/STM32CubeIDE/plugins/com.st.stm32cube.ide.mcu.externaltools.gnu-tools-for-stm32.13.3.rel1.win32_1.0.0.202411081344/tools/bin/../lib/gcc/arm-none-eabi/13.3.1/../../../../arm-none-eabi/lib/thumb/v7e-m+fp/hard\libc_nano.a(libc_a-init.o)
 .ARM.attributes
                0x0000068f       0x34 C:/ST/STM32CubeIDE_1.17.0/STM32CubeIDE/plugins/com.st.stm32cube.ide.mcu.externaltools.gnu-tools-for-stm32.13.3.rel1.win32_1.0.0.202411081344/tools/bin/../lib/gcc/arm-none-eabi/13.3.1/../../../../arm-none-eabi/lib/thumb/v7e-m+fp/hard\libc_nano.a(libc_a-lock.o)
 .ARM.attributes
                0x000006c3       0x17 C:/ST/STM32CubeIDE_1.17.0/STM32CubeIDE/plugins/com.st.stm32cube.ide.mcu.externaltools.gnu-tools-for-stm32.13.3.rel1.win32_1.0.0.202411081344/tools/bin/../lib/gcc/arm-none-eabi/13.3.1/../../../../arm-none-eabi/lib/thumb/v7e-m+fp/hard\libc_nano.a(libc_a-strlen.o)
 .ARM.attributes
                0x000006da       0x34 C:/ST/STM32CubeIDE_1.17.0/STM32CubeIDE/plugins/com.st.stm32cube.ide.mcu.externaltools.gnu-tools-for-stm32.13.3.rel1.win32_1.0.0.202411081344/tools/bin/../lib/gcc/arm-none-eabi/13.3.1/../../../../arm-none-eabi/lib/thumb/v7e-m+fp/hard\libc_nano.a(libc_a-freer.o)
 .ARM.attributes
                0x0000070e       0x22 C:/ST/STM32CubeIDE_1.17.0/STM32CubeIDE/plugins/com.st.stm32cube.ide.mcu.externaltools.gnu-tools-for-stm32.13.3.rel1.win32_1.0.0.202411081344/tools/bin/../lib/gcc/arm-none-eabi/13.3.1/thumb/v7e-m+fp/hard\libgcc.a(_aeabi_uldivmod.o)
 .ARM.attributes
                0x00000730       0x34 C:/ST/STM32CubeIDE_1.17.0/STM32CubeIDE/plugins/com.st.stm32cube.ide.mcu.externaltools.gnu-tools-for-stm32.13.3.rel1.win32_1.0.0.202411081344/tools/bin/../lib/gcc/arm-none-eabi/13.3.1/thumb/v7e-m+fp/hard\libgcc.a(_udivmoddi4.o)
 .ARM.attributes
                0x00000764       0x22 C:/ST/STM32CubeIDE_1.17.0/STM32CubeIDE/plugins/com.st.stm32cube.ide.mcu.externaltools.gnu-tools-for-stm32.13.3.rel1.win32_1.0.0.202411081344/tools/bin/../lib/gcc/arm-none-eabi/13.3.1/thumb/v7e-m+fp/hard\libgcc.a(_dvmd_tls.o)
 .ARM.attributes
                0x00000786       0x22 C:/ST/STM32CubeIDE_1.17.0/STM32CubeIDE/plugins/com.st.stm32cube.ide.mcu.externaltools.gnu-tools-for-stm32.13.3.rel1.win32_1.0.0.202411081344/tools/bin/../lib/gcc/arm-none-eabi/13.3.1/thumb/v7e-m+fp/hard/crtn.o
OUTPUT(stm32l476Cpp.elf elf32-littlearm)
LOAD linker stubs
LOAD C:/ST/STM32CubeIDE_1.17.0/STM32CubeIDE/plugins/com.st.stm32cube.ide.mcu.externaltools.gnu-tools-for-stm32.13.3.rel1.win32_1.0.0.202411081344/tools/bin/../lib/gcc/arm-none-eabi/13.3.1/../../../../arm-none-eabi/lib/thumb/v7e-m+fp/hard\libc.a
LOAD C:/ST/STM32CubeIDE_1.17.0/STM32CubeIDE/plugins/com.st.stm32cube.ide.mcu.externaltools.gnu-tools-for-stm32.13.3.rel1.win32_1.0.0.202411081344/tools/bin/../lib/gcc/arm-none-eabi/13.3.1/../../../../arm-none-eabi/lib/thumb/v7e-m+fp/hard\libm.a
LOAD C:/ST/STM32CubeIDE_1.17.0/STM32CubeIDE/plugins/com.st.stm32cube.ide.mcu.externaltools.gnu-tools-for-stm32.13.3.rel1.win32_1.0.0.202411081344/tools/bin/../lib/gcc/arm-none-eabi/13.3.1/thumb/v7e-m+fp/hard\libgcc.a

.debug_info     0x00000000    0x16965
 .debug_info    0x00000000      0xf42 ./Core/Src/GPIO_Hal.o
 .debug_info    0x00000f42     0x1683 ./Core/Src/UART_Hal.o
 .debug_info    0x000025c5      0x6be ./Core/Src/gpio.o
 .debug_info    0x00002c83     0x174d ./Core/Src/main.o
 .debug_info    0x000043d0      0x2b9 ./Core/Src/stm32l4xx_hal_msp.o
 .debug_info    0x00004689      0xdc0 ./Core/Src/stm32l4xx_it.o
 .debug_info    0x00005449      0x5b1 ./Core/Src/system_stm32l4xx.o
 .debug_info    0x000059fa      0xe9d ./Core/Src/tim.o
 .debug_info    0x00006897     0x1218 ./Core/Src/tim_Hal.o
 .debug_info    0x00007aaf     0x10fd ./Core/Src/usart.o
 .debug_info    0x00008bac       0x30 ./Core/Startup/startup_stm32l476rgtx.o
 .debug_info    0x00008bdc      0xaeb ./Drivers/STM32L4xx_HAL_Driver/Src/stm32l4xx_hal.o
 .debug_info    0x000096c7      0xd81 ./Drivers/STM32L4xx_HAL_Driver/Src/stm32l4xx_hal_cortex.o
 .debug_info    0x0000a448      0x6f4 ./Drivers/STM32L4xx_HAL_Driver/Src/stm32l4xx_hal_dma.o
 .debug_info    0x0000ab3c      0x757 ./Drivers/STM32L4xx_HAL_Driver/Src/stm32l4xx_hal_gpio.o
 .debug_info    0x0000b293      0x99e ./Drivers/STM32L4xx_HAL_Driver/Src/stm32l4xx_hal_pwr_ex.o
 .debug_info    0x0000bc31      0xc14 ./Drivers/STM32L4xx_HAL_Driver/Src/stm32l4xx_hal_rcc.o
 .debug_info    0x0000c845      0xe11 ./Drivers/STM32L4xx_HAL_Driver/Src/stm32l4xx_hal_rcc_ex.o
 .debug_info    0x0000d656     0x2e18 ./Drivers/STM32L4xx_HAL_Driver/Src/stm32l4xx_hal_tim.o
 .debug_info    0x0001046e     0x182f ./Drivers/STM32L4xx_HAL_Driver/Src/stm32l4xx_hal_tim_ex.o
 .debug_info    0x00011c9d     0x3dfa ./Drivers/STM32L4xx_HAL_Driver/Src/stm32l4xx_hal_uart.o
 .debug_info    0x00015a97      0xece ./Drivers/STM32L4xx_HAL_Driver/Src/stm32l4xx_hal_uart_ex.o

.debug_abbrev   0x00000000     0x37a5
 .debug_abbrev  0x00000000      0x4ed ./Core/Src/GPIO_Hal.o
 .debug_abbrev  0x000004ed      0x514 ./Core/Src/UART_Hal.o
 .debug_abbrev  0x00000a01      0x15b ./Core/Src/gpio.o
 .debug_abbrev  0x00000b5c      0x49a ./Core/Src/main.o
 .debug_abbrev  0x00000ff6       0xc6 ./Core/Src/stm32l4xx_hal_msp.o
 .debug_abbrev  0x000010bc      0x1c8 ./Core/Src/stm32l4xx_it.o
 .debug_abbrev  0x00001284      0x11a ./Core/Src/system_stm32l4xx.o
 .debug_abbrev  0x0000139e      0x218 ./Core/Src/tim.o
 .debug_abbrev  0x000015b6      0x481 ./Core/Src/tim_Hal.o
 .debug_abbrev  0x00001a37      0x216 ./Core/Src/usart.o
 .debug_abbrev  0x00001c4d       0x24 ./Core/Startup/startup_stm32l476rgtx.o
 .debug_abbrev  0x00001c71      0x242 ./Drivers/STM32L4xx_HAL_Driver/Src/stm32l4xx_hal.o
 .debug_abbrev  0x00001eb3      0x31c ./Drivers/STM32L4xx_HAL_Driver/Src/stm32l4xx_hal_cortex.o
 .debug_abbrev  0x000021cf      0x1e4 ./Drivers/STM32L4xx_HAL_Driver/Src/stm32l4xx_hal_dma.o
 .debug_abbrev  0x000023b3      0x1cb ./Drivers/STM32L4xx_HAL_Driver/Src/stm32l4xx_hal_gpio.o
 .debug_abbrev  0x0000257e      0x1f9 ./Drivers/STM32L4xx_HAL_Driver/Src/stm32l4xx_hal_pwr_ex.o
 .debug_abbrev  0x00002777      0x2cb ./Drivers/STM32L4xx_HAL_Driver/Src/stm32l4xx_hal_rcc.o
 .debug_abbrev  0x00002a42      0x2a6 ./Drivers/STM32L4xx_HAL_Driver/Src/stm32l4xx_hal_rcc_ex.o
 .debug_abbrev  0x00002ce8      0x289 ./Drivers/STM32L4xx_HAL_Driver/Src/stm32l4xx_hal_tim.o
 .debug_abbrev  0x00002f71      0x294 ./Drivers/STM32L4xx_HAL_Driver/Src/stm32l4xx_hal_tim_ex.o
 .debug_abbrev  0x00003205      0x2e2 ./Drivers/STM32L4xx_HAL_Driver/Src/stm32l4xx_hal_uart.o
 .debug_abbrev  0x000034e7      0x2be ./Drivers/STM32L4xx_HAL_Driver/Src/stm32l4xx_hal_uart_ex.o

.debug_aranges  0x00000000     0x12c0
 .debug_aranges
                0x00000000      0x118 ./Core/Src/GPIO_Hal.o
 .debug_aranges
                0x00000118       0xf8 ./Core/Src/UART_Hal.o
 .debug_aranges
                0x00000210       0x20 ./Core/Src/gpio.o
 .debug_aranges
                0x00000230       0x38 ./Core/Src/main.o
 .debug_aranges
                0x00000268       0x20 ./Core/Src/stm32l4xx_hal_msp.o
 .debug_aranges
                0x00000288       0x90 ./Core/Src/stm32l4xx_it.o
 .debug_aranges
                0x00000318       0x28 ./Core/Src/system_stm32l4xx.o
 .debug_aranges
                0x00000340       0x38 ./Core/Src/tim.o
 .debug_aranges
                0x00000378       0xc0 ./Core/Src/tim_Hal.o
 .debug_aranges
                0x00000438       0x38 ./Core/Src/usart.o
 .debug_aranges
                0x00000470       0x28 ./Core/Startup/startup_stm32l476rgtx.o
 .debug_aranges
                0x00000498      0x130 ./Drivers/STM32L4xx_HAL_Driver/Src/stm32l4xx_hal.o
 .debug_aranges
                0x000005c8      0x128 ./Drivers/STM32L4xx_HAL_Driver/Src/stm32l4xx_hal_cortex.o
 .debug_aranges
                0x000006f0       0x80 ./Drivers/STM32L4xx_HAL_Driver/Src/stm32l4xx_hal_dma.o
 .debug_aranges
                0x00000770       0x58 ./Drivers/STM32L4xx_HAL_Driver/Src/stm32l4xx_hal_gpio.o
 .debug_aranges
                0x000007c8      0x160 ./Drivers/STM32L4xx_HAL_Driver/Src/stm32l4xx_hal_pwr_ex.o
 .debug_aranges
                0x00000928       0x90 ./Drivers/STM32L4xx_HAL_Driver/Src/stm32l4xx_hal_rcc.o
 .debug_aranges
                0x000009b8       0xc0 ./Drivers/STM32L4xx_HAL_Driver/Src/stm32l4xx_hal_rcc_ex.o
 .debug_aranges
                0x00000a78      0x3f8 ./Drivers/STM32L4xx_HAL_Driver/Src/stm32l4xx_hal_tim.o
 .debug_aranges
                0x00000e70      0x180 ./Drivers/STM32L4xx_HAL_Driver/Src/stm32l4xx_hal_tim_ex.o
 .debug_aranges
                0x00000ff0      0x250 ./Drivers/STM32L4xx_HAL_Driver/Src/stm32l4xx_hal_uart.o
 .debug_aranges
                0x00001240       0x80 ./Drivers/STM32L4xx_HAL_Driver/Src/stm32l4xx_hal_uart_ex.o

.debug_rnglists
                0x00000000      0xe80
 .debug_rnglists
                0x00000000       0xcd ./Core/Src/GPIO_Hal.o
 .debug_rnglists
                0x000000cd       0xb7 ./Core/Src/UART_Hal.o
 .debug_rnglists
                0x00000184       0x14 ./Core/Src/gpio.o
 .debug_rnglists
                0x00000198       0x27 ./Core/Src/main.o
 .debug_rnglists
                0x000001bf       0x13 ./Core/Src/stm32l4xx_hal_msp.o
 .debug_rnglists
                0x000001d2       0x67 ./Core/Src/stm32l4xx_it.o
 .debug_rnglists
                0x00000239       0x1a ./Core/Src/system_stm32l4xx.o
 .debug_rnglists
                0x00000253       0x27 ./Core/Src/tim.o
 .debug_rnglists
                0x0000027a       0x8b ./Core/Src/tim_Hal.o
 .debug_rnglists
                0x00000305       0x27 ./Core/Src/usart.o
 .debug_rnglists
                0x0000032c       0x19 ./Core/Startup/startup_stm32l476rgtx.o
 .debug_rnglists
                0x00000345       0xdf ./Drivers/STM32L4xx_HAL_Driver/Src/stm32l4xx_hal.o
 .debug_rnglists
                0x00000424       0xda ./Drivers/STM32L4xx_HAL_Driver/Src/stm32l4xx_hal_cortex.o
 .debug_rnglists
                0x000004fe       0x64 ./Drivers/STM32L4xx_HAL_Driver/Src/stm32l4xx_hal_dma.o
 .debug_rnglists
                0x00000562       0x3f ./Drivers/STM32L4xx_HAL_Driver/Src/stm32l4xx_hal_gpio.o
 .debug_rnglists
                0x000005a1      0x109 ./Drivers/STM32L4xx_HAL_Driver/Src/stm32l4xx_hal_pwr_ex.o
 .debug_rnglists
                0x000006aa       0x6d ./Drivers/STM32L4xx_HAL_Driver/Src/stm32l4xx_hal_rcc.o
 .debug_rnglists
                0x00000717       0x95 ./Drivers/STM32L4xx_HAL_Driver/Src/stm32l4xx_hal_rcc_ex.o
 .debug_rnglists
                0x000007ac      0x33d ./Drivers/STM32L4xx_HAL_Driver/Src/stm32l4xx_hal_tim.o
 .debug_rnglists
                0x00000ae9      0x139 ./Drivers/STM32L4xx_HAL_Driver/Src/stm32l4xx_hal_tim_ex.o
 .debug_rnglists
                0x00000c22      0x1fe ./Drivers/STM32L4xx_HAL_Driver/Src/stm32l4xx_hal_uart.o
 .debug_rnglists
                0x00000e20       0x60 ./Drivers/STM32L4xx_HAL_Driver/Src/stm32l4xx_hal_uart_ex.o

.debug_macro    0x00000000    0x27802
 .debug_macro   0x00000000      0x1fc ./Core/Src/GPIO_Hal.o
 .debug_macro   0x000001fc      0xc22 ./Core/Src/GPIO_Hal.o
 .debug_macro   0x00000e1e      0x1a7 ./Core/Src/GPIO_Hal.o
 .debug_macro   0x00000fc5       0x2e ./Core/Src/GPIO_Hal.o
 .debug_macro   0x00000ff3       0x28 ./Core/Src/GPIO_Hal.o
 .debug_macro   0x0000101b       0x1c ./Core/Src/GPIO_Hal.o
 .debug_macro   0x00001037       0x22 ./Core/Src/GPIO_Hal.o
 .debug_macro   0x00001059       0x8e ./Core/Src/GPIO_Hal.o
 .debug_macro   0x000010e7       0x51 ./Core/Src/GPIO_Hal.o
 .debug_macro   0x00001138      0x103 ./Core/Src/GPIO_Hal.o
 .debug_macro   0x0000123b       0x6a ./Core/Src/GPIO_Hal.o
 .debug_macro   0x000012a5      0x1df ./Core/Src/GPIO_Hal.o
 .debug_macro   0x00001484       0x1c ./Core/Src/GPIO_Hal.o
 .debug_macro   0x000014a0       0x22 ./Core/Src/GPIO_Hal.o
 .debug_macro   0x000014c2       0xfb ./Core/Src/GPIO_Hal.o
 .debug_macro   0x000015bd     0x1011 ./Core/Src/GPIO_Hal.o
 .debug_macro   0x000025ce      0x11f ./Core/Src/GPIO_Hal.o
 .debug_macro   0x000026ed    0x1a17a ./Core/Src/GPIO_Hal.o
 .debug_macro   0x0001c867       0x6d ./Core/Src/GPIO_Hal.o
 .debug_macro   0x0001c8d4     0x38fb ./Core/Src/GPIO_Hal.o
 .debug_macro   0x000201cf      0x197 ./Core/Src/GPIO_Hal.o
 .debug_macro   0x00020366       0x5c ./Core/Src/GPIO_Hal.o
 .debug_macro   0x000203c2     0x159e ./Core/Src/GPIO_Hal.o
 .debug_macro   0x00021960      0x5a5 ./Core/Src/GPIO_Hal.o
 .debug_macro   0x00021f05      0x1b9 ./Core/Src/GPIO_Hal.o
 .debug_macro   0x000220be      0x18b ./Core/Src/GPIO_Hal.o
 .debug_macro   0x00022249      0x26b ./Core/Src/GPIO_Hal.o
 .debug_macro   0x000224b4      0x23d ./Core/Src/GPIO_Hal.o
 .debug_macro   0x000226f1      0x241 ./Core/Src/GPIO_Hal.o
 .debug_macro   0x00022932      0x37c ./Core/Src/GPIO_Hal.o
 .debug_macro   0x00022cae       0xd6 ./Core/Src/GPIO_Hal.o
 .debug_macro   0x00022d84      0x122 ./Core/Src/GPIO_Hal.o
 .debug_macro   0x00022ea6      0x3ef ./Core/Src/GPIO_Hal.o
 .debug_macro   0x00023295      0xa98 ./Core/Src/GPIO_Hal.o
 .debug_macro   0x00023d2d      0x1e6 ./Core/Src/GPIO_Hal.o
 .debug_macro   0x00023f13      0x5d6 ./Core/Src/GPIO_Hal.o
 .debug_macro   0x000244e9       0x44 ./Core/Src/GPIO_Hal.o
 .debug_macro   0x0002452d      0x330 ./Core/Src/GPIO_Hal.o
 .debug_macro   0x0002485d       0x10 ./Core/Src/GPIO_Hal.o
 .debug_macro   0x0002486d      0x2dd ./Core/Src/UART_Hal.o
 .debug_macro   0x00024b4a       0x61 ./Core/Src/UART_Hal.o
 .debug_macro   0x00024bab       0x2a ./Core/Src/UART_Hal.o
 .debug_macro   0x00024bd5       0x43 ./Core/Src/UART_Hal.o
 .debug_macro   0x00024c18       0x34 ./Core/Src/UART_Hal.o
 .debug_macro   0x00024c4c      0x38c ./Core/Src/UART_Hal.o
 .debug_macro   0x00024fd8       0x16 ./Core/Src/UART_Hal.o
 .debug_macro   0x00024fee       0x4a ./Core/Src/UART_Hal.o
 .debug_macro   0x00025038       0x34 ./Core/Src/UART_Hal.o
 .debug_macro   0x0002506c       0x10 ./Core/Src/UART_Hal.o
 .debug_macro   0x0002507c       0x58 ./Core/Src/UART_Hal.o
 .debug_macro   0x000250d4       0x8e ./Core/Src/UART_Hal.o
 .debug_macro   0x00025162       0x16 ./Core/Src/UART_Hal.o
 .debug_macro   0x00025178      0x185 ./Core/Src/UART_Hal.o
 .debug_macro   0x000252fd       0x10 ./Core/Src/UART_Hal.o
 .debug_macro   0x0002530d       0x3c ./Core/Src/UART_Hal.o
 .debug_macro   0x00025349       0x20 ./Core/Src/UART_Hal.o
 .debug_macro   0x00025369       0x16 ./Core/Src/UART_Hal.o
 .debug_macro   0x0002537f      0x1d9 ./Core/Src/gpio.o
 .debug_macro   0x00025558      0x318 ./Core/Src/main.o
 .debug_macro   0x00025870       0x10 ./Core/Src/main.o
 .debug_macro   0x00025880      0x1cf ./Core/Src/stm32l4xx_hal_msp.o
 .debug_macro   0x00025a4f      0x1d9 ./Core/Src/stm32l4xx_it.o
 .debug_macro   0x00025c28      0x1c0 ./Core/Src/system_stm32l4xx.o
 .debug_macro   0x00025de8      0x1d9 ./Core/Src/tim.o
 .debug_macro   0x00025fc1      0x1f5 ./Core/Src/tim_Hal.o
 .debug_macro   0x000261b6       0x16 ./Core/Src/tim_Hal.o
 .debug_macro   0x000261cc      0x1d9 ./Core/Src/usart.o
 .debug_macro   0x000263a5      0x20e ./Drivers/STM32L4xx_HAL_Driver/Src/stm32l4xx_hal.o
 .debug_macro   0x000265b3      0x1c0 ./Drivers/STM32L4xx_HAL_Driver/Src/stm32l4xx_hal_cortex.o
 .debug_macro   0x00026773      0x1c0 ./Drivers/STM32L4xx_HAL_Driver/Src/stm32l4xx_hal_dma.o
 .debug_macro   0x00026933      0x1c7 ./Drivers/STM32L4xx_HAL_Driver/Src/stm32l4xx_hal_gpio.o
 .debug_macro   0x00026afa      0x1e4 ./Drivers/STM32L4xx_HAL_Driver/Src/stm32l4xx_hal_pwr_ex.o
 .debug_macro   0x00026cde      0x202 ./Drivers/STM32L4xx_HAL_Driver/Src/stm32l4xx_hal_rcc.o
 .debug_macro   0x00026ee0      0x1f6 ./Drivers/STM32L4xx_HAL_Driver/Src/stm32l4xx_hal_rcc_ex.o
 .debug_macro   0x000270d6      0x1c1 ./Drivers/STM32L4xx_HAL_Driver/Src/stm32l4xx_hal_tim.o
 .debug_macro   0x00027297      0x1c0 ./Drivers/STM32L4xx_HAL_Driver/Src/stm32l4xx_hal_tim_ex.o
 .debug_macro   0x00027457      0x1eb ./Drivers/STM32L4xx_HAL_Driver/Src/stm32l4xx_hal_uart.o
 .debug_macro   0x00027642      0x1c0 ./Drivers/STM32L4xx_HAL_Driver/Src/stm32l4xx_hal_uart_ex.o

.debug_line     0x00000000    0x15cd9
 .debug_line    0x00000000      0xbc2 ./Core/Src/GPIO_Hal.o
 .debug_line    0x00000bc2      0xe46 ./Core/Src/UART_Hal.o
 .debug_line    0x00001a08      0x762 ./Core/Src/gpio.o
 .debug_line    0x0000216a      0xa5c ./Core/Src/main.o
 .debug_line    0x00002bc6      0x747 ./Core/Src/stm32l4xx_hal_msp.o
 .debug_line    0x0000330d      0x886 ./Core/Src/stm32l4xx_it.o
 .debug_line    0x00003b93      0x7e5 ./Core/Src/system_stm32l4xx.o
 .debug_line    0x00004378      0x83e ./Core/Src/tim.o
 .debug_line    0x00004bb6      0xa71 ./Core/Src/tim_Hal.o
 .debug_line    0x00005627      0x8b1 ./Core/Src/usart.o
 .debug_line    0x00005ed8       0x7a ./Core/Startup/startup_stm32l476rgtx.o
 .debug_line    0x00005f52      0xb4d ./Drivers/STM32L4xx_HAL_Driver/Src/stm32l4xx_hal.o
 .debug_line    0x00006a9f      0xce8 ./Drivers/STM32L4xx_HAL_Driver/Src/stm32l4xx_hal_cortex.o
 .debug_line    0x00007787      0xd27 ./Drivers/STM32L4xx_HAL_Driver/Src/stm32l4xx_hal_dma.o
 .debug_line    0x000084ae      0xba1 ./Drivers/STM32L4xx_HAL_Driver/Src/stm32l4xx_hal_gpio.o
 .debug_line    0x0000904f      0xd2f ./Drivers/STM32L4xx_HAL_Driver/Src/stm32l4xx_hal_pwr_ex.o
 .debug_line    0x00009d7e     0x10a2 ./Drivers/STM32L4xx_HAL_Driver/Src/stm32l4xx_hal_rcc.o
 .debug_line    0x0000ae20     0x156f ./Drivers/STM32L4xx_HAL_Driver/Src/stm32l4xx_hal_rcc_ex.o
 .debug_line    0x0000c38f     0x41d2 ./Drivers/STM32L4xx_HAL_Driver/Src/stm32l4xx_hal_tim.o
 .debug_line    0x00010561     0x1bab ./Drivers/STM32L4xx_HAL_Driver/Src/stm32l4xx_hal_tim_ex.o
 .debug_line    0x0001210c     0x2fdc ./Drivers/STM32L4xx_HAL_Driver/Src/stm32l4xx_hal_uart.o
 .debug_line    0x000150e8      0xbf1 ./Drivers/STM32L4xx_HAL_Driver/Src/stm32l4xx_hal_uart_ex.o

.debug_str      0x00000000    0xf4465
 .debug_str     0x00000000    0xf4465 ./Core/Src/GPIO_Hal.o
                              0xeb35d (size before relaxing)
 .debug_str     0x000f4465    0xeec0e ./Core/Src/UART_Hal.o
 .debug_str     0x000f4465    0xeab8f ./Core/Src/gpio.o
 .debug_str     0x000f4465    0xef2d5 ./Core/Src/main.o
 .debug_str     0x000f4465    0xea5ac ./Core/Src/stm32l4xx_hal_msp.o
 .debug_str     0x000f4465    0xeb0c9 ./Core/Src/stm32l4xx_it.o
 .debug_str     0x000f4465    0xea63a ./Core/Src/system_stm32l4xx.o
 .debug_str     0x000f4465    0xeb40a ./Core/Src/tim.o
 .debug_str     0x000f4465    0xeba63 ./Core/Src/tim_Hal.o
 .debug_str     0x000f4465    0xeb3fa ./Core/Src/usart.o
 .debug_str     0x000f4465       0x81 ./Core/Startup/startup_stm32l476rgtx.o
 .debug_str     0x000f4465    0xeb1cd ./Drivers/STM32L4xx_HAL_Driver/Src/stm32l4xx_hal.o
 .debug_str     0x000f4465    0xeaeb3 ./Drivers/STM32L4xx_HAL_Driver/Src/stm32l4xx_hal_cortex.o
 .debug_str     0x000f4465    0xea8a4 ./Drivers/STM32L4xx_HAL_Driver/Src/stm32l4xx_hal_dma.o
 .debug_str     0x000f4465    0xea7b3 ./Drivers/STM32L4xx_HAL_Driver/Src/stm32l4xx_hal_gpio.o
 .debug_str     0x000f4465    0xeab95 ./Drivers/STM32L4xx_HAL_Driver/Src/stm32l4xx_hal_pwr_ex.o
 .debug_str     0x000f4465    0xeac80 ./Drivers/STM32L4xx_HAL_Driver/Src/stm32l4xx_hal_rcc.o
 .debug_str     0x000f4465    0xeadf9 ./Drivers/STM32L4xx_HAL_Driver/Src/stm32l4xx_hal_rcc_ex.o
 .debug_str     0x000f4465    0xec011 ./Drivers/STM32L4xx_HAL_Driver/Src/stm32l4xx_hal_tim.o
 .debug_str     0x000f4465    0xeb4f9 ./Drivers/STM32L4xx_HAL_Driver/Src/stm32l4xx_hal_tim_ex.o
 .debug_str     0x000f4465    0xeb6a4 ./Drivers/STM32L4xx_HAL_Driver/Src/stm32l4xx_hal_uart.o
 .debug_str     0x000f4465    0xeacb2 ./Drivers/STM32L4xx_HAL_Driver/Src/stm32l4xx_hal_uart_ex.o

.comment        0x00000000       0x43
 .comment       0x00000000       0x43 ./Core/Src/GPIO_Hal.o
                                 0x44 (size before relaxing)
 .comment       0x00000043       0x44 ./Core/Src/UART_Hal.o
 .comment       0x00000043       0x44 ./Core/Src/gpio.o
 .comment       0x00000043       0x44 ./Core/Src/main.o
 .comment       0x00000043       0x44 ./Core/Src/stm32l4xx_hal_msp.o
 .comment       0x00000043       0x44 ./Core/Src/stm32l4xx_it.o
 .comment       0x00000043       0x44 ./Core/Src/system_stm32l4xx.o
 .comment       0x00000043       0x44 ./Core/Src/tim.o
 .comment       0x00000043       0x44 ./Core/Src/tim_Hal.o
 .comment       0x00000043       0x44 ./Core/Src/usart.o
 .comment       0x00000043       0x44 ./Drivers/STM32L4xx_HAL_Driver/Src/stm32l4xx_hal.o
 .comment       0x00000043       0x44 ./Drivers/STM32L4xx_HAL_Driver/Src/stm32l4xx_hal_cortex.o
 .comment       0x00000043       0x44 ./Drivers/STM32L4xx_HAL_Driver/Src/stm32l4xx_hal_dma.o
 .comment       0x00000043       0x44 ./Drivers/STM32L4xx_HAL_Driver/Src/stm32l4xx_hal_gpio.o
 .comment       0x00000043       0x44 ./Drivers/STM32L4xx_HAL_Driver/Src/stm32l4xx_hal_pwr_ex.o
 .comment       0x00000043       0x44 ./Drivers/STM32L4xx_HAL_Driver/Src/stm32l4xx_hal_rcc.o
 .comment       0x00000043       0x44 ./Drivers/STM32L4xx_HAL_Driver/Src/stm32l4xx_hal_rcc_ex.o
 .comment       0x00000043       0x44 ./Drivers/STM32L4xx_HAL_Driver/Src/stm32l4xx_hal_tim.o
 .comment       0x00000043       0x44 ./Drivers/STM32L4xx_HAL_Driver/Src/stm32l4xx_hal_tim_ex.o
 .comment       0x00000043       0x44 ./Drivers/STM32L4xx_HAL_Driver/Src/stm32l4xx_hal_uart.o
 .comment       0x00000043       0x44 ./Drivers/STM32L4xx_HAL_Driver/Src/stm32l4xx_hal_uart_ex.o

.debug_frame    0x00000000     0x5140
 .debug_frame   0x00000000      0x49c ./Core/Src/GPIO_Hal.o
 .debug_frame   0x0000049c      0x418 ./Core/Src/UART_Hal.o
 .debug_frame   0x000008b4       0x34 ./Core/Src/gpio.o
 .debug_frame   0x000008e8       0x90 ./Core/Src/main.o
 .debug_frame   0x00000978       0x38 ./Core/Src/stm32l4xx_hal_msp.o
 .debug_frame   0x000009b0      0x1ac ./Core/Src/stm32l4xx_it.o
 .debug_frame   0x00000b5c       0x58 ./Core/Src/system_stm32l4xx.o
 .debug_frame   0x00000bb4       0xa0 ./Core/Src/tim.o
 .debug_frame   0x00000c54      0x320 ./Core/Src/tim_Hal.o
 .debug_frame   0x00000f74       0x94 ./Core/Src/usart.o
 .debug_frame   0x00001008      0x498 ./Drivers/STM32L4xx_HAL_Driver/Src/stm32l4xx_hal.o
 .debug_frame   0x000014a0      0x4e8 ./Drivers/STM32L4xx_HAL_Driver/Src/stm32l4xx_hal_cortex.o
 .debug_frame   0x00001988      0x204 ./Drivers/STM32L4xx_HAL_Driver/Src/stm32l4xx_hal_dma.o
 .debug_frame   0x00001b8c      0x14c ./Drivers/STM32L4xx_HAL_Driver/Src/stm32l4xx_hal_gpio.o
 .debug_frame   0x00001cd8      0x584 ./Drivers/STM32L4xx_HAL_Driver/Src/stm32l4xx_hal_pwr_ex.o
 .debug_frame   0x0000225c      0x21c ./Drivers/STM32L4xx_HAL_Driver/Src/stm32l4xx_hal_rcc.o
 .debug_frame   0x00002478      0x2fc ./Drivers/STM32L4xx_HAL_Driver/Src/stm32l4xx_hal_rcc_ex.o
 .debug_frame   0x00002774     0x1294 ./Drivers/STM32L4xx_HAL_Driver/Src/stm32l4xx_hal_tim.o
 .debug_frame   0x00003a08      0x6b0 ./Drivers/STM32L4xx_HAL_Driver/Src/stm32l4xx_hal_tim_ex.o
 .debug_frame   0x000040b8      0xabc ./Drivers/STM32L4xx_HAL_Driver/Src/stm32l4xx_hal_uart.o
 .debug_frame   0x00004b74      0x204 ./Drivers/STM32L4xx_HAL_Driver/Src/stm32l4xx_hal_uart_ex.o
 .debug_frame   0x00004d78       0x20 C:/ST/STM32CubeIDE_1.17.0/STM32CubeIDE/plugins/com.st.stm32cube.ide.mcu.externaltools.gnu-tools-for-stm32.13.3.rel1.win32_1.0.0.202411081344/tools/bin/../lib/gcc/arm-none-eabi/13.3.1/../../../../arm-none-eabi/lib/thumb/v7e-m+fp/hard\libstdc++_nano.a(del_ops.o)
 .debug_frame   0x00004d98       0x20 C:/ST/STM32CubeIDE_1.17.0/STM32CubeIDE/plugins/com.st.stm32cube.ide.mcu.externaltools.gnu-tools-for-stm32.13.3.rel1.win32_1.0.0.202411081344/tools/bin/../lib/gcc/arm-none-eabi/13.3.1/../../../../arm-none-eabi/lib/thumb/v7e-m+fp/hard\libstdc++_nano.a(del_op.o)
 .debug_frame   0x00004db8       0x30 C:/ST/STM32CubeIDE_1.17.0/STM32CubeIDE/plugins/com.st.stm32cube.ide.mcu.externaltools.gnu-tools-for-stm32.13.3.rel1.win32_1.0.0.202411081344/tools/bin/../lib/gcc/arm-none-eabi/13.3.1/../../../../arm-none-eabi/lib/thumb/v7e-m+fp/hard\libc_nano.a(libc_a-malloc.o)
 .debug_frame   0x00004de8       0x50 C:/ST/STM32CubeIDE_1.17.0/STM32CubeIDE/plugins/com.st.stm32cube.ide.mcu.externaltools.gnu-tools-for-stm32.13.3.rel1.win32_1.0.0.202411081344/tools/bin/../lib/gcc/arm-none-eabi/13.3.1/../../../../arm-none-eabi/lib/thumb/v7e-m+fp/hard\libc_nano.a(libc_a-mallocr.o)
 .debug_frame   0x00004e38       0x30 C:/ST/STM32CubeIDE_1.17.0/STM32CubeIDE/plugins/com.st.stm32cube.ide.mcu.externaltools.gnu-tools-for-stm32.13.3.rel1.win32_1.0.0.202411081344/tools/bin/../lib/gcc/arm-none-eabi/13.3.1/../../../../arm-none-eabi/lib/thumb/v7e-m+fp/hard\libc_nano.a(libc_a-mlock.o)
 .debug_frame   0x00004e68      0x144 C:/ST/STM32CubeIDE_1.17.0/STM32CubeIDE/plugins/com.st.stm32cube.ide.mcu.externaltools.gnu-tools-for-stm32.13.3.rel1.win32_1.0.0.202411081344/tools/bin/../lib/gcc/arm-none-eabi/13.3.1/../../../../arm-none-eabi/lib/thumb/v7e-m+fp/hard\libc_nano.a(libc_a-findfp.o)
 .debug_frame   0x00004fac       0x20 C:/ST/STM32CubeIDE_1.17.0/STM32CubeIDE/plugins/com.st.stm32cube.ide.mcu.externaltools.gnu-tools-for-stm32.13.3.rel1.win32_1.0.0.202411081344/tools/bin/../lib/gcc/arm-none-eabi/13.3.1/../../../../arm-none-eabi/lib/thumb/v7e-m+fp/hard\libc_nano.a(libc_a-memset.o)
 .debug_frame   0x00004fcc       0x2c C:/ST/STM32CubeIDE_1.17.0/STM32CubeIDE/plugins/com.st.stm32cube.ide.mcu.externaltools.gnu-tools-for-stm32.13.3.rel1.win32_1.0.0.202411081344/tools/bin/../lib/gcc/arm-none-eabi/13.3.1/../../../../arm-none-eabi/lib/thumb/v7e-m+fp/hard\libc_nano.a(libc_a-init.o)
 .debug_frame   0x00004ff8       0xb0 C:/ST/STM32CubeIDE_1.17.0/STM32CubeIDE/plugins/com.st.stm32cube.ide.mcu.externaltools.gnu-tools-for-stm32.13.3.rel1.win32_1.0.0.202411081344/tools/bin/../lib/gcc/arm-none-eabi/13.3.1/../../../../arm-none-eabi/lib/thumb/v7e-m+fp/hard\libc_nano.a(libc_a-lock.o)
 .debug_frame   0x000050a8       0x38 C:/ST/STM32CubeIDE_1.17.0/STM32CubeIDE/plugins/com.st.stm32cube.ide.mcu.externaltools.gnu-tools-for-stm32.13.3.rel1.win32_1.0.0.202411081344/tools/bin/../lib/gcc/arm-none-eabi/13.3.1/../../../../arm-none-eabi/lib/thumb/v7e-m+fp/hard\libc_nano.a(libc_a-freer.o)
 .debug_frame   0x000050e0       0x2c C:/ST/STM32CubeIDE_1.17.0/STM32CubeIDE/plugins/com.st.stm32cube.ide.mcu.externaltools.gnu-tools-for-stm32.13.3.rel1.win32_1.0.0.202411081344/tools/bin/../lib/gcc/arm-none-eabi/13.3.1/thumb/v7e-m+fp/hard\libgcc.a(_aeabi_uldivmod.o)
 .debug_frame   0x0000510c       0x34 C:/ST/STM32CubeIDE_1.17.0/STM32CubeIDE/plugins/com.st.stm32cube.ide.mcu.externaltools.gnu-tools-for-stm32.13.3.rel1.win32_1.0.0.202411081344/tools/bin/../lib/gcc/arm-none-eabi/13.3.1/thumb/v7e-m+fp/hard\libgcc.a(_udivmoddi4.o)

.debug_line_str
                0x00000000       0x65
 .debug_line_str
                0x00000000       0x65 ./Core/Startup/startup_stm32l476rgtx.o